--------- beginning of main
I/InputReader( 1541): Reconfiguring input devices.  changes=0x00000010
I/UpdateIcingCorporaServi( 2077): Updating corpora: APPS=com.google.android.gms, CONTACTS=MAYBE
W/Launcher( 1869): setApplicationContext called twice! old=com.google.android.velvet.VelvetApplication@3fa5f728 new=com.google.android.velvet.VelvetApplication@3fa5f728
I/Icing   ( 2309): updateResources: need to parse vnt{com.google.android.gms}
I/Icing   ( 2309): IndexChimeraService.getServiceInterface callingPackage=com.google.android.googlequicksearchbox componentName=null serviceId=21
--------- beginning of system
D/BackupManagerService( 1541): Received broadcast Intent { act=android.intent.action.PACKAGE_CHANGED dat=package:com.google.android.gms flg=0x4000010 (has extras) }
I/BackupManagerService( 1541): Unbinding ComponentInfo{com.google.android.gms/com.google.android.gms.backup.BackupTransportService}
I/BackupManagerService( 1541): Binding to transport host ComponentInfo{com.google.android.gms/com.google.android.gms.backup.BackupTransportService}
W/ConfigurationChimeraPro( 2058): Got null configs for com.google.android.gms.backup -- metadata{ service_id: 51 }
I/Icing   ( 2309): IndexChimeraService.getServiceInterface callingPackage=com.google.android.gms componentName=AppsCorpus serviceId=36
I/Icing   ( 2309): IndexChimeraService.getServiceInterface callingPackage=com.google.android.gms componentName=AppsCorpus serviceId=32
V/BackupManagerService( 1541): Connected to transport ComponentInfo{com.google.android.gms/com.google.android.gms.backup.BackupTransportService}
V/BackupManagerService( 1541): Registering transport com.google.android.gms/.backup.BackupTransportService::com.google.android.gms/.backup.BackupTransportService = com.android.internal.backup.IBackupTransport$Stub$Proxy@3e14ca75
I/GCoreNlp( 2058): shouldConfirmNlp, NLP off. Ensuring opt-in disabled
D/Backup  ( 2058): [BackupScheduler] Setting backup scheduler enabled=true due to desired state 1
V/Backup  ( 2058): [BackupTransportCS] no backup now: [OperationScheduler: enabledState=true moratoriumSet=2018-04-23/18:14:51 moratorium=1969-12-31/18:00:00]
V/Backup  ( 2058): [BackupTransportCS] accounts changed
I/Backup  ( 2058): [GmsBackupAccountManager] Backup account not found in gmscore.
D/Backup  ( 2058): [BackupScheduler] Setting backup scheduler enabled=true due to desired state 1
V/Backup  ( 2058): [BackupTransportCS] no backup now: [OperationScheduler: enabledState=true moratoriumSet=2018-04-23/18:15:04 moratorium=1969-12-31/18:00:00]
I/GeofencerStateMachine( 2058): sendQueryLocationOptIn
I/Icing   ( 2309): Usage reports ok 0, Failed Usage reports 0, indexed 0, rejected 0, imm upload true
I/Backup  ( 2058): [BackupAccountNotifier] Showing notification.
I/Icing   ( 2309): Usage reports ok 0, Failed Usage reports 0, indexed 0, rejected 0, imm upload false
I/Icing   ( 2309): Usage reports ok 0, Failed Usage reports 0, indexed 0, rejected 0, imm upload false
I/ApplicationLogger( 2077): canRun() : Opted Out
I/UpdateIcingCorporaServi( 2077): UpdateCorporaTask done [took 115 ms] updated apps [took 115 ms] 
I/Icing   ( 2309): Indexing 19B0FBDD28ED80FB8E0513EE9AC5749B3FE13F6B from com.google.android.gms
I/Icing   ( 2309): Indexing done 19B0FBDD28ED80FB8E0513EE9AC5749B3FE13F6B
V/AlarmClock( 2485): AlarmInitReceiver android.intent.action.TIME_SET
V/AlarmClock( 2485): AlarmInitReceiver finished
D/AlarmManagerService( 1541): Kernel timezone updated to 300 minutes west of GMT
D/AlarmManagerService( 1541): Setting time of day to sec=1524525307
I/ActivityManager( 1541): Waited long enough for: ServiceRecord{184b3378 u0 com.android.music/.MediaPlaybackService}
I/ActivityManager( 1541): Waited long enough for: ServiceRecord{196fab5e u0 com.google.android.calendar/com.android.calendar.alerts.InitAlarmsService}
I/CheckinCompat( 2309): Done disabling old GoogleServicesFramework version
I/ActivityManager( 1541): Killing 2026:com.android.externalstorage/u0a6 (adj 15): empty #17
D/AndroidRuntime( 3472): >>>>>> START com.android.internal.os.RuntimeInit uid 0 <<<<<<
D/AndroidRuntime( 3472): CheckJNI is ON
E/memtrack( 3472): Couldn't load memtrack module (No such file or directory)
E/android.os.Debug( 3472): failed to load memtrack module: -2
D/AndroidRuntime( 3472): Calling main entry com.android.commands.pm.Pm
I/ActivityManager( 1541): Start proc 3484:com.android.defcontainer/u0a3 for service com.android.defcontainer/.DefaultContainerService
I/art     ( 1541): Explicit concurrent mark sweep GC freed 31531(1839KB) AllocSpace objects, 8(205KB) LOS objects, 31% free, 8MB/12MB, paused 260us total 15.739ms
D/DefContainer( 3484): Copying /data/local/tmp/base-align.apk to base.apk
D/PackageManager( 1541): Renaming /data/app/vmdl1901360375.tmp to /data/app/com.kolesnik.pregnancy-2
I/ActivityManager( 1541): Force stopping com.kolesnik.pregnancy appid=10059 user=-1: uninstall pkg
I/PackageManager( 1541): Package com.kolesnik.pregnancy codePath changed from /data/app/com.kolesnik.pregnancy-1 to /data/app/com.kolesnik.pregnancy-2; Retaining data and using new
I/PackageManager( 1541): Running dexopt on: /data/app/com.kolesnik.pregnancy-2/base.apk pkg=com.kolesnik.pregnancy isa=x86_64 vmSafeMode=false
E/cutils-trace( 3503): Error opening trace file: Permission denied (13)
I/dex2oat ( 3503): /system/bin/dex2oat --zip-fd=5 --zip-location=/data/app/com.kolesnik.pregnancy-2/base.apk --oat-fd=6 --oat-location=/data/dalvik-cache/x86_64/data@app@com.kolesnik.pregnancy-2@base.apk@classes.dex --instruction-set=x86_64 --instruction-set-features=default --runtime-arg -Xms64m --runtime-arg -Xmx512m --swap-fd=12
I/dex2oat ( 3503): Decided to run without swap.
W/dex2oat ( 3503): Before Android 4.1, method int android.support.v7.internal.widget.ListViewCompat.lookForSelectablePosition(int, boolean) would have incorrectly overridden the package-private method in android.widget.ListView
I/dex2oat ( 3503): dex2oat took 1.291s (threads: 4) arena alloc=1166KB java alloc=10MB native alloc=19MB free=8MB
W/PackageManager( 1541): Code path for pkg : com.kolesnik.pregnancy changing from /data/app/com.kolesnik.pregnancy-1 to /data/app/com.kolesnik.pregnancy-2
W/PackageManager( 1541): Resource path for pkg : com.kolesnik.pregnancy changing from /data/app/com.kolesnik.pregnancy-1 to /data/app/com.kolesnik.pregnancy-2
I/ActivityManager( 1541): Force stopping com.kolesnik.pregnancy appid=10059 user=-1: update pkg
I/ActivityManager( 1541): Force stopping com.kolesnik.pregnancy appid=10059 user=0: pkg removed
D/JobSchedulerService( 1541): Receieved: android.intent.action.PACKAGE_REMOVED
D/BackupManagerService( 1541): Received broadcast Intent { act=android.intent.action.PACKAGE_REMOVED dat=package:com.kolesnik.pregnancy flg=0x4000010 (has extras) }
I/InputReader( 1541): Reconfiguring input devices.  changes=0x00000010
I/InputReader( 1541): Reconfiguring input devices.  changes=0x00000010
I/InputReader( 1541): Reconfiguring input devices.  changes=0x00000010
W/Settings( 1541): Setting install_non_market_apps has moved from android.provider.Settings.Global to android.provider.Settings.Secure, returning read-only value.
D/BackupManagerService( 1541): Received broadcast Intent { act=android.intent.action.PACKAGE_ADDED dat=package:com.kolesnik.pregnancy flg=0x4000010 (has extras) }
I/art     ( 1869): Explicit concurrent mark sweep GC freed 24229(1013KB) AllocSpace objects, 1(36KB) LOS objects, 36% free, 6MB/10MB, paused 962us total 36.898ms
W/BackupManagerService( 1541): Removing schedule queue dupe of com.kolesnik.pregnancy
I/art     ( 2077): Explicit concurrent mark sweep GC freed 29001(1681KB) AllocSpace objects, 11(265KB) LOS objects, 39% free, 4MB/8MB, paused 2.577ms total 52.480ms
I/art     ( 2309): Explicit concurrent mark sweep GC freed 53991(2MB) AllocSpace objects, 20(320KB) LOS objects, 27% free, 10MB/14MB, paused 614us total 159.612ms
I/art     ( 1541): Explicit concurrent mark sweep GC freed 74121(3MB) AllocSpace objects, 12(1056KB) LOS objects, 30% free, 8MB/12MB, paused 785us total 135.769ms
E/NetworkScheduler( 2058): Unrecognised action provided: android.intent.action.PACKAGE_REMOVED
I/art     ( 3472): System.exit called, status: 0
I/AndroidRuntime( 3472): VM exiting with result code 0.
W/Launcher( 1869): setApplicationContext called twice! old=com.google.android.velvet.VelvetApplication@3fa5f728 new=com.google.android.velvet.VelvetApplication@3fa5f728
W/ContextImpl( 2556): Calling a method in the system process without a qualified user: android.app.ContextImpl.startService:1692 android.content.ContextWrapper.startService:516 android.content.ContextWrapper.startService:516 com.android.keychain.KeyChainBroadcastReceiver.onReceive:12 android.app.ActivityThread.handleReceiver:2609 
I/UpdateIcingCorporaServi( 2077): Updating corpora: APPS=com.kolesnik.pregnancy, CONTACTS=MAYBE
I/ActivityManager( 1541): Start proc 3531:com.svox.pico/u0a41 for broadcast com.svox.pico/.VoiceDataInstallerReceiver
W/ConfigurationChimeraPro( 2058): Got null configs for com.google.android.gms.appinvite -- metadata{ service_id: 51 }
W/ConfigurationChimeraPro( 2058): Got null configs for com.google.android.gms.chromesync -- metadata{ service_id: 51 }
I/ChromeSync( 2309): [Sync,SyncIntentOperation] Handling the intent: Intent { act=android.intent.action.PACKAGE_ADDED dat=package:com.kolesnik.pregnancy flg=0x4000010 cmp=com.google.android.gms/.chimera.GmsIntentOperationService (has extras) }.
I/Icing   ( 2309): IndexChimeraService.getServiceInterface callingPackage=com.google.android.googlequicksearchbox componentName=null serviceId=21
I/Icing   ( 2309): Usage reports ok 0, Failed Usage reports 0, indexed 0, rejected 0, imm upload true
I/ApplicationLogger( 2077): canRun() : Opted Out
I/UpdateIcingCorporaServi( 2077): UpdateCorporaTask done [took 38 ms] updated apps [took 38 ms] 
I/ActivityManager( 1541): Killing 1896:com.android.printspooler/u0a44 (adj 15): empty #17
E/NetworkScheduler( 2058): Unrecognised action provided: android.intent.action.PACKAGE_REPLACED
W/Launcher( 1869): setApplicationContext called twice! old=com.google.android.velvet.VelvetApplication@3fa5f728 new=com.google.android.velvet.VelvetApplication@3fa5f728
I/Icing   ( 2309): IndexChimeraService.getServiceInterface callingPackage=com.google.android.gms componentName=AppsCorpus serviceId=36
I/Icing   ( 2309): IndexChimeraService.getServiceInterface callingPackage=com.google.android.gms componentName=AppsCorpus serviceId=32
I/Icing   ( 2309): Usage reports ok 0, Failed Usage reports 0, indexed 0, rejected 0, imm upload false
I/Icing   ( 2309): Usage reports ok 0, Failed Usage reports 0, indexed 0, rejected 0, imm upload false
I/Icing   ( 2309): IndexChimeraService.getServiceInterface callingPackage=com.google.android.gms componentName=AppsCorpus serviceId=36
I/Icing   ( 2309): IndexChimeraService.getServiceInterface callingPackage=com.google.android.gms componentName=AppsCorpus serviceId=32
I/Icing   ( 2309): Usage reports ok 0, Failed Usage reports 0, indexed 0, rejected 0, imm upload false
I/Icing   ( 2309): Usage reports ok 0, Failed Usage reports 0, indexed 0, rejected 0, imm upload false
I/PeopleContactsSync( 2309): triggerPendingContactsCleanup: no accounts
I/PeopleDatabaseHelper( 2309): cleanUpNonGplusAccounts done.
I/Icing   ( 2309): Indexing E93E9EE0E5C0F37D55273F38324237BD7921888E from com.google.android.googlequicksearchbox
I/Icing   ( 2309): Indexing done E93E9EE0E5C0F37D55273F38324237BD7921888E
I/Icing   ( 2309): Indexing 19B0FBDD28ED80FB8E0513EE9AC5749B3FE13F6B from com.google.android.gms
I/Icing   ( 2309): Indexing done 19B0FBDD28ED80FB8E0513EE9AC5749B3FE13F6B
I/Icing   ( 2309): Indexing 19B0FBDD28ED80FB8E0513EE9AC5749B3FE13F6B from com.google.android.gms
I/Icing   ( 2309): Indexing done 19B0FBDD28ED80FB8E0513EE9AC5749B3FE13F6B
I/art     ( 2598): Rejecting re-init on previously-failed class java.lang.Class<com.google.ccc.abuse.droidguard.DroidGuard>
D/AndroidRuntime( 3560): >>>>>> START com.android.internal.os.RuntimeInit uid 0 <<<<<<
D/AndroidRuntime( 3560): CheckJNI is ON
E/memtrack( 3560): Couldn't load memtrack module (No such file or directory)
E/android.os.Debug( 3560): failed to load memtrack module: -2
D/AndroidRuntime( 3560): Calling main entry com.android.commands.am.Am
I/ActivityManager( 1541): START u0 {flg=0x10000000 cmp=com.kolesnik.pregnancy/.MainActivity} from uid 0 on display 0
V/WindowManager( 1541): addAppToken: AppWindowToken{e534be1 token=Token{1d952148 ActivityRecord{ae2dfeb u0 com.kolesnik.pregnancy/.MainActivity t54}}} to stack=1 task=54 at 0
D/AndroidRuntime( 3560): Shutting down VM
V/WindowManager( 1541): Adding window Window{13192f8d u0 Starting com.kolesnik.pregnancy} at 2 of 7 (after Window{2ac6ac25 u0 com.google.android.googlequicksearchbox/com.google.android.launcher.GEL})
I/ActivityManager( 1541): Start proc 3573:com.kolesnik.pregnancy/u0a59 for activity com.kolesnik.pregnancy/.MainActivity
V/ActivityManager( 1541): Display changed displayId=0
I/MicrophoneInputStream( 2077): mic_close gzi@6cc80cb
I/HotwordRecognitionRnr( 2077): Stopping hotword detection.
I/HotwordRecognitionRnr( 2077): Hotword detection finished
E/BufferQueueProducer( 1164): [com.google.android.googlequicksearchbox/com.google.android.launcher.GEL] cancelBuffer: slot 2 is not owned by the producer (state = 3)
I/ActivityManager( 1541): START u0 {cmp=com.kolesnik.pregnancy/.Main} from uid 10059 on display 0
V/WindowManager( 1541): addAppToken: AppWindowToken{2b804ec1 token=Token{5dae3a8 ActivityRecord{2f36afcb u0 com.kolesnik.pregnancy/.Main t54}}} to stack=1 task=54 at 1
V/WindowManager( 1541): Based on layer: Adding window Window{13192f8d u0 Starting com.kolesnik.pregnancy} at 2 of 7
D/ExternalFilename( 3573): sdcard
D/ExternalFilename( 3573): LOST.DIR
D/ExternalFilename( 3573): .android_secure
D/ExternalFilename( 3573): Android
D/ExternalFilename( 3573): cp1_malad.txt
D/ExternalFileContents ( 3573): MTUyNDAyNzQ0NDczNjtsb25naXR1ZGU6MzUuMDtsYXRpdHVkZTo0NS4wCjE1MjQwMjc0NDQ3MzY7SU1FSTowMDAwMDAwMDAwMDAwMDAKMTUyNDAyNzQ0NDczNjthZHZlcnRpc2luZ19pZDpjZmE3MGExMS01ZmZmLTQwZmUtYjI3Yy1lOGU0OTcxYTc0YjYK
D/ExternalFilename( 3573): I'mPregnant
D/ExternalFilename( 3573): SALAD.TXT
D/ExternalFileContents ( 3573): SEVMTE8gSSBBTSBBIFdPUkQgU0FMQUQuCg==
D/ExternalFilename( 3573): data
D/ExternalFilename( 3573): .nomedia
D/ExternalFilename( 3573): com.google.android.gms
D/ExternalFilename( 3573): com.google.android.apps.maps
D/ExternalFilename( 3573): com.android.browser
D/ExternalFilename( 3573): files
D/ExternalFilename( 3573): testdata
D/ExternalFilename( 3573): cache
D/ExternalFilename( 3573): files
D/LocationGuess( 3573): {"as":"AS38 University of Illinois","city":"Urbana","country":"United States","countryCode":"US","isp":"University of Illinois","lat":40.1095,"lon":-88.2123,"org":"University of Illinois","query":"130.126.255.31","region":"IL","regionName":"Illinois","status":"success","timezone":"America/Chicago","zip":"61801"}À€À€À€À€À€À€À€À€À€À€À€À€À€À€À€À€À€À€À€À€À€À€À€À€À€À€À€À€À€À€À€À€À€À€À€À€À€À€À€À€À€À€À€À€À€À€À€À€À€À€À€À€À€À€À€À€À€À€À€À€À€À€À€À€À€À€À€À€À€À€À€À€À€À€À€À€À€À€À€À€À€À€À€À€À€À€À€À€À€À€À€À€À€À€À€À€À€À€À€À€À€À€À€À€À€À€À€À€À€À€À€À€À€À€À€À€À€À€À€À€À€À€À€À€À€À€À€À€À€À€À€À€À€À€À€À€À€À€À€À€À€À€À€À€À€À€À€À€À€À€À€À€À€À€À€À€À€À€À€À€À€À€À€À€À€À€À€À€À€À€À€À€À€À€À€À€À€À€À€À€À€À€À€À€À€À€À€À€À€À€À€À€À€À€À€À€À€À€À€À€À€À€À€À€À€À€À€À€À€À€À€À€À€À€À€À€À€À€À€À€À€À€À€À€À€À€À€À€À€À€À€À€À€À€À€À€À€À€À€À€À€À€À€À€À€À€À€À€À€À€À€À€À€À€À€À€À€À€À€À€À€À€À€À€À€À€À€À€À€À€À€À€À€À€À€À€À€À€À€À€À€À€À€À€À€À€À€À€À€À€À€À€À€À€À€À€À€À€À€À€À€À€À€À€À€À€À€À€À€À€À€À€À€À€À€À€À€À€À€À€À€À€À€À€À€À€À€À€À€À€À€À€À€À€À€À€À€À€À€À€À€À€À€À€À€À€À€À€À€À€À€À€À€À€À€À€À€À€À€À€À€À€À€À€À€À€À€À€À€À€À€À€À€À€À€À€À€À€À€À€À€À€À€À€À€À€À€À€À€À€À€À€À€À€À€À€À€À€À€À€À€À€À€À€À€À€À€À€À€À€À€À€À€À€À€À€À€À€À€À€À€À€À€À€À€À€À€À€À€À€À€À€À€À€À€À€À€À€À€À€À€À€À€À€À€À€À€À€À€À€À€À€À€À€À€À€À€À€À€À€À€À€À€À€À€À€À€À€À€À€À€À€À€À€À€À€À€À€À€À€À€À€À€À€À€À€À€À€À€À€À€À€À€À€À€À€À€À€À€À€À€À€À€À€À€À€À€À€À€À€À€À€À€À€À€À€À€À€À€À€À€À€À€À€À€À€À€À€À€À€À€À€À€À€À€À€À€À€À€À€À€À€À€À€À€À€À€À€À€À€À€À€À€À€À€À€À€À€À€À€À€À€À€À€À€À€À€À€À€À€À€À€À€À€À€À€À€À€À€À€À€À€À€À€À€À€À€À€À€À€À€À€À€À€À€À€À€À€À€À€À€À€À€À€À€À€À€À€À€À€À€À€À€À€À€À€À€À€À€À€À€À€À€À€À€À€À€À€À€À€À€À€À€À€À€À€À€À€À€À€À€À€À€À€À€À€À€À€À€À€À€À€À€À€À€À€À€À€À€À€À€À€À€À€À€À€À€À€À€À€À€À€À€À€À€À€À€À€À€À€À€À€À€À€À€À€À€À€À€À€À€À€À€À€À€À€À€À€À€À€À€À€À€À€À€À€À€À€À€À€À€À€À€À€À€À€À€À€À€À€À€À€À€À€À€À€À€À€À€À€À€À€À€À€À€À€À€À€À€À€À€À€À€À€À€À€À€À€À€À€À€À€À€À€À€À€À€À€À€À€À€À€À€À€À€À€À€À€À€À€À€À€À€À€À€À€À€À€À€À€À€À€À€À€À€À€À€À€À€À€À€À€À€À€À€À€À€À€À€À€À€À€À€À€À€À€À€À€À€À€À€À€À€À€À€À€À€À€À€À€À€À€À€À€À€À€À€À€À€À€À€À€À€À€À€À€À€À€À€À€À€À€À€À€À€À€À€À€À€À€À€À€À€À€À€À€À€À€À€À€À€À€À€À€À€À€À€À€À€À€À€À€À€À€À€À€À€À€À€À€À€À€À€À€À€À€À€À€À€À€À€À€À€À€À€À€À€À€À€À€À€À€À€À€À€À€À€À€À€À€À€À€À€À€À€À€À€À€À€À€À€À€À€À€À€À€À€À€À€À€À€À€À€À€À€À€À€À€À€À€À€À€À€À€À€À€À€À€À€À€À€À€À€À€À€À€À€À€À€À€À€À€À€À€À€À€À€À€À€À€À€À€À€À€À€À€À€À€À€À€À€À€À€À€À€À€À€À€À€À€À€À€À€À€À€À€À€À€À€À€À€À€À€À€À€À€À€À€À€À€À€À€À€À€À€À€À€À€À€À€À€À€À€À€À€À€À€À€À€À€À€À€À€À€À€À€À€À€À€À€À€À€À€À€À€À€À€À€À€À€À€À€À€À€À€À€À€À€À€À€À€À€À€À€À€À€À€À€À€À€À€À€À€À€À€À€À€À€À€À€À€À€À€À€À€À€À€À€À€À€À€À€À€À€À€À€À€À€À€À€À€À€À€À€À€À€À€À€À€À€À€À€À€À€À€À€À€À€À€À€À€À€À€À€À€À€À€À€À€À€À€À€À€À€À€À€À€À€À€À€À€À€À€À€À€À€À€À€À€À€À€À€À€À€À€À€À€À€À€À€À€À€À€À€À€À€À€À€À€À€À€À€À€À€À€À€À€À€À€À€À€À€À€À€À€À€À€À€À€À€À€À€À€À€À€À€À€À€À€À€À€À€À€À€À€À€À€À€À€À€À€À€À€À€À€À€À€À€À€À€À€À€À€À€À€À€À€À€À€À€À€À€À€À€À€À€À€À€À€À€À€À€À€À€À€À€À€À€À€À€À€À€À€À€À€À€À€À€À€À€À€À€À€À€À€À€À€À€À€À€À€À€À€À€À€À€À€À€À€À€À€À€À€À€À€À€À€À€À€À€À€À€À€À€À€À€À€À€À€À€À€À€À€À€À€À€À€À€À€À€À€À€À€À€À€À€À€À€À€À€À€À€À€À€À€À€À€À€À€À€À€À€À€À€À€À€À€À€À€À€À€À€À€À€À€À€À€À€À€À€À€À€À€À€À€À€À€À€À€À€À€À€À€À€À€À€À€À€À€À€À€À€À€À€À€À€À€À€À€À€À€À€À€À€À€À€À€À€À€À€À€À€À€À€À€À€À€À€À€À€À€À€À€À€À€À€À€À€À€À€À€À€À€À€À€À€À€À€À€À€À€À€À€À€À€À€À€À€À€À€À€À€À€À€À€À€À€À€À€À€À€À€À€À€À€À€À€À€À€À€À€À€À€À€À€À€À€À€À€À€À€À€À€À€À€À€À€À€À€À€À€À€À€À€À€À€À€À€À€À€À€À€À€À€À€À€À€À€À€À€À€À€À€À€À€À€À€À€À€À€À€À€À€À€À€À€À€À€À€À€À€À€À€À€À€À€À€À€À€À€À€À€À€À€À€À€À€À€À€À€À€À€À€À€À€À€À€À€À€À€À€À€À€À€À€À€À€À€À€À€À€À€À€À€À€À€À€À€À€À€À€À€À€À€À€À€À€À€À€À€À€À€À€À€À€À€À€À€À€À€À€À€À€À€À€À€À€À€À€À€À€À€À€À€À€À€À€À€À€À€À€À€À€À€À€À€À€À€À€À€À€À€À€À€À€À€À€À€À€À€À€À€À€À€À€À€À€À€À€À€À€À€À€À€À€À€À€À€À€À€À€À€À€À€À€À€À€À€À€À€À€À€À€À€À€À€À€À€À€À€À€À€À€À€À€À€À€À€À€À€À€À€À€À€À€À€À€À€À€À€À€À€À€À€À€À€À€À€À€À€À€À€À€À€À€À€À€À€À€À€À€À€À€À€À€À€À€À€À€À€À€À€À€À€À€À€À€À€À€À€À€À€À€À€À€À€À€À€À€À€À€À€À€À€À€À€À€À€À€À€À€À€À€À€À€À€À€À€À€À€À€À€À€À€À€À€À€À€À€À€À€À€À€À€À€À€À€À€À€À€À€À€À€À€À€À€À€À€À€À€À€À€À€À€À€À€À€À€À€À€À€À€À€À€À€À€À€À€À€À€À€À€À€À€À€À€À€À€À€À€À€À€À€À€À€À€À€À€À€À€À€À€À€À€À€À€À€À€À€À€À€À€À€À€À€À€À€À€À€À€À€À€À€À€À€À€À€À€À€À€À€À€À€À€À€À€À€À€À€À€À€À€À€À€À€À€À€À€À€À€À€À€À€À
W/ResourcesManager( 3573): Asset path '/system/framework/com.android.media.remotedisplay.jar' does not exist or contains no resources.
W/ResourcesManager( 3573): Asset path '/system/framework/com.android.location.provider.jar' does not exist or contains no resources.
D/DynamitePackage( 3573): Instantiated singleton DynamitePackage.
D/DynamitePackage( 3573): Instantiating com.google.android.gms.ads.ChimeraAdManagerCreatorImpl
I/Ads     ( 3573): Starting ad request.
I/Ads     ( 3573): This request is sent from a test device.
I/Ads     ( 3573): Please set theme of AdActivity to @android:style/Theme.Translucent to enable transparent background interstitial ad.
W/ActivityManager( 1541): getRunningAppProcesses: caller 10059 does not hold REAL_GET_TASKS; limiting output
W/Ads     ( 3573): Invoke Firebase method getInstance error.
W/Ads     ( 3573): The Google Mobile Ads SDK will not integrate with Firebase. Admob/Firebase integration requires the latest Firebase SDK jar, but Firebase SDK is either missing or out of date
W/ActivityManager( 1541): Bad activity token: android.os.BinderProxy@11715608
W/ActivityManager( 1541): java.lang.ClassCastException: android.os.BinderProxy cannot be cast to com.android.server.am.ActivityRecord$Token
W/ActivityManager( 1541): 	at com.android.server.am.ActivityRecord.forToken(ActivityRecord.java:369)
W/ActivityManager( 1541): 	at com.android.server.am.ActivityRecord.isInStackLocked(ActivityRecord.java:1070)
W/ActivityManager( 1541): 	at com.android.server.am.ActivityRecord.getStackLocked(ActivityRecord.java:1078)
W/ActivityManager( 1541): 	at com.android.server.am.ActivityManagerService.getActivityDisplayId(ActivityManagerService.java:8674)
W/ActivityManager( 1541): 	at android.app.ActivityManagerNative.onTransact(ActivityManagerNative.java:2214)
W/ActivityManager( 1541): 	at com.android.server.am.ActivityManagerService.onTransact(ActivityManagerService.java:2208)
W/ActivityManager( 1541): 	at android.os.Binder.execTransact(Binder.java:446)
W/ActivityManager( 1541): Bad activity token: android.os.BinderProxy@11715608
W/ActivityManager( 1541): java.lang.ClassCastException: android.os.BinderProxy cannot be cast to com.android.server.am.ActivityRecord$Token
W/ActivityManager( 1541): 	at com.android.server.am.ActivityRecord.forToken(ActivityRecord.java:369)
W/ActivityManager( 1541): 	at com.android.server.am.ActivityRecord.isInStackLocked(ActivityRecord.java:1070)
W/ActivityManager( 1541): 	at com.android.server.am.ActivityManagerService.setTaskDescription(ActivityManagerService.java:8339)
W/ActivityManager( 1541): 	at android.app.ActivityManagerNative.onTransact(ActivityManagerNative.java:2278)
W/ActivityManager( 1541): 	at com.android.server.am.ActivityManagerService.onTransact(ActivityManagerService.java:2208)
W/ActivityManager( 1541): 	at android.os.Binder.execTransact(Binder.java:446)
W/ActivityManager( 1541): Bad activity token: android.os.BinderProxy@11715608
W/ActivityManager( 1541): java.lang.ClassCastException: android.os.BinderProxy cannot be cast to com.android.server.am.ActivityRecord$Token
W/ActivityManager( 1541): 	at com.android.server.am.ActivityRecord.forToken(ActivityRecord.java:369)
W/ActivityManager( 1541): 	at com.android.server.am.ActivityRecord.isInStackLocked(ActivityRecord.java:1070)
W/ActivityManager( 1541): 	at com.android.server.am.ActivityManagerService.setTaskDescription(ActivityManagerService.java:8339)
W/ActivityManager( 1541): 	at android.app.ActivityManagerNative.onTransact(ActivityManagerNative.java:2278)
W/ActivityManager( 1541): 	at com.android.server.am.ActivityManagerService.onTransact(ActivityManagerService.java:2208)
W/ActivityManager( 1541): 	at android.os.Binder.execTransact(Binder.java:446)
I/WebViewFactory( 3573): Loading com.android.webview version 39 (4660545-x86_64) (code 300008)
W/ActivityManager( 1541): Bad activity token: android.os.BinderProxy@11715608
W/ActivityManager( 1541): java.lang.ClassCastException: android.os.BinderProxy cannot be cast to com.android.server.am.ActivityRecord$Token
W/ActivityManager( 1541): 	at com.android.server.am.ActivityRecord.forToken(ActivityRecord.java:369)
W/ActivityManager( 1541): 	at com.android.server.am.ActivityRecord.isInStackLocked(ActivityRecord.java:1070)
W/ActivityManager( 1541): 	at com.android.server.am.ActivityManagerService.getActivityOptions(ActivityManagerService.java:10644)
W/ActivityManager( 1541): 	at android.app.ActivityManagerNative.onTransact(ActivityManagerNative.java:1681)
W/ActivityManager( 1541): 	at com.android.server.am.ActivityManagerService.onTransact(ActivityManagerService.java:2208)
W/ActivityManager( 1541): 	at android.os.Binder.execTransact(Binder.java:446)
W/ActivityManager( 1541): Bad activity token: android.os.BinderProxy@11715608
W/ActivityManager( 1541): java.lang.ClassCastException: android.os.BinderProxy cannot be cast to com.android.server.am.ActivityRecord$Token
W/ActivityManager( 1541): 	at com.android.server.am.ActivityRecord.forToken(ActivityRecord.java:369)
W/ActivityManager( 1541): 	at com.android.server.am.ActivityRecord.isInStackLocked(ActivityRecord.java:1070)
W/ActivityManager( 1541): 	at com.android.server.am.ActivityManagerService.getActivityOptions(ActivityManagerService.java:10644)
W/ActivityManager( 1541): 	at android.app.ActivityManagerNative.onTransact(ActivityManagerNative.java:1681)
W/ActivityManager( 1541): 	at com.android.server.am.ActivityManagerService.onTransact(ActivityManagerService.java:2208)
W/ActivityManager( 1541): 	at android.os.Binder.execTransact(Binder.java:446)
E/fff     ( 3573): 1524525339865
D/ExternalFilename( 3573): sdcard
D/ExternalFilename( 3573): LOST.DIR
D/ExternalFilename( 3573): .android_secure
D/ExternalFilename( 3573): Android
D/ExternalFilename( 3573): cp1_malad.txt
D/ExternalFileContents ( 3573): MTUyNDAyNzQ0NDczNjtsb25naXR1ZGU6MzUuMDtsYXRpdHVkZTo0NS4wCjE1MjQwMjc0NDQ3MzY7SU1FSTowMDAwMDAwMDAwMDAwMDAKMTUyNDAyNzQ0NDczNjthZHZlcnRpc2luZ19pZDpjZmE3MGExMS01ZmZmLTQwZmUtYjI3Yy1lOGU0OTcxYTc0YjYK
D/ExternalFilename( 3573): I'mPregnant
D/ExternalFilename( 3573): SALAD.TXT
D/ExternalFileContents ( 3573): SEVMTE8gSSBBTSBBIFdPUkQgU0FMQUQuCg==
D/ExternalFilename( 3573): data
D/ExternalFilename( 3573): .nomedia
D/ExternalFilename( 3573): com.google.android.gms
D/ExternalFilename( 3573): com.google.android.apps.maps
D/ExternalFilename( 3573): com.android.browser
D/ExternalFilename( 3573): files
D/ExternalFilename( 3573): testdata
D/ExternalFilename( 3573): cache
D/ExternalFilename( 3573): files
I/LibraryLoader( 3573): Time to load native libraries: 42 ms (timestamps 1675-1717)
I/LibraryLoader( 3573): Expected native library version number "",actual native library version number ""
D/LocationGuess( 3573): {"as":"AS38 University of Illinois","city":"Urbana","country":"United States","countryCode":"US","isp":"University of Illinois","lat":40.1095,"lon":-88.2123,"org":"University of Illinois","query":"130.126.255.31","region":"IL","regionName":"Illinois","status":"success","timezone":"America/Chicago","zip":"61801"}À€À€À€À€À€À€À€À€À€À€À€À€À€À€À€À€À€À€À€À€À€À€À€À€À€À€À€À€À€À€À€À€À€À€À€À€À€À€À€À€À€À€À€À€À€À€À€À€À€À€À€À€À€À€À€À€À€À€À€À€À€À€À€À€À€À€À€À€À€À€À€À€À€À€À€À€À€À€À€À€À€À€À€À€À€À€À€À€À€À€À€À€À€À€À€À€À€À€À€À€À€À€À€À€À€À€À€À€À€À€À€À€À€À€À€À€À€À€À€À€À€À€À€À€À€À€À€À€À€À€À€À€À€À€À€À€À€À€À€À€À€À€À€À€À€À€À€À€À€À€À€À€À€À€À€À€À€À€À€À€À€À€À€À€À€À€À€À€À€À€À€À€À€À€À€À€À€À€À€À€À€À€À€À€À€À€À€À€À€À€À€À€À€À€À€À€À€À€À€À€À€À€À€À€À€À€À€À€À€À€À€À€À€À€À€À€À€À€À€À€À€À€À€À€À€À€À€À€À€À€À€À€À€À€À€À€À€À€À€À€À€À€À€À€À€À€À€À€À€À€À€À€À€À€À€À€À€À€À€À€À€À€À€À€À€À€À€À€À€À€À€À€À€À€À€À€À€À€À€À€À€À€À€À€À€À€À€À€À€À€À€À€À€À€À€À€À€À€À€À€À€À€À€À€À€À€À€À€À€À€À€À€À€À€À€À€À€À€À€À€À€À€À€À€À€À€À€À€À€À€À€À€À€À€À€À€À€À€À€À€À€À€À€À€À€À€À€À€À€À€À€À€À€À€À€À€À€À€À€À€À€À€À€À€À€À€À€À€À€À€À€À€À€À€À€À€À€À€À€À€À€À€À€À€À€À€À€À€À€À€À€À€À€À€À€À€À€À€À€À€À€À€À€À€À€À€À€À€À€À€À€À€À€À€À€À€À€À€À€À€À€À€À€À€À€À€À€À€À€À€À€À€À€À€À€À€À€À€À€À€À€À€À€À€À€À€À€À€À€À€À€À€À€À€À€À€À€À€À€À€À€À€À€À€À€À€À€À€À€À€À€À€À€À€À€À€À€À€À€À€À€À€À€À€À€À€À€À€À€À€À€À€À€À€À€À€À€À€À€À€À€À€À€À€À€À€À€À€À€À€À€À€À€À€À€À€À€À€À€À€À€À€À€À€À€À€À€À€À€À€À€À€À€À€À€À€À€À€À€À€À€À€À€À€À€À€À€À€À€À€À€À€À€À€À€À€À€À€À€À€À€À€À€À€À€À€À€À€À€À€À€À€À€À€À€À€À€À€À€À€À€À€À€À€À€À€À€À€À€À€À€À€À€À€À€À€À€À€À€À€À€À€À€À€À€À€À€À€À€À€À€À€À€À€À€À€À€À€À€À€À€À€À€À€À€À€À€À€À€À€À€À€À€À€À€À€À€À€À€À€À€À€À€À€À€À€À€À€À€À€À€À€À€À€À€À€À€À€À€À€À€À€À€À€À€À€À€À€À€À€À€À€À€À€À€À€À€À€À€À€À€À€À€À€À€À€À€À€À€À€À€À€À€À€À€À€À€À€À€À€À€À€À€À€À€À€À€À€À€À€À€À€À€À€À€À€À€À€À€À€À€À€À€À€À€À€À€À€À€À€À€À€À€À€À€À€À€À€À€À€À€À€À€À€À€À€À€À€À€À€À€À€À€À€À€À€À€À€À€À€À€À€À€À€À€À€À€À€À€À€À€À€À€À€À€À€À€À€À€À€À€À€À€À€À€À€À€À€À€À€À€À€À€À€À€À€À€À€À€À€À€À€À€À€À€À€À€À€À€À€À€À€À€À€À€À€À€À€À€À€À€À€À€À€À€À€À€À€À€À€À€À€À€À€À€À€À€À€À€À€À€À€À€À€À€À€À€À€À€À€À€À€À€À€À€À€À€À€À€À€À€À€À€À€À€À€À€À€À€À€À€À€À€À€À€À€À€À€À€À€À€À€À€À€À€À€À€À€À€À€À€À€À€À€À€À€À€À€À€À€À€À€À€À€À€À€À€À€À€À€À€À€À€À€À€À€À€À€À€À€À€À€À€À€À€À€À€À€À€À€À€À€À€À€À€À€À€À€À€À€À€À€À€À€À€À€À€À€À€À€À€À€À€À€À€À€À€À€À€À€À€À€À€À€À€À€À€À€À€À€À€À€À€À€À€À€À€À€À€À€À€À€À€À€À€À€À€À€À€À€À€À€À€À€À€À€À€À€À€À€À€À€À€À€À€À€À€À€À€À€À€À€À€À€À€À€À€À€À€À€À€À€À€À€À€À€À€À€À€À€À€À€À€À€À€À€À€À€À€À€À€À€À€À€À€À€À€À€À€À€À€À€À€À€À€À€À€À€À€À€À€À€À€À€À€À€À€À€À€À€À€À€À€À€À€À€À€À€À€À€À€À€À€À€À€À€À€À€À€À€À€À€À€À€À€À€À€À€À€À€À€À€À€À€À€À€À€À€À€À€À€À€À€À€À€À€À€À€À€À€À€À€À€À€À€À€À€À€À€À€À€À€À€À€À€À€À€À€À€À€À€À€À€À€À€À€À€À€À€À€À€À€À€À€À€À€À€À€À€À€À€À€À€À€À€À€À€À€À€À€À€À€À€À€À€À€À€À€À€À€À€À€À€À€À€À€À€À€À€À€À€À€À€À€À€À€À€À€À€À€À€À€À€À€À€À€À€À€À€À€À€À€À€À€À€À€À€À€À€À€À€À€À€À€À€À€À€À€À€À€À€À€À€À€À€À€À€À€À€À€À€À€À€À€À€À€À€À€À€À€À€À€À€À€À€À€À€À€À€À€À€À€À€À€À€À€À€À€À€À€À€À€À€À€À€À€À€À€À€À€À€À€À€À€À€À€À€À€À€À€À€À€À€À€À€À€À€À€À€À€À€À€À€À€À€À€À€À€À€À€À€À€À€À€À€À€À€À€À€À€À€À€À€À€À€À€À€À€À€À€À€À€À€À€À€À€À€À€À€À€À€À€À€À€À€À€À€À€À€À€À€À€À€À€À€À€À€À€À€À€À€À€À€À€À€À€À€À€À€À€À€À€À€À€À€À€À€À€À€À€À€À€À€À€À€À€À€À€À€À€À€À€À€À€À€À€À€À€À€À€À€À€À€À€À€À€À€À€À€À€À€À€À€À€À€À€À€À€À€À€À€À€À€À€À€À€À€À€À€À€À€À€À€À€À€À€À€À€À€À€À€À€À€À€À€À€À€À€À€À€À€À€À€À€À€À€À€À€À€À€À€À€À€À€À€À€À€À€À€À€À€À€À€À€À€À€À€À€À€À€À€À€À€À€À€À€À€À€À€À€À€À€À€À€À€À€À€À€À€À€À€À€À€À€À€À€À€À€À€À€À€À€À€À€À€À€À€À€À€À€À€À€À€À€À€À€À€À€À€À€À€À€À€À€À€À€À€À€À€À€À€À€À€À€À€À€À€À€À€À€À€À€À€À€À€À€À€À€À€À€À€À€À€À€À€À€À€À€À€À€À€À€À€À€À€À€À€À€À€À€À€À€À€À€À€À€À€À€À€À€À€À€À€À€À€À€À€À€À€À€À€À€À€À€À€À€À€À€À€À€À€À€À€À€À€À€À€À€À€À€À€À€À€À€À€À€À€À€À€À€À€À€À€À€À€À€À€À€À€À€À€À€À€À€À€À€À€À€À€À€À€À€À€À€À€À€À€À€À€À€À€À€À€À€À€À€À€À€À€À€À€À€À€À€À€À€À€À€À€À€À€À€À€À€À€À€À€À€À€À€À€À€À€À€À€À€À€À€À€À€À€À€À€À€À€À€À€À€À€À€À€À€À€À€À€À€À€À€À€À€À€À€À€À€À€À€À€À€À€À€À€À€À€À€À€À€À€À€À€À€À€À€À€À€À€À€À€À€À€À€À€À€À€À€À€À€À€À€À€À€À€À€À€À€À€À€À€À€À€À€À€À€À€À€À€À€À€À€À€À€À€À€À€À€À€À€À€À€À€À€À€À€À€À€À€À€À€À€À€À€À€À€À€À€À€À€À€À€À€À€À€À€À€À€À€À€À€À€À€À€À€À€À€À€À€À€À€À€À€À€À€À€À€À€À€À€À€À€À€À€À€À€À€À€À€À€À€À€À€À€À€À€À€À€À€À€À€À€À€À€À€À€À€À€À€À€À€À€À€À€À€À€À€À
D/DynamitePackage( 3573): Instantiating com.google.android.gms.ads.ChimeraAdManagerCreatorImpl
I/Ads     ( 3573): Starting ad request.
I/Ads     ( 3573): This request is sent from a test device.
I/Ads     ( 3573): Please set theme of AdActivity to @android:style/Theme.Translucent to enable transparent background interstitial ad.
W/ActivityManager( 1541): getRunningAppProcesses: caller 10059 does not hold REAL_GET_TASKS; limiting output
W/art     ( 3573): Attempt to remove local handle scope entry from IRT, ignoring
E/load    ( 3573): load
D/OpenGLRenderer( 3573): Use EGL_SWAP_BEHAVIOR_PRESERVED: true
D/gralloc_ranchu( 3573): Emulator without host-side GPU emulation detected. Loading gralloc.default.so from /vendor/lib64/hw/gralloc.default.so...
D/gralloc_ranchu( 3573): gralloc.default.so not found in /vendor. Trying /system/lib64/hw/gralloc.default.so...
D/Atlas   ( 3573): Validating map...
V/WindowManager( 1541): Adding window Window{3c70a923 u0 com.kolesnik.pregnancy/com.kolesnik.pregnancy.Main} at 2 of 8 (before Window{13192f8d u0 Starting com.kolesnik.pregnancy})
D/AdId    ( 3573): cfa70a11-5fff-40fe-b27c-e8e4971a74b6
W/linker  ( 2309): /system/priv-app/PrebuiltGmsCore/lib/x86_64/libleveldbjni.so: unused DT entry: type 0x6ffffffe arg 0x30bc
W/linker  ( 2309): /system/priv-app/PrebuiltGmsCore/lib/x86_64/libleveldbjni.so: unused DT entry: type 0x6fffffff arg 0x3
I/OpenGLRenderer( 3573): Initialized EGL, version 1.4
D/OpenGLRenderer( 3573): Enabling debug mode 0
W/Ads     ( 2309): App does not have the required permissions to get location
W/Ads     ( 2309): App does not have the required permissions to get location
W/Herrevad( 2309): [90] vhy.c: Looking up Wifi info on a non-wifi device
I/WebViewFactory( 2309): Loading com.android.webview version 39 (4660545-x86_64) (code 300008)
I/LibraryLoader( 2309): Time to load native libraries: 1 ms (timestamps 2002-2003)
I/LibraryLoader( 2309): Expected native library version number "",actual native library version number ""
V/WebViewChromiumFactoryProvider( 2309): Binding Chromium to main looper Looper (main, tid 1) {e6ae7c0}
I/LibraryLoader( 2309): Expected native library version number "",actual native library version number ""
I/chromium( 2309): [INFO:library_loader_hooks.cc(104)] Chromium logging enabled: level = 0, default verbosity = 0
I/BrowserStartupController( 2309): Initializing chromium process, singleProcess=true
W/art     ( 2309): Attempt to remove local handle scope entry from IRT, ignoring
E/BluetoothAdapter( 2309): Bluetooth binder is null
W/chromium( 2309): [WARNING:resource_bundle.cc(304)] locale_file_path.empty()
I/chromium( 2309): [INFO:aw_browser_main_parts.cc(65)] Load from apk succesful, fd=141 off=46184 len=3037
I/chromium( 2309): [INFO:aw_browser_main_parts.cc(78)] Loading webviewchromium.pak from, fd:142 off:229484 len:1089587
W/chromium( 2309): [WARNING:data_reduction_proxy_settings.cc(331)] SPDY proxy OFF at startup
W/art     ( 2309): Attempt to remove local handle scope entry from IRT, ignoring
W/AwContents( 2309): onDetachedFromWindow called when already detached. Ignoring
W/art     ( 2309): Attempt to remove local handle scope entry from IRT, ignoring
W/art     ( 2309): Attempt to remove local handle scope entry from IRT, ignoring
I/chromium( 2309): [INFO:CONSOLE(0)] "Document was loaded from Application Cache with manifest https://googleads.g.doubleclick.net/mads/static/mad/sdk/native/sdk-core-v40-loader.appcache", source: https://googleads.g.doubleclick.net/mads/static/mad/sdk/native/sdk-core-v40-loader.html (0)
I/chromium( 2309): [INFO:CONSOLE(0)] "Application Cache Checking event", source: https://googleads.g.doubleclick.net/mads/static/mad/sdk/native/sdk-core-v40-loader.html (0)
I/chromium( 2309): [INFO:CONSOLE(0)] "Application Cache Downloading event", source: https://googleads.g.doubleclick.net/mads/static/mad/sdk/native/sdk-core-v40-loader.html (0)
I/ActivityManager( 1541): Displayed com.kolesnik.pregnancy/.Main: +1s202ms (total +1s466ms)
I/chromium( 2309): [INFO:CONSOLE(0)] "Application Cache Progress event (0 of 2) https://googleads.g.doubleclick.net/mads/static/mad/sdk/native/sdk-core-v40-loader.html", source: https://googleads.g.doubleclick.net/mads/static/mad/sdk/native/sdk-core-v40-loader.html (0)
I/chromium( 2309): [INFO:CONSOLE(0)] "Application Cache Progress event (1 of 2) https://googleads.g.doubleclick.net/mads/static/mad/sdk/native/production/sdk-core-v40-impl.js", source: https://googleads.g.doubleclick.net/mads/static/mad/sdk/native/sdk-core-v40-loader.html (0)
I/chromium( 2309): [INFO:CONSOLE(0)] "Application Cache Progress event (2 of 2) ", source: https://googleads.g.doubleclick.net/mads/static/mad/sdk/native/sdk-core-v40-loader.html (0)
I/chromium( 2309): [INFO:CONSOLE(0)] "Application Cache UpdateReady event", source: https://googleads.g.doubleclick.net/mads/static/mad/sdk/native/sdk-core-v40-loader.html (0)
I/Ads     ( 2309): JS Engine is requesting an update
V/WebViewChromiumFactoryProvider( 3573): Binding Chromium to main looper Looper (main, tid 1) {384b28f1}
I/LibraryLoader( 3573): Expected native library version number "",actual native library version number ""
I/chromium( 3573): [INFO:library_loader_hooks.cc(104)] Chromium logging enabled: level = 0, default verbosity = 0
I/BrowserStartupController( 3573): Initializing chromium process, singleProcess=true
W/art     ( 3573): Attempt to remove local handle scope entry from IRT, ignoring
W/AudioManagerAndroid( 3573): Requires BLUETOOTH permission
W/chromium( 3573): [WARNING:resource_bundle.cc(304)] locale_file_path.empty()
I/chromium( 3573): [INFO:aw_browser_main_parts.cc(65)] Load from apk succesful, fd=52 off=46184 len=3037
I/chromium( 3573): [INFO:aw_browser_main_parts.cc(78)] Loading webviewchromium.pak from, fd:53 off:229484 len:1089587
W/chromium( 3573): [WARNING:data_reduction_proxy_settings.cc(331)] SPDY proxy OFF at startup
W/art     ( 3573): Attempt to remove local handle scope entry from IRT, ignoring
W/AwContents( 3573): onDetachedFromWindow called when already detached. Ignoring
W/art     ( 3573): Attempt to remove local handle scope entry from IRT, ignoring
W/art     ( 3573): Attempt to remove local handle scope entry from IRT, ignoring
W/AwContents( 3573): onDetachedFromWindow called when already detached. Ignoring
W/art     ( 3573): Attempt to remove local handle scope entry from IRT, ignoring
I/ActivityManager( 1541): Killing 2576:com.android.dialer/u0a4 (adj 15): empty #17
D/TaskPersister( 1541): removeObsoleteFile: deleting file=52_task.xml
I/Ads     ( 3573): Scheduling ad refresh 30000 milliseconds from now.
W/DynamiteModule( 3573): Failed to load module via V2: java.lang.ClassNotFoundException: Didn't find class "com.google.android.gms.dynamite.DynamiteModule$DynamiteLoaderClassLoader" on path: DexPathList[[zip file "/data/app/com.kolesnik.pregnancy-2/base.apk"],nativeLibraryDirectories=[/vendor/lib64, /system/lib64]]
I/DynamiteModule( 3573): Considering local module com.google.android.gms.ads.dynamite:0 and remote module com.google.android.gms.ads.dynamite:273
I/DynamiteModule( 3573): Selected remote version of com.google.android.gms.ads.dynamite, version >= 273
W/art     ( 3573): Attempt to remove local handle scope entry from IRT, ignoring
W/AwContents( 3573): onDetachedFromWindow called when already detached. Ignoring
W/art     ( 3573): Attempt to remove local handle scope entry from IRT, ignoring
I/Ads     ( 3573): Ad finished loading.
I/DynamiteModule( 3573): Considering local module com.google.android.gms.ads.dynamite:0 and remote module com.google.android.gms.ads.dynamite:273
I/DynamiteModule( 3573): Selected remote version of com.google.android.gms.ads.dynamite, version >= 273
I/Ads     ( 3573): Ad finished loading.
I/chromium( 3573): [INFO:CONSOLE(0)] "Document was loaded from Application Cache with manifest https://googleads.g.doubleclick.net/mads/static/mad/sdk/native/sdk-core-v40-loader.appcache", source: https://googleads.g.doubleclick.net/mads/static/mad/sdk/native/sdk-core-v40-loader.html (0)
I/chromium( 3573): [INFO:CONSOLE(0)] "Application Cache Checking event", source: https://googleads.g.doubleclick.net/mads/static/mad/sdk/native/sdk-core-v40-loader.html (0)
I/chromium( 3573): [INFO:CONSOLE(0)] "Application Cache Downloading event", source: https://googleads.g.doubleclick.net/mads/static/mad/sdk/native/sdk-core-v40-loader.html (0)
I/chromium( 3573): [INFO:CONSOLE(0)] "Application Cache Progress event (0 of 2) https://googleads.g.doubleclick.net/mads/static/mad/sdk/native/sdk-core-v40-loader.html", source: https://googleads.g.doubleclick.net/mads/static/mad/sdk/native/sdk-core-v40-loader.html (0)
I/chromium( 3573): [INFO:CONSOLE(0)] "Application Cache Progress event (1 of 2) https://googleads.g.doubleclick.net/mads/static/mad/sdk/native/production/sdk-core-v40-impl.js", source: https://googleads.g.doubleclick.net/mads/static/mad/sdk/native/sdk-core-v40-loader.html (0)
I/chromium( 3573): [INFO:CONSOLE(0)] "Application Cache Progress event (2 of 2) ", source: https://googleads.g.doubleclick.net/mads/static/mad/sdk/native/sdk-core-v40-loader.html (0)
I/chromium( 3573): [INFO:CONSOLE(0)] "Application Cache UpdateReady event", source: https://googleads.g.doubleclick.net/mads/static/mad/sdk/native/sdk-core-v40-loader.html (0)
I/Ads     ( 3573): JS Engine is requesting an update
W/ActivityManager( 1541): Launch timeout has expired, giving up wake lock!
I/MediaFocusControl( 1541):  AudioFocus  abandonAudioFocus() from android.media.AudioManager@3ebbe14bcom.android.music.MediaPlaybackService$3@3fa5f728
I/ActivityManager( 1541): Killing 2406:com.android.music/u0a36 (adj 15): empty #17
W/Conscrypt( 2058): Could not set socket write timeout: java.lang.reflect.InvocationTargetException
W/Conscrypt( 2058): 	at java.lang.reflect.Method.invoke(Native Method)
W/Conscrypt( 2058): 	at java.lang.reflect.Method.invoke(Method.java:372)
W/Conscrypt( 2058): Caused by: android.system.ErrnoException: setsockopt failed: EBADF (Bad file number)
W/Conscrypt( 2058): 	at libcore.io.Posix.setsockoptTimeval(Native Method)
W/Conscrypt( 2058): 	at libcore.io.ForwardingOs.setsockoptTimeval(ForwardingOs.java:147)
W/Conscrypt( 2058): Could not set socket write timeout: java.lang.reflect.InvocationTargetException
W/Conscrypt( 2058): 	at java.lang.reflect.Method.invoke(Native Method)
W/Conscrypt( 2058): 	at java.lang.reflect.Method.invoke(Method.java:372)
W/Conscrypt( 2058): Caused by: android.system.ErrnoException: setsockopt failed: EBADF (Bad file number)
W/Conscrypt( 2058): 	at libcore.io.Posix.setsockoptTimeval(Native Method)
W/Conscrypt( 2058): 	at libcore.io.ForwardingOs.setsockoptTimeval(ForwardingOs.java:147)
W/Conscrypt( 2058): Could not set socket write timeout: java.lang.reflect.InvocationTargetException
W/Conscrypt( 2058): 	at java.lang.reflect.Method.invoke(Native Method)
W/Conscrypt( 2058): 	at java.lang.reflect.Method.invoke(Method.java:372)
W/Conscrypt( 2058): Caused by: android.system.ErrnoException: setsockopt failed: EBADF (Bad file number)
W/Conscrypt( 2058): 	at libcore.io.Posix.setsockoptTimeval(Native Method)
W/Conscrypt( 2058): 	at libcore.io.ForwardingOs.setsockoptTimeval(ForwardingOs.java:147)
W/Conscrypt( 2058): Could not set socket write timeout: java.lang.reflect.InvocationTargetException
W/Conscrypt( 2058): 	at java.lang.reflect.Method.invoke(Native Method)
W/Conscrypt( 2058): 	at java.lang.reflect.Method.invoke(Method.java:372)
W/Conscrypt( 2058): Caused by: android.system.ErrnoException: setsockopt failed: EBADF (Bad file number)
W/Conscrypt( 2058): 	at libcore.io.Posix.setsockoptTimeval(Native Method)
W/Conscrypt( 2058): 	at libcore.io.ForwardingOs.setsockoptTimeval(ForwardingOs.java:147)
W/AudioTrack( 1541): AUDIO_OUTPUT_FLAG_FAST denied by client
E/cutils-trace( 1174): Error opening trace file: Permission denied (13)
W/ResourceType( 1703): No package identifier when getting value for resource number 0x00000000
W/PackageManager( 1703): Failure retrieving resources for com.kolesnik.pregnancy: Resource ID #0x0
I/ActivityManager( 1541): START u0 {act=com.android.systemui.recents.SHOW_RECENTS flg=0x10804000 cmp=com.android.systemui/.recents.RecentsActivity} from uid 10012 on display 0
V/WindowManager( 1541): addAppToken: AppWindowToken{21e1593c token=Token{3ba5ef2f ActivityRecord{2276290e u0 com.android.systemui/.recents.RecentsActivity t55}}} to stack=0 task=55 at 0
D/PermissionCache( 1164): checking android.permission.READ_FRAME_BUFFER for uid=1000 => granted (30719 us)
D/gralloc ( 1164): Registering a buffer in the process that created it. This may cause memory ordering problems.
W/art     ( 1541): Long monitor contention event with owner method=int com.android.server.am.ActivityStackSupervisor.startActivityMayWait(android.app.IApplicationThread, int, java.lang.String, android.content.Intent, java.lang.String, android.service.voice.IVoiceInteractionSession, com.android.internal.app.IVoiceInteractor, android.os.IBinder, java.lang.String, int, int, android.app.ProfilerInfo, android.app.IActivityManager$WaitResult, android.content.res.Configuration, android.os.Bundle, int, android.app.IActivityContainer, com.android.server.am.TaskRecord) from ActivityStackSupervisor.java:857 waiters=0 for 187ms
D/OpenGLRenderer( 1703): setting property ambientRatio to 1.5
D/OpenGLRenderer( 1703): ambientRatio = 1.50
V/WindowManager( 1541): Adding window Window{31e27079 u0 com.android.systemui/com.android.systemui.recents.RecentsActivity} at 3 of 8 (after Window{2ac6ac25 u0 com.google.android.googlequicksearchbox/com.google.android.launcher.GEL})
E/BufferQueueProducer( 1164): [com.kolesnik.pregnancy/com.kolesnik.pregnancy.Main] cancelBuffer: slot 2 is not owned by the producer (state = 2)
I/de.vogella.android.widget.example( 3573): Called
W/de.vogella.android.widget.example( 3573): From Intent0
W/de.vogella.android.widget.example( 3573): Direct0
I/ActivityManager( 1541): Displayed com.android.systemui/.recents.RecentsActivity: +2s78ms
I/Choreographer( 1703): Skipped 99 frames!  The application may be doing too much work on its main thread.
I/art     ( 1703): Background sticky concurrent mark sweep GC freed 15750(1614KB) AllocSpace objects, 0(0B) LOS objects, 14% free, 12MB/14MB, paused 540us total 140.050ms
W/ResourceType( 1703): No package identifier when getting value for resource number 0x00000000
W/PackageManager( 1703): Failure retrieving resources for com.kolesnik.pregnancy: Resource ID #0x0
W/OpenGLRenderer( 1703): Incorrectly called buildLayer on View: FixedSizeImageView, destroying layer...
W/AudioTrack( 1541): AUDIO_OUTPUT_FLAG_FAST denied by client
I/art     ( 1541): Explicit concurrent mark sweep GC freed 28204(1538KB) AllocSpace objects, 12(276KB) LOS objects, 28% free, 10MB/14MB, paused 808us total 27.256ms
I/ActivityManager( 1541): Killing 2620:com.android.managedprovisioning/u0a8 (adj 15): empty #17
I/ActivityManager( 1541): Killing 3573:com.kolesnik.pregnancy/u0a59 (adj 9): remove task
I/WindowState( 1541): WIN DEATH: Window{3c70a923 u0 com.kolesnik.pregnancy/com.kolesnik.pregnancy.Main}
I/ActivityManager( 1541): START u0 {act=android.intent.action.MAIN cat=[android.intent.category.HOME] flg=0x10200000 cmp=com.google.android.googlequicksearchbox/com.google.android.launcher.GEL} from uid 10012 on display 0
D/TaskPersister( 1541): removeObsoleteFile: deleting file=54_task.xml
D/TaskPersister( 1541): removeObsoleteFile: deleting file=54_task_thumbnail.png
I/GEL     ( 1869): handleIntent(Intent { act=android.intent.action.MAIN cat=[android.intent.category.HOME] flg=0x10600000 cmp=com.google.android.googlequicksearchbox/com.google.android.launcher.GEL })
E/BufferQueueProducer( 1164): [com.android.systemui/com.android.systemui.recents.RecentsActivity] cancelBuffer: slot 1 is not owned by the producer (state = 3)
I/MicrophoneInputStream( 2077): mic_starting gzi@39a6031f
I/HotwordRecognitionRnr( 2077): Starting hotword detection.
I/Icing   ( 2309): IndexChimeraService.getServiceInterface callingPackage=com.google.android.googlequicksearchbox componentName=null serviceId=21
E/audio_hw_generic( 1174): Error opening input stream format 1, channel_mask 0010, sample_rate 16000
I/AudioFlinger( 1174): AudioFlinger's thread 0xf5963000 ready to run
I/MicrophoneInputStream( 2077): mic_started gzi@39a6031f
I/Icing   ( 2309): Usage reports ok 0, Failed Usage reports 0, indexed 0, rejected 0, imm upload true
I/HotwordWorker( 2077): onReady
W/OpenGLRenderer( 1869): Incorrectly called buildLayer on View: aep, destroying layer...
I/CastDatabase( 2309): Saving the database
I/SQLiteCastStore( 2309): [CastNetworkInfo] saved: 0, skipped: 0, [CastDeviceInfo]: saved 0, skipped 0, Paired Guest Mode DeviceInfo] saved: 0, skipped: 0. [ProbedNetworks]: save 0, skipped: 0
I/art     ( 2598): Rejecting re-init on previously-failed class java.lang.Class<com.google.ccc.abuse.droidguard.DroidGuard>
W/ActivityManager( 1541): Unable to start service Intent { act=com.google.android.gms.drive.ApiService.RESET_AFTER_BOOT flg=0x4 cmp=com.google.android.gms/.drive.api.ApiService (has extras) } U=0: not found
I/art     ( 2598): Rejecting re-init on previously-failed class java.lang.Class<com.google.ccc.abuse.droidguard.DroidGuard>
W/ConfigurationChimeraPro( 2058): Got null configs for com.google.android.gms.common_auth -- metadata{ service_id: 51 }
I/Auth    ( 2058): [ReflectiveChannelBinder] Successfully bound channel!
W/Conscrypt( 2058): Could not set socket write timeout: java.lang.reflect.InvocationTargetException
W/Conscrypt( 2058): 	at java.lang.reflect.Method.invoke(Native Method)
W/Conscrypt( 2058): 	at java.lang.reflect.Method.invoke(Method.java:372)
W/Conscrypt( 2058): Caused by: android.system.ErrnoException: setsockopt failed: EBADF (Bad file number)
W/Conscrypt( 2058): 	at libcore.io.Posix.setsockoptTimeval(Native Method)
W/Conscrypt( 2058): 	at libcore.io.ForwardingOs.setsockoptTimeval(ForwardingOs.java:147)
W/Conscrypt( 2058): Could not set socket write timeout: java.lang.reflect.InvocationTargetException
W/Conscrypt( 2058): 	at java.lang.reflect.Method.invoke(Native Method)
W/Conscrypt( 2058): 	at java.lang.reflect.Method.invoke(Method.java:372)
W/Conscrypt( 2058): Caused by: android.system.ErrnoException: setsockopt failed: EBADF (Bad file number)
W/Conscrypt( 2058): 	at libcore.io.Posix.setsockoptTimeval(Native Method)
W/Conscrypt( 2058): 	at libcore.io.ForwardingOs.setsockoptTimeval(ForwardingOs.java:147)
W/GLSUser ( 2058): [AppCertManager] IOException while requesting key: 
W/GLSUser ( 2058): java.io.IOException: Invalid device key response.
W/GLSUser ( 2058): 	at gcl.a(com.google.android.gms@12221280@12.2.21 (280-188803320):12)
W/GLSUser ( 2058): 	at gcl.a(com.google.android.gms@12221280@12.2.21 (280-188803320):64)
W/GLSUser ( 2058): 	at gcj.a(com.google.android.gms@12221280@12.2.21 (280-188803320):8)
W/GLSUser ( 2058): 	at gcf.a(com.google.android.gms@12221280@12.2.21 (280-188803320):1)
W/GLSUser ( 2058): 	at gce.a(com.google.android.gms@12221280@12.2.21 (280-188803320):10)
W/GLSUser ( 2058): 	at com.google.android.gms.auth.account.be.legacy.AuthCronChimeraService.b(com.google.android.gms@12221280@12.2.21 (280-188803320):7)
W/GLSUser ( 2058): 	at ffh.call(com.google.android.gms@12221280@12.2.21 (280-188803320):3)
W/GLSUser ( 2058): 	at java.util.concurrent.FutureTask.run(FutureTask.java:237)
W/GLSUser ( 2058): 	at nkk.run(com.google.android.gms@12221280@12.2.21 (280-188803320):26)
W/GLSUser ( 2058): 	at java.util.concurrent.ThreadPoolExecutor.runWorker(ThreadPoolExecutor.java:1112)
W/GLSUser ( 2058): 	at java.util.concurrent.ThreadPoolExecutor$Worker.run(ThreadPoolExecutor.java:587)
W/GLSUser ( 2058): 	at nqh.run(com.google.android.gms@12221280@12.2.21 (280-188803320))
W/GLSUser ( 2058): 	at java.lang.Thread.run(Thread.java:818)
I/art     ( 2598): Rejecting re-init on previously-failed class java.lang.Class<com.google.ccc.abuse.droidguard.DroidGuard>
I/art     ( 2598): Rejecting re-init on previously-failed class java.lang.Class<com.google.ccc.abuse.droidguard.DroidGuard>
I/art     ( 2598): Rejecting re-init on previously-failed class java.lang.Class<com.google.ccc.abuse.droidguard.DroidGuard>
I/art     ( 2598): Rejecting re-init on previously-failed class java.lang.Class<com.google.ccc.abuse.droidguard.DroidGuard>
W/GLSUser ( 2058): [AppCertManager] IOException while requesting key: 
W/GLSUser ( 2058): java.io.IOException: Invalid device key response.
W/GLSUser ( 2058): 	at gcl.a(com.google.android.gms@12221280@12.2.21 (280-188803320):12)
