W/GLSUser ( 2058): 	at gcl.a(com.google.android.gms@12221280@12.2.21 (280-188803320):64)
W/GLSUser ( 2058): 	at gcj.a(com.google.android.gms@12221280@12.2.21 (280-188803320):8)
W/GLSUser ( 2058): 	at gcf.a(com.google.android.gms@12221280@12.2.21 (280-188803320):1)
W/GLSUser ( 2058): 	at gce.a(com.google.android.gms@12221280@12.2.21 (280-188803320):10)
W/GLSUser ( 2058): 	at com.google.android.gms.auth.account.be.legacy.AuthCronChimeraService.b(com.google.android.gms@12221280@12.2.21 (280-188803320):7)
W/GLSUser ( 2058): 	at ffh.call(com.google.android.gms@12221280@12.2.21 (280-188803320):3)
W/GLSUser ( 2058): 	at java.util.concurrent.FutureTask.run(FutureTask.java:237)
W/GLSUser ( 2058): 	at nkk.run(com.google.android.gms@12221280@12.2.21 (280-188803320):26)
W/GLSUser ( 2058): 	at java.util.concurrent.ThreadPoolExecutor.runWorker(ThreadPoolExecutor.java:1112)
W/GLSUser ( 2058): 	at java.util.concurrent.ThreadPoolExecutor$Worker.run(ThreadPoolExecutor.java:587)
W/GLSUser ( 2058): 	at nqh.run(com.google.android.gms@12221280@12.2.21 (280-188803320))
W/GLSUser ( 2058): 	at java.lang.Thread.run(Thread.java:818)
I/art     ( 2598): Rejecting re-init on previously-failed class java.lang.Class<com.google.ccc.abuse.droidguard.DroidGuard>
I/art     ( 2598): Rejecting re-init on previously-failed class java.lang.Class<com.google.ccc.abuse.droidguard.DroidGuard>
I/art     ( 2598): Rejecting re-init on previously-failed class java.lang.Class<com.google.ccc.abuse.droidguard.DroidGuard>
I/art     ( 2598): Rejecting re-init on previously-failed class java.lang.Class<com.google.ccc.abuse.droidguard.DroidGuard>
I/art     ( 1541): Explicit concurrent mark sweep GC freed 22997(1217KB) AllocSpace objects, 9(672KB) LOS objects, 29% free, 9MB/13MB, paused 420us total 36.649ms
I/art     ( 2598): Rejecting re-init on previously-failed class java.lang.Class<com.google.ccc.abuse.droidguard.DroidGuard>
I/art     ( 2598): Rejecting re-init on previously-failed class java.lang.Class<com.google.ccc.abuse.droidguard.DroidGuard>
I/art     ( 2598): Rejecting re-init on previously-failed class java.lang.Class<com.google.ccc.abuse.droidguard.DroidGuard>
I/art     ( 2598): Rejecting re-init on previously-failed class java.lang.Class<com.google.ccc.abuse.droidguard.DroidGuard>
E/DG      ( 2598): FSC error
E/DG      ( 2598): qlf: java.lang.UnsatisfiedLinkError: com.google.ccc.abuse.droidguard.DroidGuard
E/DG      ( 2598): 	at qlj.<init>(com.google.android.gms@12221280@12.2.21 (280-188803320):9)
E/DG      ( 2598): 	at qlj.<init>(com.google.android.gms@12221280@12.2.21 (280-188803320):4)
E/DG      ( 2598): 	at qli.a(com.google.android.gms@12221280@12.2.21 (280-188803320):26)
E/DG      ( 2598): 	at com.google.android.gms.droidguard.DroidGuardChimeraService.onHandleIntent(com.google.android.gms@12221280@12.2.21 (280-188803320):25)
E/DG      ( 2598): 	at csg.handleMessage(com.google.android.gms@12221280@12.2.21 (280-188803320))
E/DG      ( 2598): 	at android.os.Handler.dispatchMessage(Handler.java:102)
E/DG      ( 2598): 	at android.os.Looper.loop(Looper.java:135)
E/DG      ( 2598): 	at android.os.HandlerThread.run(HandlerThread.java:61)
E/DG      ( 2598): Caused by: java.lang.UnsatisfiedLinkError: com.google.ccc.abuse.droidguard.DroidGuard
E/DG      ( 2598): 	at java.lang.reflect.Constructor.newInstance(Native Method)
E/DG      ( 2598): 	at java.lang.reflect.Constructor.newInstance(Constructor.java:288)
E/DG      ( 2598): 	at qlj.<init>(com.google.android.gms@12221280@12.2.21 (280-188803320):7)
E/DG      ( 2598): 	... 7 more
I/art     ( 2598): Rejecting re-init on previously-failed class java.lang.Class<com.google.ccc.abuse.droidguard.DroidGuard>
W/ChimeraUtils( 2309): Non Chimera context
W/linker  ( 2598): /data/data/com.google.android.gms/app_dg_cache/09B217A8EFCF16FE610C3EE0741092902292EBA1/libd1D4AF178EB91.so: unused DT entry: type 0x6ffffffe arg 0x108c
W/linker  ( 2598): /data/data/com.google.android.gms/app_dg_cache/09B217A8EFCF16FE610C3EE0741092902292EBA1/libd1D4AF178EB91.so: unused DT entry: type 0x6fffffff arg 0x3
W/Conscrypt( 2058): Could not set socket write timeout: java.lang.reflect.InvocationTargetException
W/Conscrypt( 2058): 	at java.lang.reflect.Method.invoke(Native Method)
W/Conscrypt( 2058): 	at java.lang.reflect.Method.invoke(Method.java:372)
W/Conscrypt( 2058): Caused by: android.system.ErrnoException: setsockopt failed: EBADF (Bad file number)
W/Conscrypt( 2058): 	at libcore.io.Posix.setsockoptTimeval(Native Method)
W/Conscrypt( 2058): 	at libcore.io.ForwardingOs.setsockoptTimeval(ForwardingOs.java:147)
W/Conscrypt( 2058): Could not set socket write timeout: java.lang.reflect.InvocationTargetException
W/Conscrypt( 2058): 	at java.lang.reflect.Method.invoke(Native Method)
W/Conscrypt( 2058): 	at java.lang.reflect.Method.invoke(Method.java:372)
W/Conscrypt( 2058): Caused by: android.system.ErrnoException: setsockopt failed: EBADF (Bad file number)
W/Conscrypt( 2058): 	at libcore.io.Posix.setsockoptTimeval(Native Method)
W/Conscrypt( 2058): 	at libcore.io.ForwardingOs.setsockoptTimeval(ForwardingOs.java:147)
W/GLSUser ( 2058): [AppCertManager] IOException while requesting key: 
W/GLSUser ( 2058): java.io.IOException: Invalid device key response.
W/GLSUser ( 2058): 	at gcl.a(com.google.android.gms@12221280@12.2.21 (280-188803320):12)
W/GLSUser ( 2058): 	at gcl.a(com.google.android.gms@12221280@12.2.21 (280-188803320):64)
W/GLSUser ( 2058): 	at gcj.a(com.google.android.gms@12221280@12.2.21 (280-188803320):8)
W/GLSUser ( 2058): 	at gcf.a(com.google.android.gms@12221280@12.2.21 (280-188803320):1)
W/GLSUser ( 2058): 	at gce.a(com.google.android.gms@12221280@12.2.21 (280-188803320):10)
W/GLSUser ( 2058): 	at com.google.android.gms.auth.account.be.legacy.AuthCronChimeraService.b(com.google.android.gms@12221280@12.2.21 (280-188803320):7)
W/GLSUser ( 2058): 	at ffh.call(com.google.android.gms@12221280@12.2.21 (280-188803320):3)
W/GLSUser ( 2058): 	at java.util.concurrent.FutureTask.run(FutureTask.java:237)
W/GLSUser ( 2058): 	at nkk.run(com.google.android.gms@12221280@12.2.21 (280-188803320):26)
W/GLSUser ( 2058): 	at java.util.concurrent.ThreadPoolExecutor.runWorker(ThreadPoolExecutor.java:1112)
W/GLSUser ( 2058): 	at java.util.concurrent.ThreadPoolExecutor$Worker.run(ThreadPoolExecutor.java:587)
W/GLSUser ( 2058): 	at nqh.run(com.google.android.gms@12221280@12.2.21 (280-188803320))
W/GLSUser ( 2058): 	at java.lang.Thread.run(Thread.java:818)
W/GLSUser ( 2058): [DeviceKeyStore] Cannot load key: Device key file not found.
W/GLSUser ( 2058): [DeviceKeyStore] Cannot load key: Device key file not found.
W/Conscrypt( 2309): Could not set socket write timeout: java.lang.reflect.InvocationTargetException
W/Conscrypt( 2309): 	at java.lang.reflect.Method.invoke(Native Method)
W/Conscrypt( 2309): 	at java.lang.reflect.Method.invoke(Method.java:372)
W/Conscrypt( 2309): Caused by: android.system.ErrnoException: setsockopt failed: EBADF (Bad file number)
W/Conscrypt( 2309): 	at libcore.io.Posix.setsockoptTimeval(Native Method)
W/Conscrypt( 2309): 	at libcore.io.ForwardingOs.setsockoptTimeval(ForwardingOs.java:147)
W/Conscrypt( 2309): Could not set socket write timeout: java.lang.reflect.InvocationTargetException
W/Conscrypt( 2309): 	at java.lang.reflect.Method.invoke(Native Method)
W/Conscrypt( 2309): 	at java.lang.reflect.Method.invoke(Method.java:372)
W/Conscrypt( 2309): Caused by: android.system.ErrnoException: setsockopt failed: EBADF (Bad file number)
W/Conscrypt( 2309): 	at libcore.io.Posix.setsockoptTimeval(Native Method)
W/Conscrypt( 2309): 	at libcore.io.ForwardingOs.setsockoptTimeval(ForwardingOs.java:147)
E/MS_RegisterService( 2309): Exception during register request.
E/MS_RegisterService( 2309): bgod: PERMISSION_DENIED: The caller does not have permission
E/MS_RegisterService( 2309): 	at bgnz.c(com.google.android.gms@12221280@12.2.21 (280-188803320):3)
E/MS_RegisterService( 2309): 	at neb.a(com.google.android.gms@12221280@12.2.21 (280-188803320):86)
E/MS_RegisterService( 2309): 	at com.google.android.libraries.matchstick.net.SilentRegisterIntentOperation.a(com.google.android.gms@12221280@12.2.21 (280-188803320):245)
E/MS_RegisterService( 2309): 	at com.google.android.libraries.matchstick.net.SilentRegisterIntentOperation.onHandleIntent(com.google.android.gms@12221280@12.2.21 (280-188803320):341)
E/MS_RegisterService( 2309): 	at com.google.android.chimera.IntentOperation.onHandleIntent(com.google.android.gms@12221280@12.2.21 (280-188803320):2)
E/MS_RegisterService( 2309): 	at cup.run(com.google.android.gms@12221280@12.2.21 (280-188803320):10)
E/MS_RegisterService( 2309): 	at cum.run(com.google.android.gms@12221280@12.2.21 (280-188803320):9)
E/MS_RegisterService( 2309): 	at java.util.concurrent.ThreadPoolExecutor.runWorker(ThreadPoolExecutor.java:1112)
E/MS_RegisterService( 2309): 	at java.util.concurrent.ThreadPoolExecutor$Worker.run(ThreadPoolExecutor.java:587)
E/MS_RegisterService( 2309): 	at java.lang.Thread.run(Thread.java:818)
I/art     ( 1541): Explicit concurrent mark sweep GC freed 30975(1315KB) AllocSpace objects, 2(592KB) LOS objects, 30% free, 8MB/12MB, paused 625us total 22.623ms
I/UsageStatsService( 1541): User[0] Flushing usage stats to disk
I/EventLogChimeraService( 2309): Aggregate from 1524525296519 (log), 1524525295878 (data)
I/art     ( 2598): Rejecting re-init on previously-failed class java.lang.Class<com.google.ccc.abuse.droidguard.DroidGuard>
W/Conscrypt( 2058): Could not set socket write timeout: java.lang.reflect.InvocationTargetException
W/Conscrypt( 2058): 	at java.lang.reflect.Method.invoke(Native Method)
W/Conscrypt( 2058): 	at java.lang.reflect.Method.invoke(Method.java:372)
W/Conscrypt( 2058): Caused by: android.system.ErrnoException: setsockopt failed: EBADF (Bad file number)
W/Conscrypt( 2058): 	at libcore.io.Posix.setsockoptTimeval(Native Method)
W/Conscrypt( 2058): 	at libcore.io.ForwardingOs.setsockoptTimeval(ForwardingOs.java:147)
W/Conscrypt( 2058): Could not set socket write timeout: java.lang.reflect.InvocationTargetException
W/Conscrypt( 2058): 	at java.lang.reflect.Method.invoke(Native Method)
W/Conscrypt( 2058): 	at java.lang.reflect.Method.invoke(Method.java:372)
W/Conscrypt( 2058): Caused by: android.system.ErrnoException: setsockopt failed: EBADF (Bad file number)
W/Conscrypt( 2058): 	at libcore.io.Posix.setsockoptTimeval(Native Method)
W/Conscrypt( 2058): 	at libcore.io.ForwardingOs.setsockoptTimeval(ForwardingOs.java:147)
W/GLSUser ( 2058): [AppCertManager] IOException while requesting key: 
W/GLSUser ( 2058): java.io.IOException: Invalid device key response.
W/GLSUser ( 2058): 	at gcl.a(com.google.android.gms@12221280@12.2.21 (280-188803320):12)
W/GLSUser ( 2058): 	at gcl.a(com.google.android.gms@12221280@12.2.21 (280-188803320):64)
W/GLSUser ( 2058): 	at gcj.a(com.google.android.gms@12221280@12.2.21 (280-188803320):8)
W/GLSUser ( 2058): 	at gcf.a(com.google.android.gms@12221280@12.2.21 (280-188803320):1)
W/GLSUser ( 2058): 	at gce.a(com.google.android.gms@12221280@12.2.21 (280-188803320):10)
W/GLSUser ( 2058): 	at com.google.android.gms.auth.account.be.legacy.AuthCronChimeraService.b(com.google.android.gms@12221280@12.2.21 (280-188803320):7)
W/GLSUser ( 2058): 	at ffh.call(com.google.android.gms@12221280@12.2.21 (280-188803320):3)
W/GLSUser ( 2058): 	at java.util.concurrent.FutureTask.run(FutureTask.java:237)
W/GLSUser ( 2058): 	at nkk.run(com.google.android.gms@12221280@12.2.21 (280-188803320):26)
W/GLSUser ( 2058): 	at java.util.concurrent.ThreadPoolExecutor.runWorker(ThreadPoolExecutor.java:1112)
W/GLSUser ( 2058): 	at java.util.concurrent.ThreadPoolExecutor$Worker.run(ThreadPoolExecutor.java:587)
W/GLSUser ( 2058): 	at nqh.run(com.google.android.gms@12221280@12.2.21 (280-188803320))
W/GLSUser ( 2058): 	at java.lang.Thread.run(Thread.java:818)
W/BatteryStatsImpl( 1541): Couldn't get kernel wake lock stats
I/ActivityManager( 1541): Killing 1788:android.process.media/u0a5 (adj 11): empty for 1804s
I/ActivityManager( 1541): Killing 2695:com.google.android.gm/u0a43 (adj 13): empty for 1804s
I/ActivityManager( 1541): Killing 2508:com.android.mms/u0a9 (adj 13): empty for 1805s
I/ActivityManager( 1541): Killing 2833:com.google.android.gms.ui/u0a7 (adj 13): empty for 1805s
D/CountryDetector( 1541): No listener is left
I/ActivityManager( 1541): Killing 2339:com.google.android.apps.maps/u0a35 (adj 13): empty for 1805s
I/ActivityManager( 1541): Killing 2663:com.android.settings/1000 (adj 13): empty for 1806s
I/ProcessStatsService( 1541): Prepared write state in 1ms
E/Herrevad( 2309): [390] RemoteReportsRefreshChimeraService.a: want to send authenticated request, but no Google account on device
I/Icing   ( 2309): Performing maintenance.
I/Icing   ( 2309): updateResources: need to parse vnt{com.google.android.gms}
W/Conscrypt( 2309): Could not set socket write timeout: java.lang.reflect.InvocationTargetException
W/Conscrypt( 2309): 	at java.lang.reflect.Method.invoke(Native Method)
W/Conscrypt( 2309): 	at java.lang.reflect.Method.invoke(Method.java:372)
W/Conscrypt( 2309): Caused by: android.system.ErrnoException: setsockopt failed: EBADF (Bad file number)
W/Conscrypt( 2309): 	at libcore.io.Posix.setsockoptTimeval(Native Method)
W/Conscrypt( 2309): 	at libcore.io.ForwardingOs.setsockoptTimeval(ForwardingOs.java:147)
W/Conscrypt( 2309): Could not set socket write timeout: java.lang.reflect.InvocationTargetException
W/Conscrypt( 2309): 	at java.lang.reflect.Method.invoke(Native Method)
W/Conscrypt( 2309): 	at java.lang.reflect.Method.invoke(Method.java:372)
W/Conscrypt( 2309): Caused by: android.system.ErrnoException: setsockopt failed: EBADF (Bad file number)
W/Conscrypt( 2309): 	at libcore.io.Posix.setsockoptTimeval(Native Method)
W/Conscrypt( 2309): 	at libcore.io.ForwardingOs.setsockoptTimeval(ForwardingOs.java:147)
W/Icing   ( 2309): isOptedInForAppHistory: empty Account Name encountered
I/Icing   ( 2309): Performing maintenance usage 1835678 budget 652740943 free 99.719% index free 99.988% purge? false target 456918660
E/Volley  ( 2309): [134] BasicNetwork.performRequest: Unexpected response code 307 for https://android.googleapis.com/nova/herrevad/network_quality_info
I/Icing   ( 2309): Flash index sort hb 8 prefix-hits 17 -> 17 at 0.330ms
W/Herrevad( 2309): [390] RemoteReportsRefreshChimeraService.a: java.util.concurrent.ExecutionException: com.android.volley.ServerError
W/Herrevad( 2309): java.util.concurrent.ExecutionException: com.android.volley.ServerError
W/Herrevad( 2309): 	at com.android.volley.toolbox.RequestFuture.a(com.google.android.gms@12221280@12.2.21 (280-188803320):4)
W/Herrevad( 2309): 	at com.android.volley.toolbox.RequestFuture.get(com.google.android.gms@12221280@12.2.21 (280-188803320):2)
W/Herrevad( 2309): 	at com.google.android.gms.herrevad.services.RemoteReportsRefreshChimeraService.a(com.google.android.gms@12221280@12.2.21 (280-188803320):25)
W/Herrevad( 2309): 	at com.google.android.gms.herrevad.services.RemoteReportsRefreshChimeraService.a(com.google.android.gms@12221280@12.2.21 (280-188803320):33)
W/Herrevad( 2309): 	at ufd.run(com.google.android.gms@12221280@12.2.21 (280-188803320):1)
W/Herrevad( 2309): 	at java.util.concurrent.ThreadPoolExecutor.runWorker(ThreadPoolExecutor.java:1112)
W/Herrevad( 2309): 	at java.util.concurrent.ThreadPoolExecutor$Worker.run(ThreadPoolExecutor.java:587)
W/Herrevad( 2309): 	at java.lang.Thread.run(Thread.java:818)
W/Herrevad( 2309): Caused by: com.android.volley.ServerError
W/Herrevad( 2309): 	at com.android.volley.toolbox.BasicNetwork.performRequest(com.google.android.gms@12221280@12.2.21 (280-188803320):36)
W/Herrevad( 2309): 	at neh.performRequest(com.google.android.gms@12221280@12.2.21 (280-188803320):8)
W/Herrevad( 2309): 	at com.android.volley.NetworkDispatcher.a(com.google.android.gms@12221280@12.2.21 (280-188803320):7)
W/Herrevad( 2309): 	at com.android.volley.NetworkDispatcher.run(com.google.android.gms@12221280@12.2.21 (280-188803320):2)
E/Herrevad( 2309): [394] RemoteReportsRefreshChimeraService.a: want to send authenticated request, but no Google account on device
W/Conscrypt( 2309): Could not set socket write timeout: java.lang.reflect.InvocationTargetException
W/Conscrypt( 2309): 	at java.lang.reflect.Method.invoke(Native Method)
W/Conscrypt( 2309): 	at java.lang.reflect.Method.invoke(Method.java:372)
W/Conscrypt( 2309): Caused by: android.system.ErrnoException: setsockopt failed: EBADF (Bad file number)
W/Conscrypt( 2309): 	at libcore.io.Posix.setsockoptTimeval(Native Method)
W/Conscrypt( 2309): 	at libcore.io.ForwardingOs.setsockoptTimeval(ForwardingOs.java:147)
W/Conscrypt( 2309): Could not set socket write timeout: java.lang.reflect.InvocationTargetException
W/Conscrypt( 2309): 	at java.lang.reflect.Method.invoke(Native Method)
W/Conscrypt( 2309): 	at java.lang.reflect.Method.invoke(Method.java:372)
W/Conscrypt( 2309): Caused by: android.system.ErrnoException: setsockopt failed: EBADF (Bad file number)
W/Conscrypt( 2309): 	at libcore.io.Posix.setsockoptTimeval(Native Method)
W/Conscrypt( 2309): 	at libcore.io.ForwardingOs.setsockoptTimeval(ForwardingOs.java:147)
E/Volley  ( 2309): [135] BasicNetwork.performRequest: Unexpected response code 307 for https://android.googleapis.com/nova/herrevad/network_quality_info
W/Herrevad( 2309): [394] RemoteReportsRefreshChimeraService.a: java.util.concurrent.ExecutionException: com.android.volley.ServerError
W/Herrevad( 2309): java.util.concurrent.ExecutionException: com.android.volley.ServerError
W/Herrevad( 2309): 	at com.android.volley.toolbox.RequestFuture.a(com.google.android.gms@12221280@12.2.21 (280-188803320):4)
W/Herrevad( 2309): 	at com.android.volley.toolbox.RequestFuture.get(com.google.android.gms@12221280@12.2.21 (280-188803320):2)
W/Herrevad( 2309): 	at com.google.android.gms.herrevad.services.RemoteReportsRefreshChimeraService.a(com.google.android.gms@12221280@12.2.21 (280-188803320):25)
W/Herrevad( 2309): 	at com.google.android.gms.herrevad.services.RemoteReportsRefreshChimeraService.a(com.google.android.gms@12221280@12.2.21 (280-188803320):33)
W/Herrevad( 2309): 	at ufd.run(com.google.android.gms@12221280@12.2.21 (280-188803320):1)
W/Herrevad( 2309): 	at java.util.concurrent.ThreadPoolExecutor.runWorker(ThreadPoolExecutor.java:1112)
W/Herrevad( 2309): 	at java.util.concurrent.ThreadPoolExecutor$Worker.run(ThreadPoolExecutor.java:587)
W/Herrevad( 2309): 	at java.lang.Thread.run(Thread.java:818)
W/Herrevad( 2309): Caused by: com.android.volley.ServerError
W/Herrevad( 2309): 	at com.android.volley.toolbox.BasicNetwork.performRequest(com.google.android.gms@12221280@12.2.21 (280-188803320):36)
W/Herrevad( 2309): 	at neh.performRequest(com.google.android.gms@12221280@12.2.21 (280-188803320):8)
W/Herrevad( 2309): 	at com.android.volley.NetworkDispatcher.a(com.google.android.gms@12221280@12.2.21 (280-188803320):7)
W/Herrevad( 2309): 	at com.android.volley.NetworkDispatcher.run(com.google.android.gms@12221280@12.2.21 (280-188803320):2)
I/art     ( 2598): Rejecting re-init on previously-failed class java.lang.Class<com.google.ccc.abuse.droidguard.DroidGuard>
E/DG      ( 2598): FSC error
E/DG      ( 2598): qlf: java.lang.UnsatisfiedLinkError: com.google.ccc.abuse.droidguard.DroidGuard
E/DG      ( 2598): 	at qlj.<init>(com.google.android.gms@12221280@12.2.21 (280-188803320):9)
E/DG      ( 2598): 	at qlj.<init>(com.google.android.gms@12221280@12.2.21 (280-188803320):4)
E/DG      ( 2598): 	at qli.a(com.google.android.gms@12221280@12.2.21 (280-188803320):26)
E/DG      ( 2598): 	at com.google.android.gms.droidguard.DroidGuardChimeraService.onHandleIntent(com.google.android.gms@12221280@12.2.21 (280-188803320):25)
E/DG      ( 2598): 	at csg.handleMessage(com.google.android.gms@12221280@12.2.21 (280-188803320))
E/DG      ( 2598): 	at android.os.Handler.dispatchMessage(Handler.java:102)
E/DG      ( 2598): 	at android.os.Looper.loop(Looper.java:135)
E/DG      ( 2598): 	at android.os.HandlerThread.run(HandlerThread.java:61)
E/DG      ( 2598): Caused by: java.lang.UnsatisfiedLinkError: com.google.ccc.abuse.droidguard.DroidGuard
E/DG      ( 2598): 	at java.lang.reflect.Constructor.newInstance(Native Method)
E/DG      ( 2598): 	at java.lang.reflect.Constructor.newInstance(Constructor.java:288)
E/DG      ( 2598): 	at qlj.<init>(com.google.android.gms@12221280@12.2.21 (280-188803320):7)
E/DG      ( 2598): 	... 7 more
I/art     ( 2598): Rejecting re-init on previously-failed class java.lang.Class<com.google.ccc.abuse.droidguard.DroidGuard>
W/Conscrypt( 2058): Could not set socket write timeout: java.lang.reflect.InvocationTargetException
W/Conscrypt( 2058): 	at java.lang.reflect.Method.invoke(Native Method)
W/Conscrypt( 2058): 	at java.lang.reflect.Method.invoke(Method.java:372)
W/Conscrypt( 2058): Caused by: android.system.ErrnoException: setsockopt failed: EBADF (Bad file number)
W/Conscrypt( 2058): 	at libcore.io.Posix.setsockoptTimeval(Native Method)
W/Conscrypt( 2058): 	at libcore.io.ForwardingOs.setsockoptTimeval(ForwardingOs.java:147)
W/Conscrypt( 2058): Could not set socket write timeout: java.lang.reflect.InvocationTargetException
W/Conscrypt( 2058): 	at java.lang.reflect.Method.invoke(Native Method)
W/Conscrypt( 2058): 	at java.lang.reflect.Method.invoke(Method.java:372)
W/Conscrypt( 2058): Caused by: android.system.ErrnoException: setsockopt failed: EBADF (Bad file number)
W/Conscrypt( 2058): 	at libcore.io.Posix.setsockoptTimeval(Native Method)
W/Conscrypt( 2058): 	at libcore.io.ForwardingOs.setsockoptTimeval(ForwardingOs.java:147)
W/GLSUser ( 2058): [AppCertManager] IOException while requesting key: 
W/GLSUser ( 2058): java.io.IOException: Invalid device key response.
W/GLSUser ( 2058): 	at gcl.a(com.google.android.gms@12221280@12.2.21 (280-188803320):12)
W/GLSUser ( 2058): 	at gcl.a(com.google.android.gms@12221280@12.2.21 (280-188803320):64)
W/GLSUser ( 2058): 	at gcj.a(com.google.android.gms@12221280@12.2.21 (280-188803320):8)
W/GLSUser ( 2058): 	at gcf.a(com.google.android.gms@12221280@12.2.21 (280-188803320):1)
W/GLSUser ( 2058): 	at gce.a(com.google.android.gms@12221280@12.2.21 (280-188803320):10)
W/GLSUser ( 2058): 	at com.google.android.gms.auth.account.be.legacy.AuthCronChimeraService.b(com.google.android.gms@12221280@12.2.21 (280-188803320):7)
W/GLSUser ( 2058): 	at ffh.call(com.google.android.gms@12221280@12.2.21 (280-188803320):3)
W/GLSUser ( 2058): 	at java.util.concurrent.FutureTask.run(FutureTask.java:237)
W/GLSUser ( 2058): 	at nkk.run(com.google.android.gms@12221280@12.2.21 (280-188803320):26)
W/GLSUser ( 2058): 	at java.util.concurrent.ThreadPoolExecutor.runWorker(ThreadPoolExecutor.java:1112)
W/GLSUser ( 2058): 	at java.util.concurrent.ThreadPoolExecutor$Worker.run(ThreadPoolExecutor.java:587)
W/GLSUser ( 2058): 	at nqh.run(com.google.android.gms@12221280@12.2.21 (280-188803320))
W/GLSUser ( 2058): 	at java.lang.Thread.run(Thread.java:818)
E/Herrevad( 2309): [396] RemoteReportsRefreshChimeraService.a: want to send authenticated request, but no Google account on device
W/Conscrypt( 2309): Could not set socket write timeout: java.lang.reflect.InvocationTargetException
W/Conscrypt( 2309): 	at java.lang.reflect.Method.invoke(Native Method)
W/Conscrypt( 2309): 	at java.lang.reflect.Method.invoke(Method.java:372)
W/Conscrypt( 2309): Caused by: android.system.ErrnoException: setsockopt failed: EBADF (Bad file number)
W/Conscrypt( 2309): 	at libcore.io.Posix.setsockoptTimeval(Native Method)
W/Conscrypt( 2309): 	at libcore.io.ForwardingOs.setsockoptTimeval(ForwardingOs.java:147)
I/EventLogChimeraService( 2309): Aggregate from 1524526974124 (log), 1524526974124 (data)
W/Conscrypt( 2309): Could not set socket write timeout: java.lang.reflect.InvocationTargetException
W/Conscrypt( 2309): 	at java.lang.reflect.Method.invoke(Native Method)
W/Conscrypt( 2309): 	at java.lang.reflect.Method.invoke(Method.java:372)
W/Conscrypt( 2309): Caused by: android.system.ErrnoException: setsockopt failed: EBADF (Bad file number)
W/Conscrypt( 2309): 	at libcore.io.Posix.setsockoptTimeval(Native Method)
W/Conscrypt( 2309): 	at libcore.io.ForwardingOs.setsockoptTimeval(ForwardingOs.java:147)
E/Volley  ( 2309): [137] BasicNetwork.performRequest: Unexpected response code 307 for https://android.googleapis.com/nova/herrevad/network_quality_info
W/Herrevad( 2309): [396] RemoteReportsRefreshChimeraService.a: java.util.concurrent.ExecutionException: com.android.volley.ServerError
W/Herrevad( 2309): java.util.concurrent.ExecutionException: com.android.volley.ServerError
W/Herrevad( 2309): 	at com.android.volley.toolbox.RequestFuture.a(com.google.android.gms@12221280@12.2.21 (280-188803320):4)
W/Herrevad( 2309): 	at com.android.volley.toolbox.RequestFuture.get(com.google.android.gms@12221280@12.2.21 (280-188803320):2)
W/Herrevad( 2309): 	at com.google.android.gms.herrevad.services.RemoteReportsRefreshChimeraService.a(com.google.android.gms@12221280@12.2.21 (280-188803320):25)
W/Herrevad( 2309): 	at com.google.android.gms.herrevad.services.RemoteReportsRefreshChimeraService.a(com.google.android.gms@12221280@12.2.21 (280-188803320):33)
W/Herrevad( 2309): 	at ufd.run(com.google.android.gms@12221280@12.2.21 (280-188803320):1)
W/Herrevad( 2309): 	at java.util.concurrent.ThreadPoolExecutor.runWorker(ThreadPoolExecutor.java:1112)
W/Herrevad( 2309): 	at java.util.concurrent.ThreadPoolExecutor$Worker.run(ThreadPoolExecutor.java:587)
W/Herrevad( 2309): 	at java.lang.Thread.run(Thread.java:818)
W/Herrevad( 2309): Caused by: com.android.volley.ServerError
W/Herrevad( 2309): 	at com.android.volley.toolbox.BasicNetwork.performRequest(com.google.android.gms@12221280@12.2.21 (280-188803320):36)
W/Herrevad( 2309): 	at neh.performRequest(com.google.android.gms@12221280@12.2.21 (280-188803320):8)
W/Herrevad( 2309): 	at com.android.volley.NetworkDispatcher.a(com.google.android.gms@12221280@12.2.21 (280-188803320):7)
W/Herrevad( 2309): 	at com.android.volley.NetworkDispatcher.run(com.google.android.gms@12221280@12.2.21 (280-188803320):2)
W/BatteryStatsImpl( 1541): Couldn't get kernel wake lock stats
I/ProcessStatsService( 1541): Prepared write state in 2ms
I/chromium( 2309): [INFO:CONSOLE(0)] "Application Cache Checking event", source: https://googleads.g.doubleclick.net/mads/static/mad/sdk/native/sdk-core-v40-loader.html (0)
I/chromium( 2309): [INFO:CONSOLE(0)] "Application Cache NoUpdate event", source: https://googleads.g.doubleclick.net/mads/static/mad/sdk/native/sdk-core-v40-loader.html (0)
V/BackupManagerService( 1541): Running a backup pass
V/BackupManagerService( 1541): clearing pending backups
V/PerformBackupTask( 1541): Beginning backup of 9 targets
D/PerformBackupTask( 1541): invokeAgentForBackup on @pm@
V/BackupServiceBinder( 1541): doBackup() invoked
I/BackupRestoreController( 1541): Getting widget state for user: 0
I/PerformBackupTask( 1541): no backup data written; not calling transport
I/LatinIME:LogUtils( 1766): Dictionary info: dictionary = UserHistoryDictionary.en_US ; version = 1523744219 ; date = 1524529854
D/PerformBackupTask( 1541): starting agent for backup of BackupRequest{pkg=com.google.android.gm}
I/ActivityManager( 1541): Start proc 3956:com.google.android.gm/u0a43 for backup com.google.android.gm/.persistence.GmailBackupAgent
D/BackupManagerService( 1541): awaiting agent for ApplicationInfo{3bf27c5f com.google.android.gm}
E/Herrevad( 2309): [404] RemoteReportsRefreshChimeraService.a: want to send authenticated request, but no Google account on device
I/Gmail   ( 3956): getAccountsCursor
D/ActivityThread( 3956): Loading provider com.google.android.gmail.provider;com.android.mail.notifier;com.google.android.gm.email.provider;com.google.android.gm.email.notifier: com.android.email.provider.EmailProvider
W/ChimeraUtils( 2058): Non Chimera context
W/Conscrypt( 2309): Could not set socket write timeout: java.lang.reflect.InvocationTargetException
W/Conscrypt( 2309): 	at java.lang.reflect.Method.invoke(Native Method)
W/Conscrypt( 2309): 	at java.lang.reflect.Method.invoke(Method.java:372)
W/Conscrypt( 2309): Caused by: android.system.ErrnoException: setsockopt failed: EBADF (Bad file number)
W/Conscrypt( 2309): 	at libcore.io.Posix.setsockoptTimeval(Native Method)
W/Conscrypt( 2309): 	at libcore.io.ForwardingOs.setsockoptTimeval(ForwardingOs.java:147)
W/ActivityManager( 1541): Unable to start service Intent { act=com.google.android.gm.email.EXCHANGE_INTENT pkg=com.google.android.gm.exchange } U=0: not found
W/ActivityManager( 1541): Unable to start service Intent { act=com.google.android.gm.email.EXCHANGE_INTENT pkg=com.google.android.gm.exchange } U=0: not found
W/Conscrypt( 2309): Could not set socket write timeout: java.lang.reflect.InvocationTargetException
W/Conscrypt( 2309): 	at java.lang.reflect.Method.invoke(Native Method)
W/Conscrypt( 2309): 	at java.lang.reflect.Method.invoke(Method.java:372)
W/Conscrypt( 2309): Caused by: android.system.ErrnoException: setsockopt failed: EBADF (Bad file number)
W/Conscrypt( 2309): 	at libcore.io.Posix.setsockoptTimeval(Native Method)
W/Conscrypt( 2309): 	at libcore.io.ForwardingOs.setsockoptTimeval(ForwardingOs.java:147)
W/ActivityManager( 1541): Unable to start service Intent { cmp=com.google.android.gm/com.android.email.service.AttachmentService } U=0: not found
W/ActivityManager( 1541): Unable to start service Intent { cmp=com.google.android.gm/com.android.email.service.AttachmentService } U=0: not found
W/ActivityManager( 1541): Unable to start service Intent { act=com.google.android.gm.email.EXCHANGE_INTENT pkg=com.google.android.gm.exchange } U=0: not found
W/GAV2    ( 3956): Thread[main,5,main]: Need to call initialize() and be in fallback mode to start dispatch.
I/Gmail   ( 3956): Observing account changes for notifications
W/ActivityManager( 1541): Unable to start service Intent { act=com.google.android.gm.email.EXCHANGE_INTENT pkg=com.google.android.gm.exchange } U=0: not found
W/ActivityManager( 1541): Unable to start service Intent { act=com.google.android.gm.email.EXCHANGE_INTENT pkg=com.google.android.gm.exchange } U=0: not found
D/BackupManagerService( 1541): agentConnected pkg=com.google.android.gm agent=android.os.BinderProxy@22374712
I/BackupManagerService( 1541): got agent android.app.IBackupAgent$Stub$Proxy@331ceee3
D/PerformBackupTask( 1541): invokeAgentForBackup on com.google.android.gm
I/Icing   ( 2309): IndexChimeraService.getServiceInterface callingPackage=com.google.android.gm componentName=null serviceId=21
E/Volley  ( 2309): [132] BasicNetwork.performRequest: Unexpected response code 307 for https://android.googleapis.com/nova/herrevad/network_quality_info
I/Gmail   ( 3956): getAccountsCursor
W/Herrevad( 2309): [404] RemoteReportsRefreshChimeraService.a: java.util.concurrent.ExecutionException: com.android.volley.ServerError
W/Herrevad( 2309): java.util.concurrent.ExecutionException: com.android.volley.ServerError
W/Herrevad( 2309): 	at com.android.volley.toolbox.RequestFuture.a(com.google.android.gms@12221280@12.2.21 (280-188803320):4)
W/Herrevad( 2309): 	at com.android.volley.toolbox.RequestFuture.get(com.google.android.gms@12221280@12.2.21 (280-188803320):2)
W/Herrevad( 2309): 	at com.google.android.gms.herrevad.services.RemoteReportsRefreshChimeraService.a(com.google.android.gms@12221280@12.2.21 (280-188803320):25)
W/Herrevad( 2309): 	at com.google.android.gms.herrevad.services.RemoteReportsRefreshChimeraService.a(com.google.android.gms@12221280@12.2.21 (280-188803320):33)
W/Herrevad( 2309): 	at ufd.run(com.google.android.gms@12221280@12.2.21 (280-188803320):1)
W/Herrevad( 2309): 	at java.util.concurrent.ThreadPoolExecutor.runWorker(ThreadPoolExecutor.java:1112)
W/Herrevad( 2309): 	at java.util.concurrent.ThreadPoolExecutor$Worker.run(ThreadPoolExecutor.java:587)
W/Herrevad( 2309): 	at java.lang.Thread.run(Thread.java:818)
W/Herrevad( 2309): Caused by: com.android.volley.ServerError
W/Herrevad( 2309): 	at com.android.volley.toolbox.BasicNetwork.performRequest(com.google.android.gms@12221280@12.2.21 (280-188803320):36)
W/Herrevad( 2309): 	at neh.performRequest(com.google.android.gms@12221280@12.2.21 (280-188803320):8)
W/Herrevad( 2309): 	at com.android.volley.NetworkDispatcher.a(com.google.android.gms@12221280@12.2.21 (280-188803320):7)
W/Herrevad( 2309): 	at com.android.volley.NetworkDispatcher.run(com.google.android.gms@12221280@12.2.21 (280-188803320):2)
E/Gmail   ( 3956): Error finding the version of the Email provider.....
E/Gmail   ( 3956): android.content.pm.PackageManager$NameNotFoundException: com.google.android.email
E/Gmail   ( 3956): 	at android.app.ApplicationPackageManager.getPackageInfo(ApplicationPackageManager.java:114)
E/Gmail   ( 3956): 	at com.google.android.gm.EmailMigrationService.aU(SourceFile:1236)
E/Gmail   ( 3956): 	at com.google.android.gm.EmailMigrationService.onHandleIntent(SourceFile:188)
E/Gmail   ( 3956): 	at android.app.IntentService$ServiceHandler.handleMessage(IntentService.java:65)
E/Gmail   ( 3956): 	at android.os.Handler.dispatchMessage(Handler.java:102)
E/Gmail   ( 3956): 	at android.os.Looper.loop(Looper.java:135)
E/Gmail   ( 3956): 	at android.os.HandlerThread.run(HandlerThread.java:61)
W/EmailMigration( 3956): We do not support migrating this version of the Email provider.
I/Icing   ( 2309): Usage reports ok 0, Failed Usage reports 0, indexed 0, rejected 0, imm upload false
I/Gmail   ( 3956): getAccountsCursor
V/BackupServiceBinder( 3956): doBackup() invoked
I/BackupRestoreController( 1541): Getting widget state for user: 0
I/PerformBackupTask( 1541): no backup data written; not calling transport
D/PerformBackupTask( 1541): starting agent for backup of BackupRequest{pkg=com.android.providers.userdictionary}
D/BackupManagerService( 1541): awaiting agent for ApplicationInfo{362844c5 com.android.providers.userdictionary}
D/BackupManagerService( 1541): agentConnected pkg=com.android.providers.userdictionary agent=android.os.BinderProxy@9777e1a
I/BackupManagerService( 1541): got agent android.app.IBackupAgent$Stub$Proxy@1268cd4b
D/PerformBackupTask( 1541): invokeAgentForBackup on com.android.providers.userdictionary
V/BackupServiceBinder( 1963): doBackup() invoked
E/DictionaryBackupAgent( 1963): Couldn't read from the cursor
I/BackupRestoreController( 1541): Getting widget state for user: 0
I/PerformBackupTask( 1541): no backup data written; not calling transport
D/PerformBackupTask( 1541): starting agent for backup of BackupRequest{pkg=com.google.android.calendar}
D/BackupManagerService( 1541): awaiting agent for ApplicationInfo{182e7328 com.google.android.calendar}
D/BackupManagerService( 1541): agentConnected pkg=com.google.android.calendar agent=android.os.BinderProxy@2bcd6841
I/BackupManagerService( 1541): got agent android.app.IBackupAgent$Stub$Proxy@1f7f61e6
D/PerformBackupTask( 1541): invokeAgentForBackup on com.google.android.calendar
V/BackupServiceBinder( 2424): doBackup() invoked
D/BackupHelperDispatcher( 2424): handling existing helper 'shared_pref' android.app.backup.SharedPreferencesBackupHelper@243d7ded
I/BackupRestoreController( 1541): Getting widget state for user: 0
I/PerformBackupTask( 1541): no backup data written; not calling transport
D/PerformBackupTask( 1541): starting agent for backup of BackupRequest{pkg=com.android.providers.settings}
D/BackupManagerService( 1541): awaiting agent for ApplicationInfo{16f4f327 com.android.providers.settings}
D/BackupManagerService( 1541): agentConnected pkg=com.android.providers.settings agent=android.app.backup.BackupAgent$BackupServiceBinder@1f8b99d4
I/BackupManagerService( 1541): got agent android.app.backup.BackupAgent$BackupServiceBinder@1f8b99d4
D/PerformBackupTask( 1541): invokeAgentForBackup on com.android.providers.settings
V/BackupServiceBinder( 1541): doBackup() invoked
I/ActivityManager( 1541): Start proc 4000:android.process.media/u0a5 for content provider com.android.providers.media/.MediaProvider
I/ActivityManager( 1541): Killing 2424:com.google.android.calendar/u0a18 (adj 15): empty for 4547s
E/SQLiteLog( 4000): (283) recovered 38 frames from WAL file /data/user/0/com.android.providers.media/databases/external.db-wal
E/SQLiteLog( 4000): (283) recovered 60 frames from WAL file /data/user/0/com.android.providers.media/databases/internal.db-wal
W/Conscrypt( 2058): Could not set socket write timeout: java.lang.reflect.InvocationTargetException
W/Conscrypt( 2058): 	at java.lang.reflect.Method.invoke(Native Method)
W/Conscrypt( 2058): 	at java.lang.reflect.Method.invoke(Method.java:372)
W/Conscrypt( 2058): Caused by: android.system.ErrnoException: setsockopt failed: EBADF (Bad file number)
W/Conscrypt( 2058): 	at libcore.io.Posix.setsockoptTimeval(Native Method)
W/Conscrypt( 2058): 	at libcore.io.ForwardingOs.setsockoptTimeval(ForwardingOs.java:147)
I/ActivityManager( 1541): Killing 2460:com.android.providers.calendar/u0a1 (adj 15): empty for 4525s
W/SettingsBackupAgent( 1541): Couldn't backup /data/misc/wifi/ipconfig.txt
I/BackupRestoreController( 1541): Getting widget state for user: 0
I/PerformBackupTask( 1541): no backup data written; not calling transport
D/PerformBackupTask( 1541): starting agent for backup of BackupRequest{pkg=android}
D/BackupManagerService( 1541): awaiting agent for ApplicationInfo{31204f6c android}
D/BackupManagerService( 1541): agentConnected pkg=android agent=android.app.backup.BackupAgent$BackupServiceBinder@1c7ce935
I/BackupManagerService( 1541): got agent android.app.backup.BackupAgent$BackupServiceBinder@1c7ce935
D/PerformBackupTask( 1541): invokeAgentForBackup on android
V/BackupServiceBinder( 1541): doBackup() invoked
D/BackupHelperDispatcher( 1541): handling existing helper 'recents' android.app.backup.RecentsBackupHelper@43ba1ca
D/BackupHelperDispatcher( 1541): handling existing helper 'wallpaper' android.app.backup.WallpaperBackupHelper@24eb9f3b
I/BackupRestoreController( 1541): Getting widget state for user: 0
D/PerformBackupTask( 1541): starting agent for backup of BackupRequest{pkg=com.android.dialer}
W/Conscrypt( 2058): Could not set socket write timeout: java.lang.reflect.InvocationTargetException
W/Conscrypt( 2058): 	at java.lang.reflect.Method.invoke(Native Method)
W/Conscrypt( 2058): 	at java.lang.reflect.Method.invoke(Method.java:372)
W/Conscrypt( 2058): Caused by: android.system.ErrnoException: setsockopt failed: EBADF (Bad file number)
W/Conscrypt( 2058): 	at libcore.io.Posix.setsockoptTimeval(Native Method)
W/Conscrypt( 2058): 	at libcore.io.ForwardingOs.setsockoptTimeval(ForwardingOs.java:147)
I/ActivityManager( 1541): Start proc 4023:com.android.dialer/u0a4 for backup com.android.dialer/.DialerBackupAgent
D/BackupManagerService( 1541): awaiting agent for ApplicationInfo{2578f658 com.android.dialer}
I/art     ( 1180): Explicit concurrent mark sweep GC freed 704(30KB) AllocSpace objects, 0(0B) LOS objects, 89% free, 118KB/1142KB, paused 33us total 2.592ms
I/art     ( 1180): Explicit concurrent mark sweep GC freed 5(160B) AllocSpace objects, 0(0B) LOS objects, 89% free, 118KB/1142KB, paused 16us total 2.311ms
I/art     ( 1180): Explicit concurrent mark sweep GC freed 5(160B) AllocSpace objects, 0(0B) LOS objects, 89% free, 118KB/1142KB, paused 16us total 2.134ms
D/ExtensionsFactory( 4023): No custom extensions.
D/BackupManagerService( 1541): agentConnected pkg=com.android.dialer agent=android.os.BinderProxy@2f9fe3b1
I/BackupManagerService( 1541): got agent android.app.IBackupAgent$Stub$Proxy@a5a1096
D/PerformBackupTask( 1541): invokeAgentForBackup on com.android.dialer
V/BackupServiceBinder( 4023): doBackup() invoked
D/BackupHelperDispatcher( 4023): handling existing helper 'shared_pref' android.app.backup.SharedPreferencesBackupHelper@2ab17610
I/BackupRestoreController( 1541): Getting widget state for user: 0
I/PerformBackupTask( 1541): no backup data written; not calling transport
D/PerformBackupTask( 1541): starting agent for backup of BackupRequest{pkg=com.android.sharedstoragebackup}
I/ActivityManager( 1541): Start proc 4041:com.android.sharedstoragebackup/u0a11 for backup com.android.sharedstoragebackup/.SharedStorageAgent
D/BackupManagerService( 1541): awaiting agent for ApplicationInfo{36af417 com.android.sharedstoragebackup}
I/ActivityManager( 1541): Killing 2556:com.android.keychain/1000 (adj 15): empty for 4523s
W/Uploader( 2058):  no longer exists, so no auth token.
D/BackupManagerService( 1541): agentConnected pkg=com.android.sharedstoragebackup agent=android.os.BinderProxy@2bb32004
I/BackupManagerService( 1541): got agent android.app.IBackupAgent$Stub$Proxy@361e09ed
D/PerformBackupTask( 1541): invokeAgentForBackup on com.android.sharedstoragebackup
V/BackupServiceBinder( 4041): doBackup() invoked
I/BackupRestoreController( 1541): Getting widget state for user: 0
I/PerformBackupTask( 1541): no backup data written; not calling transport
D/PerformBackupTask( 1541): starting agent for backup of BackupRequest{pkg=com.android.browser}
I/ActivityManager( 1541): Start proc 4059:com.android.browser/u0a16 for backup com.android.browser/.BrowserBackupAgent
D/BackupManagerService( 1541): awaiting agent for ApplicationInfo{c1ea022 com.android.browser}
I/ActivityManager( 1541): Killing 3531:com.svox.pico/u0a41 (adj 15): empty for 4523s
D/BackupManagerService( 1541): agentConnected pkg=com.android.browser agent=android.os.BinderProxy@3a20bab3
I/BackupManagerService( 1541): got agent android.app.IBackupAgent$Stub$Proxy@12443870
D/PerformBackupTask( 1541): invokeAgentForBackup on com.android.browser
V/BackupServiceBinder( 4059): doBackup() invoked
I/BackupRestoreController( 1541): Getting widget state for user: 0
I/PerformBackupTask( 1541): no backup data written; not calling transport
D/PerformBackupTask( 1541): starting agent for backup of BackupRequest{pkg=com.google.android.googlequicksearchbox}
D/BackupManagerService( 1541): awaiting agent for ApplicationInfo{26de57e9 com.google.android.googlequicksearchbox}
D/BackupManagerService( 1541): agentConnected pkg=com.google.android.googlequicksearchbox agent=android.os.BinderProxy@32aa9c6e
I/BackupManagerService( 1541): got agent android.app.IBackupAgent$Stub$Proxy@39624f0f
D/PerformBackupTask( 1541): invokeAgentForBackup on com.google.android.googlequicksearchbox
V/BackupServiceBinder( 1869): doBackup() invoked
D/BackupHelperDispatcher( 1869): handling existing helper 'L' aai@b226511
I/BackupRestoreController( 1541): Getting widget state for user: 0
I/BackupManagerService( 1541): Backup pass finished.
I/ActivityManager( 1541): Killing 1963:android.process.acore/u0a2 (adj 15): empty for 4528s
I/GAV2    ( 3956): Thread[GAThread,5,main]: No campaign data found.
E/Herrevad( 2309): [411] RemoteReportsRefreshChimeraService.a: want to send authenticated request, but no Google account on device
W/Conscrypt( 2309): Could not set socket write timeout: java.lang.reflect.InvocationTargetException
W/Conscrypt( 2309): 	at java.lang.reflect.Method.invoke(Native Method)
W/Conscrypt( 2309): 	at java.lang.reflect.Method.invoke(Method.java:372)
W/Conscrypt( 2309): Caused by: android.system.ErrnoException: setsockopt failed: EBADF (Bad file number)
W/Conscrypt( 2309): 	at libcore.io.Posix.setsockoptTimeval(Native Method)
W/Conscrypt( 2309): 	at libcore.io.ForwardingOs.setsockoptTimeval(ForwardingOs.java:147)
I/art     ( 1541): Explicit concurrent mark sweep GC freed 30918(1839KB) AllocSpace objects, 2(32KB) LOS objects, 30% free, 9MB/13MB, paused 609us total 16.987ms
I/EventLogChimeraService( 2309): Aggregate from 1524528654192 (log), 1524528654192 (data)
W/Conscrypt( 2309): Could not set socket write timeout: java.lang.reflect.InvocationTargetException
W/Conscrypt( 2309): 	at java.lang.reflect.Method.invoke(Native Method)
W/Conscrypt( 2309): 	at java.lang.reflect.Method.invoke(Method.java:372)
W/Conscrypt( 2309): Caused by: android.system.ErrnoException: setsockopt failed: EBADF (Bad file number)
W/Conscrypt( 2309): 	at libcore.io.Posix.setsockoptTimeval(Native Method)
W/Conscrypt( 2309): 	at libcore.io.ForwardingOs.setsockoptTimeval(ForwardingOs.java:147)
E/Volley  ( 2309): [134] BasicNetwork.performRequest: Unexpected response code 307 for https://android.googleapis.com/nova/herrevad/network_quality_info
W/Herrevad( 2309): [411] RemoteReportsRefreshChimeraService.a: java.util.concurrent.ExecutionException: com.android.volley.ServerError
W/Herrevad( 2309): java.util.concurrent.ExecutionException: com.android.volley.ServerError
W/Herrevad( 2309): 	at com.android.volley.toolbox.RequestFuture.a(com.google.android.gms@12221280@12.2.21 (280-188803320):4)
W/Herrevad( 2309): 	at com.android.volley.toolbox.RequestFuture.get(com.google.android.gms@12221280@12.2.21 (280-188803320):2)
W/Herrevad( 2309): 	at com.google.android.gms.herrevad.services.RemoteReportsRefreshChimeraService.a(com.google.android.gms@12221280@12.2.21 (280-188803320):25)
W/Herrevad( 2309): 	at com.google.android.gms.herrevad.services.RemoteReportsRefreshChimeraService.a(com.google.android.gms@12221280@12.2.21 (280-188803320):33)
W/Herrevad( 2309): 	at ufd.run(com.google.android.gms@12221280@12.2.21 (280-188803320):1)
W/Herrevad( 2309): 	at java.util.concurrent.ThreadPoolExecutor.runWorker(ThreadPoolExecutor.java:1112)
W/Herrevad( 2309): 	at java.util.concurrent.ThreadPoolExecutor$Worker.run(ThreadPoolExecutor.java:587)
W/Herrevad( 2309): 	at java.lang.Thread.run(Thread.java:818)
W/Herrevad( 2309): Caused by: com.android.volley.ServerError
W/Herrevad( 2309): 	at com.android.volley.toolbox.BasicNetwork.performRequest(com.google.android.gms@12221280@12.2.21 (280-188803320):36)
W/Herrevad( 2309): 	at neh.performRequest(com.google.android.gms@12221280@12.2.21 (280-188803320):8)
W/Herrevad( 2309): 	at com.android.volley.NetworkDispatcher.a(com.google.android.gms@12221280@12.2.21 (280-188803320):7)
W/Herrevad( 2309): 	at com.android.volley.NetworkDispatcher.run(com.google.android.gms@12221280@12.2.21 (280-188803320):2)
I/art     ( 2598): Rejecting re-init on previously-failed class java.lang.Class<com.google.ccc.abuse.droidguard.DroidGuard>
W/ConfigurationChimeraPro( 2058): Got null configs for com.google.android.gms.common_auth -- metadata{ service_id: 51 }
I/Auth    ( 2058): [ReflectiveChannelBinder] Successfully bound channel!
W/Conscrypt( 2058): Could not set socket write timeout: java.lang.reflect.InvocationTargetException
W/Conscrypt( 2058): 	at java.lang.reflect.Method.invoke(Native Method)
W/Conscrypt( 2058): 	at java.lang.reflect.Method.invoke(Method.java:372)
W/Conscrypt( 2058): Caused by: android.system.ErrnoException: setsockopt failed: EBADF (Bad file number)
W/Conscrypt( 2058): 	at libcore.io.Posix.setsockoptTimeval(Native Method)
W/Conscrypt( 2058): 	at libcore.io.ForwardingOs.setsockoptTimeval(ForwardingOs.java:147)
W/Conscrypt( 2058): Could not set socket write timeout: java.lang.reflect.InvocationTargetException
W/Conscrypt( 2058): 	at java.lang.reflect.Method.invoke(Native Method)
W/Conscrypt( 2058): 	at java.lang.reflect.Method.invoke(Method.java:372)
W/Conscrypt( 2058): Caused by: android.system.ErrnoException: setsockopt failed: EBADF (Bad file number)
W/Conscrypt( 2058): 	at libcore.io.Posix.setsockoptTimeval(Native Method)
W/Conscrypt( 2058): 	at libcore.io.ForwardingOs.setsockoptTimeval(ForwardingOs.java:147)
W/GLSUser ( 2058): [AppCertManager] IOException while requesting key: 
W/GLSUser ( 2058): java.io.IOException: Invalid device key response.
W/GLSUser ( 2058): 	at gcl.a(com.google.android.gms@12221280@12.2.21 (280-188803320):12)
W/GLSUser ( 2058): 	at gcl.a(com.google.android.gms@12221280@12.2.21 (280-188803320):64)
W/GLSUser ( 2058): 	at gcj.a(com.google.android.gms@12221280@12.2.21 (280-188803320):8)
W/GLSUser ( 2058): 	at gcf.a(com.google.android.gms@12221280@12.2.21 (280-188803320):1)
W/GLSUser ( 2058): 	at gce.a(com.google.android.gms@12221280@12.2.21 (280-188803320):10)
W/GLSUser ( 2058): 	at com.google.android.gms.auth.account.be.legacy.AuthCronChimeraService.b(com.google.android.gms@12221280@12.2.21 (280-188803320):7)
W/GLSUser ( 2058): 	at ffh.call(com.google.android.gms@12221280@12.2.21 (280-188803320):3)
W/GLSUser ( 2058): 	at java.util.concurrent.FutureTask.run(FutureTask.java:237)
W/GLSUser ( 2058): 	at nkk.run(com.google.android.gms@12221280@12.2.21 (280-188803320):26)
W/GLSUser ( 2058): 	at java.util.concurrent.ThreadPoolExecutor.runWorker(ThreadPoolExecutor.java:1112)
W/GLSUser ( 2058): 	at java.util.concurrent.ThreadPoolExecutor$Worker.run(ThreadPoolExecutor.java:587)
W/GLSUser ( 2058): 	at nqh.run(com.google.android.gms@12221280@12.2.21 (280-188803320))
W/GLSUser ( 2058): 	at java.lang.Thread.run(Thread.java:818)
W/BatteryStatsImpl( 1541): Couldn't get kernel wake lock stats
I/ProcessStatsService( 1541): Prepared write state in 2ms
E/Herrevad( 2309): [419] RemoteReportsRefreshChimeraService.a: want to send authenticated request, but no Google account on device
W/Conscrypt( 2309): Could not set socket write timeout: java.lang.reflect.InvocationTargetException
W/Conscrypt( 2309): 	at java.lang.reflect.Method.invoke(Native Method)
W/Conscrypt( 2309): 	at java.lang.reflect.Method.invoke(Method.java:372)
W/Conscrypt( 2309): Caused by: android.system.ErrnoException: setsockopt failed: EBADF (Bad file number)
W/Conscrypt( 2309): 	at libcore.io.Posix.setsockoptTimeval(Native Method)
W/Conscrypt( 2309): 	at libcore.io.ForwardingOs.setsockoptTimeval(ForwardingOs.java:147)
W/Conscrypt( 2309): Could not set socket write timeout: java.lang.reflect.InvocationTargetException
W/Conscrypt( 2309): 	at java.lang.reflect.Method.invoke(Native Method)
W/Conscrypt( 2309): 	at java.lang.reflect.Method.invoke(Method.java:372)
W/Conscrypt( 2309): Caused by: android.system.ErrnoException: setsockopt failed: EBADF (Bad file number)
W/Conscrypt( 2309): 	at libcore.io.Posix.setsockoptTimeval(Native Method)
W/Conscrypt( 2309): 	at libcore.io.ForwardingOs.setsockoptTimeval(ForwardingOs.java:147)
E/Volley  ( 2309): [135] BasicNetwork.performRequest: Unexpected response code 307 for https://android.googleapis.com/nova/herrevad/network_quality_info
W/Herrevad( 2309): [419] RemoteReportsRefreshChimeraService.a: java.util.concurrent.ExecutionException: com.android.volley.ServerError
