W/Conscrypt( 2058): 	at java.lang.reflect.Method.invoke(Method.java:372)
W/Conscrypt( 2058): Caused by: android.system.ErrnoException: setsockopt failed: EBADF (Bad file number)
W/Conscrypt( 2058): 	at libcore.io.Posix.setsockoptTimeval(Native Method)
W/Conscrypt( 2058): 	at libcore.io.ForwardingOs.setsockoptTimeval(ForwardingOs.java:147)
W/Conscrypt( 2058): Could not set socket write timeout: java.lang.reflect.InvocationTargetException
W/Conscrypt( 2058): 	at java.lang.reflect.Method.invoke(Native Method)
W/Conscrypt( 2058): 	at java.lang.reflect.Method.invoke(Method.java:372)
W/Conscrypt( 2058): Caused by: android.system.ErrnoException: setsockopt failed: EBADF (Bad file number)
W/Conscrypt( 2058): 	at libcore.io.Posix.setsockoptTimeval(Native Method)
W/Conscrypt( 2058): 	at libcore.io.ForwardingOs.setsockoptTimeval(ForwardingOs.java:147)
W/Conscrypt( 2309): Could not set socket write timeout: java.lang.reflect.InvocationTargetException
W/Conscrypt( 2309): 	at java.lang.reflect.Method.invoke(Native Method)
W/Conscrypt( 2309): 	at java.lang.reflect.Method.invoke(Method.java:372)
W/Conscrypt( 2309): Caused by: android.system.ErrnoException: setsockopt failed: EBADF (Bad file number)
W/Conscrypt( 2309): 	at libcore.io.Posix.setsockoptTimeval(Native Method)
W/Conscrypt( 2309): 	at libcore.io.ForwardingOs.setsockoptTimeval(ForwardingOs.java:147)
W/Conscrypt( 2058): Could not set socket write timeout: java.lang.reflect.InvocationTargetException
W/Conscrypt( 2058): 	at java.lang.reflect.Method.invoke(Native Method)
W/Conscrypt( 2058): 	at java.lang.reflect.Method.invoke(Method.java:372)
W/Conscrypt( 2058): Caused by: android.system.ErrnoException: setsockopt failed: EBADF (Bad file number)
W/art     ( 4216): Attempt to remove local handle scope entry from IRT, ignoring
W/Conscrypt( 2058): 	at libcore.io.Posix.setsockoptTimeval(Native Method)
W/Conscrypt( 2058): 	at libcore.io.ForwardingOs.setsockoptTimeval(ForwardingOs.java:147)
W/AwContents( 4216): onDetachedFromWindow called when already detached. Ignoring
W/art     ( 4216): Attempt to remove local handle scope entry from IRT, ignoring
W/Conscrypt( 2309): Could not set socket write timeout: java.lang.reflect.InvocationTargetException
W/Conscrypt( 2309): 	at java.lang.reflect.Method.invoke(Native Method)
W/Conscrypt( 2309): 	at java.lang.reflect.Method.invoke(Method.java:372)
W/Conscrypt( 2309): Caused by: android.system.ErrnoException: setsockopt failed: EBADF (Bad file number)
W/Conscrypt( 2309): 	at libcore.io.Posix.setsockoptTimeval(Native Method)
W/Conscrypt( 2309): 	at libcore.io.ForwardingOs.setsockoptTimeval(ForwardingOs.java:147)
I/art     ( 4216): Background partial concurrent mark sweep GC freed 3657(210KB) AllocSpace objects, 8(704KB) LOS objects, 20% free, 15MB/19MB, paused 8.267ms total 15.580ms
I/EventLogChimeraService( 2309): Aggregate from 1524538615933 (log), 1524538615933 (data)
I/LatinIME:LogUtils( 1766): Dictionary info: dictionary = UserHistoryDictionary.en_US ; version = 1523744219 ; date = 1524539876
I/adxg    ( 2058): Scheduling adaptive one off task with window [14400, 604800] in seconds -- metadata{ service_id: 51 }
W/AudioTrack( 1541): AUDIO_OUTPUT_FLAG_FAST denied by client
W/ResourceType( 1703): No package identifier when getting value for resource number 0x00000000
W/PackageManager( 1703): Failure retrieving resources for com.kolesnik.pregnancy: Resource ID #0x0
I/ActivityManager( 1541): START u0 {act=com.android.systemui.recents.SHOW_RECENTS flg=0x10804000 cmp=com.android.systemui/.recents.RecentsActivity} from uid 10012 on display 0
D/gralloc ( 1164): Registering a buffer in the process that created it. This may cause memory ordering problems.
I/Choreographer( 4216): Skipped 33 frames!  The application may be doing too much work on its main thread.
W/art     ( 1541): Long monitor contention event with owner method=void com.android.server.wm.WindowManagerService$H.handleMessage(android.os.Message) from WindowManagerService.java:7696 waiters=0 for 120ms
W/ResourceType( 1703): No package identifier when getting value for resource number 0x00000000
W/PackageManager( 1703): Failure retrieving resources for com.kolesnik.pregnancy: Resource ID #0x0
W/InputMethodManagerService( 1541): Starting input on non-focused client com.android.internal.view.IInputMethodClient$Stub$Proxy@3a566772 (uid=10059 pid=4216)
I/Choreographer( 4216): Skipped 56 frames!  The application may be doing too much work on its main thread.
E/BufferQueueProducer( 1164): [com.kolesnik.pregnancy/com.kolesnik.pregnancy.Main] cancelBuffer: slot 0 is not owned by the producer (state = 3)
I/Ads     ( 4216): Scheduling ad refresh 30000 milliseconds from now.
I/DynamiteModule( 4216): Considering local module com.google.android.gms.ads.dynamite:0 and remote module com.google.android.gms.ads.dynamite:273
I/DynamiteModule( 4216): Selected remote version of com.google.android.gms.ads.dynamite, version >= 273
I/Ads     ( 4216): Ad finished loading.
I/de.vogella.android.widget.example( 4216): Called
W/de.vogella.android.widget.example( 4216): From Intent0
W/de.vogella.android.widget.example( 4216): Direct0
D/TaskPersister( 1541): removeObsoleteFile: deleting file=58_task.xml
D/TaskPersister( 1541): removeObsoleteFile: deleting file=58_task_thumbnail.png
I/Ads     ( 4216): Ad is not visible. Not refreshing ad.
I/Ads     ( 4216): Scheduling ad refresh 60000 milliseconds from now.
I/Ads     ( 4216): Ad is not visible. Not refreshing ad.
I/Ads     ( 4216): Scheduling ad refresh 60000 milliseconds from now.
I/Ads     ( 4216): Ad is not visible. Not refreshing ad.
I/Ads     ( 4216): Scheduling ad refresh 60000 milliseconds from now.
I/Ads     ( 4216): Ad is not visible. Not refreshing ad.
I/Ads     ( 4216): Scheduling ad refresh 60000 milliseconds from now.
