W/Herrevad( 2309): java.util.concurrent.ExecutionException: com.android.volley.ServerError
W/Herrevad( 2309): 	at com.android.volley.toolbox.RequestFuture.a(com.google.android.gms@12221280@12.2.21 (280-188803320):4)
W/Herrevad( 2309): 	at com.android.volley.toolbox.RequestFuture.get(com.google.android.gms@12221280@12.2.21 (280-188803320):2)
W/Herrevad( 2309): 	at com.google.android.gms.herrevad.services.RemoteReportsRefreshChimeraService.a(com.google.android.gms@12221280@12.2.21 (280-188803320):25)
W/Herrevad( 2309): 	at com.google.android.gms.herrevad.services.RemoteReportsRefreshChimeraService.a(com.google.android.gms@12221280@12.2.21 (280-188803320):33)
W/Herrevad( 2309): 	at ufd.run(com.google.android.gms@12221280@12.2.21 (280-188803320):1)
W/Herrevad( 2309): 	at java.util.concurrent.ThreadPoolExecutor.runWorker(ThreadPoolExecutor.java:1112)
W/Herrevad( 2309): 	at java.util.concurrent.ThreadPoolExecutor$Worker.run(ThreadPoolExecutor.java:587)
W/Herrevad( 2309): 	at java.lang.Thread.run(Thread.java:818)
W/Herrevad( 2309): Caused by: com.android.volley.ServerError
W/Herrevad( 2309): 	at com.android.volley.toolbox.BasicNetwork.performRequest(com.google.android.gms@12221280@12.2.21 (280-188803320):36)
W/Herrevad( 2309): 	at neh.performRequest(com.google.android.gms@12221280@12.2.21 (280-188803320):8)
W/Herrevad( 2309): 	at com.android.volley.NetworkDispatcher.a(com.google.android.gms@12221280@12.2.21 (280-188803320):7)
W/Herrevad( 2309): 	at com.android.volley.NetworkDispatcher.run(com.google.android.gms@12221280@12.2.21 (280-188803320):2)
I/art     ( 2309): Explicit concurrent mark sweep GC freed 43348(2MB) AllocSpace objects, 6(96KB) LOS objects, 14% free, 23MB/27MB, paused 414us total 22.296ms
I/EventLogChimeraService( 2309): Aggregate from 1524530334293 (log), 1524530334293 (data)
I/art     ( 2598): Rejecting re-init on previously-failed class java.lang.Class<com.google.ccc.abuse.droidguard.DroidGuard>
E/DG      ( 2598): FSC error
E/DG      ( 2598): qlf: java.lang.UnsatisfiedLinkError: com.google.ccc.abuse.droidguard.DroidGuard
E/DG      ( 2598): 	at qlj.<init>(com.google.android.gms@12221280@12.2.21 (280-188803320):9)
E/DG      ( 2598): 	at qlj.<init>(com.google.android.gms@12221280@12.2.21 (280-188803320):4)
E/DG      ( 2598): 	at qli.a(com.google.android.gms@12221280@12.2.21 (280-188803320):26)
E/DG      ( 2598): 	at com.google.android.gms.droidguard.DroidGuardChimeraService.onHandleIntent(com.google.android.gms@12221280@12.2.21 (280-188803320):25)
E/DG      ( 2598): 	at csg.handleMessage(com.google.android.gms@12221280@12.2.21 (280-188803320))
E/DG      ( 2598): 	at android.os.Handler.dispatchMessage(Handler.java:102)
E/DG      ( 2598): 	at android.os.Looper.loop(Looper.java:135)
E/DG      ( 2598): 	at android.os.HandlerThread.run(HandlerThread.java:61)
E/DG      ( 2598): Caused by: java.lang.UnsatisfiedLinkError: com.google.ccc.abuse.droidguard.DroidGuard
E/DG      ( 2598): 	at java.lang.reflect.Constructor.newInstance(Native Method)
E/DG      ( 2598): 	at java.lang.reflect.Constructor.newInstance(Constructor.java:288)
E/DG      ( 2598): 	at qlj.<init>(com.google.android.gms@12221280@12.2.21 (280-188803320):7)
E/DG      ( 2598): 	... 7 more
W/BatteryStatsImpl( 1541): Couldn't get kernel wake lock stats
I/ProcessStatsService( 1541): Prepared write state in 1ms
I/ProcessStatsService( 1541): Prepared write state in 1ms
I/chromium( 2309): [INFO:CONSOLE(0)] "Application Cache Checking event", source: https://googleads.g.doubleclick.net/mads/static/mad/sdk/native/sdk-core-v40-loader.html (0)
I/chromium( 2309): [INFO:CONSOLE(0)] "Application Cache NoUpdate event", source: https://googleads.g.doubleclick.net/mads/static/mad/sdk/native/sdk-core-v40-loader.html (0)
V/BackupManagerService( 1541): Running a backup pass
V/BackupManagerService( 1541): Backup requested but nothing pending
E/Herrevad( 2309): [429] RemoteReportsRefreshChimeraService.a: want to send authenticated request, but no Google account on device
W/Conscrypt( 2309): Could not set socket write timeout: java.lang.reflect.InvocationTargetException
W/Conscrypt( 2309): 	at java.lang.reflect.Method.invoke(Native Method)
W/Conscrypt( 2309): 	at java.lang.reflect.Method.invoke(Method.java:372)
W/Conscrypt( 2309): Caused by: android.system.ErrnoException: setsockopt failed: EBADF (Bad file number)
W/Conscrypt( 2309): 	at libcore.io.Posix.setsockoptTimeval(Native Method)
W/Conscrypt( 2309): 	at libcore.io.ForwardingOs.setsockoptTimeval(ForwardingOs.java:147)
W/Conscrypt( 2058): Could not set socket write timeout: java.lang.reflect.InvocationTargetException
W/Conscrypt( 2058): 	at java.lang.reflect.Method.invoke(Native Method)
W/Conscrypt( 2058): 	at java.lang.reflect.Method.invoke(Method.java:372)
W/Conscrypt( 2058): Caused by: android.system.ErrnoException: setsockopt failed: EBADF (Bad file number)
W/Conscrypt( 2058): 	at libcore.io.Posix.setsockoptTimeval(Native Method)
W/Conscrypt( 2058): 	at libcore.io.ForwardingOs.setsockoptTimeval(ForwardingOs.java:147)
W/Conscrypt( 2309): Could not set socket write timeout: java.lang.reflect.InvocationTargetException
W/Conscrypt( 2309): 	at java.lang.reflect.Method.invoke(Native Method)
W/Conscrypt( 2309): 	at java.lang.reflect.Method.invoke(Method.java:372)
W/Conscrypt( 2309): Caused by: android.system.ErrnoException: setsockopt failed: EBADF (Bad file number)
W/Conscrypt( 2309): 	at libcore.io.Posix.setsockoptTimeval(Native Method)
W/Conscrypt( 2309): 	at libcore.io.ForwardingOs.setsockoptTimeval(ForwardingOs.java:147)
W/Conscrypt( 2058): Could not set socket write timeout: java.lang.reflect.InvocationTargetException
W/Conscrypt( 2058): 	at java.lang.reflect.Method.invoke(Native Method)
W/Conscrypt( 2058): 	at java.lang.reflect.Method.invoke(Method.java:372)
W/Conscrypt( 2058): Caused by: android.system.ErrnoException: setsockopt failed: EBADF (Bad file number)
W/Conscrypt( 2058): 	at libcore.io.Posix.setsockoptTimeval(Native Method)
W/Conscrypt( 2058): 	at libcore.io.ForwardingOs.setsockoptTimeval(ForwardingOs.java:147)
E/Volley  ( 2309): [137] BasicNetwork.performRequest: Unexpected response code 307 for https://android.googleapis.com/nova/herrevad/network_quality_info
W/Herrevad( 2309): [429] RemoteReportsRefreshChimeraService.a: java.util.concurrent.ExecutionException: com.android.volley.ServerError
W/Herrevad( 2309): java.util.concurrent.ExecutionException: com.android.volley.ServerError
W/Herrevad( 2309): 	at com.android.volley.toolbox.RequestFuture.a(com.google.android.gms@12221280@12.2.21 (280-188803320):4)
W/Herrevad( 2309): 	at com.android.volley.toolbox.RequestFuture.get(com.google.android.gms@12221280@12.2.21 (280-188803320):2)
W/Herrevad( 2309): 	at com.google.android.gms.herrevad.services.RemoteReportsRefreshChimeraService.a(com.google.android.gms@12221280@12.2.21 (280-188803320):25)
W/Herrevad( 2309): 	at com.google.android.gms.herrevad.services.RemoteReportsRefreshChimeraService.a(com.google.android.gms@12221280@12.2.21 (280-188803320):33)
W/Herrevad( 2309): 	at ufd.run(com.google.android.gms@12221280@12.2.21 (280-188803320):1)
W/Herrevad( 2309): 	at java.util.concurrent.ThreadPoolExecutor.runWorker(ThreadPoolExecutor.java:1112)
W/Herrevad( 2309): 	at java.util.concurrent.ThreadPoolExecutor$Worker.run(ThreadPoolExecutor.java:587)
W/Herrevad( 2309): 	at java.lang.Thread.run(Thread.java:818)
W/Herrevad( 2309): Caused by: com.android.volley.ServerError
W/Herrevad( 2309): 	at com.android.volley.toolbox.BasicNetwork.performRequest(com.google.android.gms@12221280@12.2.21 (280-188803320):36)
W/Herrevad( 2309): 	at neh.performRequest(com.google.android.gms@12221280@12.2.21 (280-188803320):8)
W/Herrevad( 2309): 	at com.android.volley.NetworkDispatcher.a(com.google.android.gms@12221280@12.2.21 (280-188803320):7)
W/Herrevad( 2309): 	at com.android.volley.NetworkDispatcher.run(com.google.android.gms@12221280@12.2.21 (280-188803320):2)
W/BatteryStatsImpl( 1541): Couldn't get kernel wake lock stats
I/EventLogChimeraService( 2309): Aggregate from 1524532014369 (log), 1524532014369 (data)
I/art     ( 2598): Rejecting re-init on previously-failed class java.lang.Class<com.google.ccc.abuse.droidguard.DroidGuard>
W/Conscrypt( 2058): Could not set socket write timeout: java.lang.reflect.InvocationTargetException
W/Conscrypt( 2058): 	at java.lang.reflect.Method.invoke(Native Method)
W/Conscrypt( 2058): 	at java.lang.reflect.Method.invoke(Method.java:372)
W/Conscrypt( 2058): Caused by: android.system.ErrnoException: setsockopt failed: EBADF (Bad file number)
W/Conscrypt( 2058): 	at libcore.io.Posix.setsockoptTimeval(Native Method)
W/Conscrypt( 2058): 	at libcore.io.ForwardingOs.setsockoptTimeval(ForwardingOs.java:147)
W/Conscrypt( 2058): Could not set socket write timeout: java.lang.reflect.InvocationTargetException
W/Conscrypt( 2058): 	at java.lang.reflect.Method.invoke(Native Method)
W/Conscrypt( 2058): 	at java.lang.reflect.Method.invoke(Method.java:372)
W/Conscrypt( 2058): Caused by: android.system.ErrnoException: setsockopt failed: EBADF (Bad file number)
W/Conscrypt( 2058): 	at libcore.io.Posix.setsockoptTimeval(Native Method)
W/Conscrypt( 2058): 	at libcore.io.ForwardingOs.setsockoptTimeval(ForwardingOs.java:147)
W/GLSUser ( 2058): [AppCertManager] IOException while requesting key: 
W/GLSUser ( 2058): java.io.IOException: Invalid device key response.
W/GLSUser ( 2058): 	at gcl.a(com.google.android.gms@12221280@12.2.21 (280-188803320):12)
W/GLSUser ( 2058): 	at gcl.a(com.google.android.gms@12221280@12.2.21 (280-188803320):64)
W/GLSUser ( 2058): 	at gcj.a(com.google.android.gms@12221280@12.2.21 (280-188803320):8)
W/GLSUser ( 2058): 	at gcf.a(com.google.android.gms@12221280@12.2.21 (280-188803320):1)
W/GLSUser ( 2058): 	at gce.a(com.google.android.gms@12221280@12.2.21 (280-188803320):10)
W/GLSUser ( 2058): 	at com.google.android.gms.auth.account.be.legacy.AuthCronChimeraService.b(com.google.android.gms@12221280@12.2.21 (280-188803320):7)
W/GLSUser ( 2058): 	at ffh.call(com.google.android.gms@12221280@12.2.21 (280-188803320):3)
W/GLSUser ( 2058): 	at java.util.concurrent.FutureTask.run(FutureTask.java:237)
W/GLSUser ( 2058): 	at nkk.run(com.google.android.gms@12221280@12.2.21 (280-188803320):26)
W/GLSUser ( 2058): 	at java.util.concurrent.ThreadPoolExecutor.runWorker(ThreadPoolExecutor.java:1112)
W/GLSUser ( 2058): 	at java.util.concurrent.ThreadPoolExecutor$Worker.run(ThreadPoolExecutor.java:587)
W/GLSUser ( 2058): 	at nqh.run(com.google.android.gms@12221280@12.2.21 (280-188803320))
W/GLSUser ( 2058): 	at java.lang.Thread.run(Thread.java:818)
I/ProcessStatsService( 1541): Prepared write state in 1ms
I/ProcessStatsService( 1541): Prepared write state in 1ms
D/MDnsDS  ( 1169): MDnsSdListener::Monitor poll timed out
D/MDnsDS  ( 1169): Going to poll with pollCount 1
W/BatteryStatsImpl( 1541): Couldn't get kernel wake lock stats
I/EntropyMixer( 1541): Writing entropy...
I/chromium( 2309): [INFO:CONSOLE(0)] "Application Cache Checking event", source: https://googleads.g.doubleclick.net/mads/static/mad/sdk/native/sdk-core-v40-loader.html (0)
I/chromium( 2309): [INFO:CONSOLE(0)] "Application Cache NoUpdate event", source: https://googleads.g.doubleclick.net/mads/static/mad/sdk/native/sdk-core-v40-loader.html (0)
I/ProcessStatsService( 1541): Prepared write state in 2ms
I/ProcessStatsService( 1541): Prepared write state in 0ms
I/EventLogChimeraService( 2309): Aggregate from 1524534295685 (log), 1524534295685 (data)
E/Herrevad( 2309): [443] RemoteReportsRefreshChimeraService.a: want to send authenticated request, but no Google account on device
W/Conscrypt( 2309): Could not set socket write timeout: java.lang.reflect.InvocationTargetException
W/Conscrypt( 2309): 	at java.lang.reflect.Method.invoke(Native Method)
W/Conscrypt( 2309): 	at java.lang.reflect.Method.invoke(Method.java:372)
W/Conscrypt( 2309): Caused by: android.system.ErrnoException: setsockopt failed: EBADF (Bad file number)
W/Conscrypt( 2309): 	at libcore.io.Posix.setsockoptTimeval(Native Method)
W/Conscrypt( 2309): 	at libcore.io.ForwardingOs.setsockoptTimeval(ForwardingOs.java:147)
W/Conscrypt( 2309): Could not set socket write timeout: java.lang.reflect.InvocationTargetException
W/Conscrypt( 2309): 	at java.lang.reflect.Method.invoke(Native Method)
W/Conscrypt( 2309): 	at java.lang.reflect.Method.invoke(Method.java:372)
W/Conscrypt( 2309): Caused by: android.system.ErrnoException: setsockopt failed: EBADF (Bad file number)
W/Conscrypt( 2309): 	at libcore.io.Posix.setsockoptTimeval(Native Method)
W/Conscrypt( 2309): 	at libcore.io.ForwardingOs.setsockoptTimeval(ForwardingOs.java:147)
W/Conscrypt( 2058): Could not set socket write timeout: java.lang.reflect.InvocationTargetException
W/Conscrypt( 2058): 	at java.lang.reflect.Method.invoke(Native Method)
W/Conscrypt( 2058): 	at java.lang.reflect.Method.invoke(Method.java:372)
W/Conscrypt( 2058): Caused by: android.system.ErrnoException: setsockopt failed: EBADF (Bad file number)
W/Conscrypt( 2058): 	at libcore.io.Posix.setsockoptTimeval(Native Method)
W/Conscrypt( 2058): 	at libcore.io.ForwardingOs.setsockoptTimeval(ForwardingOs.java:147)
E/Volley  ( 2309): [132] BasicNetwork.performRequest: Unexpected response code 307 for https://android.googleapis.com/nova/herrevad/network_quality_info
W/Herrevad( 2309): [443] RemoteReportsRefreshChimeraService.a: java.util.concurrent.ExecutionException: com.android.volley.ServerError
W/Herrevad( 2309): java.util.concurrent.ExecutionException: com.android.volley.ServerError
W/Herrevad( 2309): 	at com.android.volley.toolbox.RequestFuture.a(com.google.android.gms@12221280@12.2.21 (280-188803320):4)
W/Herrevad( 2309): 	at com.android.volley.toolbox.RequestFuture.get(com.google.android.gms@12221280@12.2.21 (280-188803320):2)
W/Herrevad( 2309): 	at com.google.android.gms.herrevad.services.RemoteReportsRefreshChimeraService.a(com.google.android.gms@12221280@12.2.21 (280-188803320):25)
W/Herrevad( 2309): 	at com.google.android.gms.herrevad.services.RemoteReportsRefreshChimeraService.a(com.google.android.gms@12221280@12.2.21 (280-188803320):33)
W/Herrevad( 2309): 	at ufd.run(com.google.android.gms@12221280@12.2.21 (280-188803320):1)
W/Herrevad( 2309): 	at java.util.concurrent.ThreadPoolExecutor.runWorker(ThreadPoolExecutor.java:1112)
W/Herrevad( 2309): 	at java.util.concurrent.ThreadPoolExecutor$Worker.run(ThreadPoolExecutor.java:587)
W/Herrevad( 2309): 	at java.lang.Thread.run(Thread.java:818)
W/Herrevad( 2309): Caused by: com.android.volley.ServerError
W/Herrevad( 2309): 	at com.android.volley.toolbox.BasicNetwork.performRequest(com.google.android.gms@12221280@12.2.21 (280-188803320):36)
W/Herrevad( 2309): 	at neh.performRequest(com.google.android.gms@12221280@12.2.21 (280-188803320):8)
W/Herrevad( 2309): 	at com.android.volley.NetworkDispatcher.a(com.google.android.gms@12221280@12.2.21 (280-188803320):7)
W/Herrevad( 2309): 	at com.android.volley.NetworkDispatcher.run(com.google.android.gms@12221280@12.2.21 (280-188803320):2)
W/Conscrypt( 2058): Could not set socket write timeout: java.lang.reflect.InvocationTargetException
W/Conscrypt( 2058): 	at java.lang.reflect.Method.invoke(Native Method)
W/Conscrypt( 2058): 	at java.lang.reflect.Method.invoke(Method.java:372)
W/Conscrypt( 2058): Caused by: android.system.ErrnoException: setsockopt failed: EBADF (Bad file number)
W/Conscrypt( 2058): 	at libcore.io.Posix.setsockoptTimeval(Native Method)
W/Conscrypt( 2058): 	at libcore.io.ForwardingOs.setsockoptTimeval(ForwardingOs.java:147)
V/BackupManagerService( 1541): Running a backup pass
V/BackupManagerService( 1541): Backup requested but nothing pending
W/BatteryStatsImpl( 1541): Couldn't get kernel wake lock stats
I/ProcessStatsService( 1541): Prepared write state in 0ms
I/ProcessStatsService( 1541): Prepared write state in 0ms
I/EventLogChimeraService( 2309): Aggregate from 1524536455767 (log), 1524536455767 (data)
I/art     ( 2309): Explicit concurrent mark sweep GC freed 33707(1707KB) AllocSpace objects, 7(112KB) LOS objects, 14% free, 23MB/27MB, paused 491us total 27.629ms
I/art     ( 2598): Rejecting re-init on previously-failed class java.lang.Class<com.google.ccc.abuse.droidguard.DroidGuard>
W/ConfigurationChimeraPro( 2058): Got null configs for com.google.android.gms.common_auth -- metadata{ service_id: 51 }
I/Auth    ( 2058): [ReflectiveChannelBinder] Successfully bound channel!
W/Conscrypt( 2058): Could not set socket write timeout: java.lang.reflect.InvocationTargetException
W/Conscrypt( 2058): 	at java.lang.reflect.Method.invoke(Native Method)
W/Conscrypt( 2058): 	at java.lang.reflect.Method.invoke(Method.java:372)
W/Conscrypt( 2058): Caused by: android.system.ErrnoException: setsockopt failed: EBADF (Bad file number)
W/Conscrypt( 2058): 	at libcore.io.Posix.setsockoptTimeval(Native Method)
W/Conscrypt( 2058): 	at libcore.io.ForwardingOs.setsockoptTimeval(ForwardingOs.java:147)
W/Conscrypt( 2058): Could not set socket write timeout: java.lang.reflect.InvocationTargetException
W/Conscrypt( 2058): 	at java.lang.reflect.Method.invoke(Native Method)
W/Conscrypt( 2058): 	at java.lang.reflect.Method.invoke(Method.java:372)
W/Conscrypt( 2058): Caused by: android.system.ErrnoException: setsockopt failed: EBADF (Bad file number)
W/Conscrypt( 2058): 	at libcore.io.Posix.setsockoptTimeval(Native Method)
W/Conscrypt( 2058): 	at libcore.io.ForwardingOs.setsockoptTimeval(ForwardingOs.java:147)
W/GLSUser ( 2058): [AppCertManager] IOException while requesting key: 
W/GLSUser ( 2058): java.io.IOException: Invalid device key response.
W/GLSUser ( 2058): 	at gcl.a(com.google.android.gms@12221280@12.2.21 (280-188803320):12)
W/GLSUser ( 2058): 	at gcl.a(com.google.android.gms@12221280@12.2.21 (280-188803320):64)
W/GLSUser ( 2058): 	at gcj.a(com.google.android.gms@12221280@12.2.21 (280-188803320):8)
W/GLSUser ( 2058): 	at gcf.a(com.google.android.gms@12221280@12.2.21 (280-188803320):1)
W/GLSUser ( 2058): 	at gce.a(com.google.android.gms@12221280@12.2.21 (280-188803320):10)
W/GLSUser ( 2058): 	at com.google.android.gms.auth.account.be.legacy.AuthCronChimeraService.b(com.google.android.gms@12221280@12.2.21 (280-188803320):7)
W/GLSUser ( 2058): 	at ffh.call(com.google.android.gms@12221280@12.2.21 (280-188803320):3)
W/GLSUser ( 2058): 	at java.util.concurrent.FutureTask.run(FutureTask.java:237)
W/GLSUser ( 2058): 	at nkk.run(com.google.android.gms@12221280@12.2.21 (280-188803320):26)
W/GLSUser ( 2058): 	at java.util.concurrent.ThreadPoolExecutor.runWorker(ThreadPoolExecutor.java:1112)
W/GLSUser ( 2058): 	at java.util.concurrent.ThreadPoolExecutor$Worker.run(ThreadPoolExecutor.java:587)
W/GLSUser ( 2058): 	at nqh.run(com.google.android.gms@12221280@12.2.21 (280-188803320))
W/GLSUser ( 2058): 	at java.lang.Thread.run(Thread.java:818)
D/AndroidRuntime( 4203): >>>>>> START com.android.internal.os.RuntimeInit uid 0 <<<<<<
D/AndroidRuntime( 4203): CheckJNI is ON
E/memtrack( 4203): Couldn't load memtrack module (No such file or directory)
E/android.os.Debug( 4203): failed to load memtrack module: -2
D/AndroidRuntime( 4203): Calling main entry com.android.commands.am.Am
I/ActivityManager( 1541): START u0 {flg=0x10000000 cmp=com.kolesnik.pregnancy/.MainActivity} from uid 0 on display 0
V/WindowManager( 1541): addAppToken: AppWindowToken{8bdb2be token=Token{21b19579 ActivityRecord{e2eb240 u0 com.kolesnik.pregnancy/.MainActivity t56}}} to stack=1 task=56 at 0
I/UsageStatsService( 1541): User[0] Rolling over usage stats
I/UsageStatsService( 1541): User[0] Flushing usage stats to disk
D/AndroidRuntime( 4203): Shutting down VM
V/WindowManager( 1541): Adding window Window{24276c7a u0 Starting com.kolesnik.pregnancy} at 3 of 8 (after Window{2ac6ac25 u0 com.google.android.googlequicksearchbox/com.google.android.launcher.GEL})
I/UsageStatsService( 1541): User[0] Rollover scheduled @ 2018-04-24 19:00:00(1524614400000)
I/UsageStatsService( 1541): User[0] Flushing usage stats to disk
I/UsageStatsService( 1541): User[0] Rolling over usage stats complete. Took 15 milliseconds
I/ActivityManager( 1541): Start proc 4216:com.kolesnik.pregnancy/u0a59 for activity com.kolesnik.pregnancy/.MainActivity
I/art     ( 4216): Background partial concurrent mark sweep GC freed 128(18KB) AllocSpace objects, 0(0B) LOS objects, 39% free, 4MB/8MB, paused 5.510ms total 44.266ms
I/ActivityManager( 1541): START u0 {cmp=com.kolesnik.pregnancy/.Main} from uid 10059 on display 0
V/WindowManager( 1541): addAppToken: AppWindowToken{190310d2 token=Token{ee00f5d ActivityRecord{192d1534 u0 com.kolesnik.pregnancy/.Main t56}}} to stack=1 task=56 at 1
V/WindowManager( 1541): Based on layer: Adding window Window{24276c7a u0 Starting com.kolesnik.pregnancy} at 3 of 8
E/BufferQueueProducer( 1164): [com.google.android.googlequicksearchbox/com.google.android.launcher.GEL] cancelBuffer: slot 1 is not owned by the producer (state = 3)
D/ExternalFilename( 4216): sdcard
D/ExternalFilename( 4216): LOST.DIR
D/ExternalFilename( 4216): .android_secure
D/ExternalFilename( 4216): Android
D/ExternalFilename( 4216): cp1_malad.txt
D/ExternalFileContents ( 4216): MTUyNDAyNzQ0NDczNjtsb25naXR1ZGU6MzUuMDtsYXRpdHVkZTo0NS4wCjE1MjQwMjc0NDQ3MzY7SU1FSTowMDAwMDAwMDAwMDAwMDAKMTUyNDAyNzQ0NDczNjthZHZlcnRpc2luZ19pZDpjZmE3MGExMS01ZmZmLTQwZmUtYjI3Yy1lOGU0OTcxYTc0YjYK
D/ExternalFilename( 4216): I'mPregnant
D/ExternalFilename( 4216): SALAD.TXT
D/ExternalFileContents ( 4216): SEVMTE8gSSBBTSBBIFdPUkQgU0FMQUQuCg==
D/ExternalFilename( 4216): data
D/ExternalFilename( 4216): .nomedia
D/ExternalFilename( 4216): com.google.android.gms
D/ExternalFilename( 4216): com.google.android.apps.maps
D/ExternalFilename( 4216): com.android.browser
D/ExternalFilename( 4216): files
D/ExternalFilename( 4216): testdata
D/ExternalFilename( 4216): cache
D/ExternalFilename( 4216): files
D/LocationGuess( 4216): {"as":"AS38 University of Illinois","city":"Urbana","country":"United States","countryCode":"US","isp":"University of Illinois","lat":40.1095,"lon":-88.2123,"org":"University of Illinois","query":"130.126.255.31","region":"IL","regionName":"Illinois","status":"success","timezone":"America/Chicago","zip":"61801"}À€À€À€À€À€À€À€À€À€À€À€À€À€À€À€À€À€À€À€À€À€À€À€À€À€À€À€À€À€À€À€À€À€À€À€À€À€À€À€À€À€À€À€À€À€À€À€À€À€À€À€À€À€À€À€À€À€À€À€À€À€À€À€À€À€À€À€À€À€À€À€À€À€À€À€À€À€À€À€À€À€À€À€À€À€À€À€À€À€À€À€À€À€À€À€À€À€À€À€À€À€À€À€À€À€À€À€À€À€À€À€À€À€À€À€À€À€À€À€À€À€À€À€À€À€À€À€À€À€À€À€À€À€À€À€À€À€À€À€À€À€À€À€À€À€À€À€À€À€À€À€À€À€À€À€À€À€À€À€À€À€À€À€À€À€À€À€À€À€À€À€À€À€À€À€À€À€À€À€À€À€À€À€À€À€À€À€À€À€À€À€À€À€À€À€À€À€À€À€À€À€À€À€À€À€À€À€À€À€À€À€À€À€À€À€À€À€À€À€À€À€À€À€À€À€À€À€À€À€À€À€À€À€À€À€À€À€À€À€À€À€À€À€À€À€À€À€À€À€À€À€À€À€À€À€À€À€À€À€À€À€À€À€À€À€À€À€À€À€À€À€À€À€À€À€À€À€À€À€À€À€À€À€À€À€À€À€À€À€À€À€À€À€À€À€À€À€À€À€À€À€À€À€À€À€À€À€À€À€À€À€À€À€À€À€À€À€À€À€À€À€À€À€À€À€À€À€À€À€À€À€À€À€À€À€À€À€À€À€À€À€À€À€À€À€À€À€À€À€À€À€À€À€À€À€À€À€À€À€À€À€À€À€À€À€À€À€À€À€À€À€À€À€À€À€À€À€À€À€À€À€À€À€À€À€À€À€À€À€À€À€À€À€À€À€À€À€À€À€À€À€À€À€À€À€À€À€À€À€À€À€À€À€À€À€À€À€À€À€À€À€À€À€À€À€À€À€À€À€À€À€À€À€À€À€À€À€À€À€À€À€À€À€À€À€À€À€À€À€À€À€À€À€À€À€À€À€À€À€À€À€À€À€À€À€À€À€À€À€À€À€À€À€À€À€À€À€À€À€À€À€À€À€À€À€À€À€À€À€À€À€À€À€À€À€À€À€À€À€À€À€À€À€À€À€À€À€À€À€À€À€À€À€À€À€À€À€À€À€À€À€À€À€À€À€À€À€À€À€À€À€À€À€À€À€À€À€À€À€À€À€À€À€À€À€À€À€À€À€À€À€À€À€À€À€À€À€À€À€À€À€À€À€À€À€À€À€À€À€À€À€À€À€À€À€À€À€À€À€À€À€À€À€À€À€À€À€À€À€À€À€À€À€À€À€À€À€À€À€À€À€À€À€À€À€À€À€À€À€À€À€À€À€À€À€À€À€À€À€À€À€À€À€À€À€À€À€À€À€À€À€À€À€À€À€À€À€À€À€À€À€À€À€À€À€À€À€À€À€À€À€À€À€À€À€À€À€À€À€À€À€À€À€À€À€À€À€À€À€À€À€À€À€À€À€À€À€À€À€À€À€À€À€À€À€À€À€À€À€À€À€À€À€À€À€À€À€À€À€À€À€À€À€À€À€À€À€À€À€À€À€À€À€À€À€À€À€À€À€À€À€À€À€À€À€À€À€À€À€À€À€À€À€À€À€À€À€À€À€À€À€À€À€À€À€À€À€À€À€À€À€À€À€À€À€À€À€À€À€À€À€À€À€À€À€À€À€À€À€À€À€À€À€À€À€À€À€À€À€À€À€À€À€À€À€À€À€À€À€À€À€À€À€À€À€À€À€À€À€À€À€À€À€À€À€À€À€À€À€À€À€À€À€À€À€À€À€À€À€À€À€À€À€À€À€À€À€À€À€À€À€À€À€À€À€À€À€À€À€À€À€À€À€À€À€À€À€À€À€À€À€À€À€À€À€À€À€À€À€À€À€À€À€À€À€À€À€À€À€À€À€À€À€À€À€À€À€À€À€À€À€À€À€À€À€À€À€À€À€À€À€À€À€À€À€À€À€À€À€À€À€À€À€À€À€À€À€À€À€À€À€À€À€À€À€À€À€À€À€À€À€À€À€À€À€À€À€À€À€À€À€À€À€À€À€À€À€À€À€À€À€À€À€À€À€À€À€À€À€À€À€À€À€À€À€À€À€À€À€À€À€À€À€À€À€À€À€À€À€À€À€À€À€À€À€À€À€À€À€À€À€À€À€À€À€À€À€À€À€À€À€À€À€À€À€À€À€À€À€À€À€À€À€À€À€À€À€À€À€À€À€À€À€À€À€À€À€À€À€À€À€À€À€À€À€À€À€À€À€À€À€À€À€À€À€À€À€À€À€À€À€À€À€À€À€À€À€À€À€À€À€À€À€À€À€À€À€À€À€À€À€À€À€À€À€À€À€À€À€À€À€À€À€À€À€À€À€À€À€À€À€À€À€À€À€À€À€À€À€À€À€À€À€À€À€À€À€À€À€À€À€À€À€À€À€À€À€À€À€À€À€À€À€À€À€À€À€À€À€À€À€À€À€À€À€À€À€À€À€À€À€À€À€À€À€À€À€À€À€À€À€À€À€À€À€À€À€À€À€À€À€À€À€À€À€À€À€À€À€À€À€À€À€À€À€À€À€À€À€À€À€À€À€À€À€À€À€À€À€À€À€À€À€À€À€À€À€À€À€À€À€À€À€À€À€À€À€À€À€À€À€À€À€À€À€À€À€À€À€À€À€À€À€À€À€À€À€À€À€À€À€À€À€À€À€À€À€À€À€À€À€À€À€À€À€À€À€À€À€À€À€À€À€À€À€À€À€À€À€À€À€À€À€À€À€À€À€À€À€À€À€À€À€À€À€À€À€À€À€À€À€À€À€À€À€À€À€À€À€À€À€À€À€À€À€À€À€À€À€À€À€À€À€À€À€À€À€À€À€À€À€À€À€À€À€À€À€À€À€À€À€À€À€À€À€À€À€À€À€À€À€À€À€À€À€À€À€À€À€À€À€À€À€À€À€À€À€À€À€À€À€À€À€À€À€À€À€À€À€À€À€À€À€À€À€À€À€À€À€À€À€À€À€À€À€À€À€À€À€À€À€À€À€À€À€À€À€À€À€À€À€À€À€À€À€À€À€À€À€À€À€À€À€À€À€À€À€À€À€À€À€À€À€À€À€À€À€À€À€À€À€À€À€À€À€À€À€À€À€À€À€À€À€À€À€À€À€À€À€À€À€À€À€À€À€À€À€À€À€À€À€À€À€À€À€À€À€À€À€À€À€À€À€À€À€À€À€À€À€À€À€À€À€À€À€À€À€À€À€À€À€À€À€À€À€À€À€À€À€À€À€À€À€À€À€À€À€À€À€À€À€À€À€À€À€À€À€À€À€À€À€À€À€À€À€À€À€À€À€À€À€À€À€À€À€À€À€À€À€À€À€À€À€À€À€À€À€À€À€À€À€À€À€À€À€À€À€À€À€À€À€À€À€À€À€À€À€À€À€À€À€À€À€À€À€À€À€À€À€À€À€À€À€À€À€À€À€À€À€À€À€À€À€À€À€À€À€À€À€À€À€À€À€À€À€À€À€À€À€À€À€À€À€À€À€À€À€À€À€À€À€À€À€À€À€À€À€À€À€À€À€À€À€À€À€À€À€À€À€À€À€À€À€À€À€À€À€À€À€À€À€À€À€À€À€À€À€À€À€À€À€À€À€À€À€À€À€À€À€À€À€À€À€À€À€À€À€À€À€À€À€À€À€À€À€À€À€À€À€À€À€À€À€À€À€À€À€À€À€À€À€À€À€À€À€À€À€À€À€À€À€À€À€À€À€À€À€À€À€À€À€À€À€À€À€À€À€À€À€À€À€À€À€À€À€À€À€À€À€À€À€À€À€À€À€À€À€À€À€À€À€À€À€À€À€À€À€À€À€À€À€À€À€À€À€À€À€À€À€À€À€À€À€À€À€À€À€À€À€À€À€À€À€À€À€À€À€À€À€À€À€À€À€À€À€À€À€À€À€À€À€À€À€À€À€À€À€À€À€À€À€À€À€À€À€À€À€À€À€À€À€À€À€À€À€À€À€À€À€À€À€À€À€À€À€À€À€À€À€À€À€À€À€À€À€À€À€À€À€À€À€À€À€À€À€À€À€À€À€À€À€À€À€À€À€À€À€À€À€À€À€À€À€À€À€À€À€À€À€À€À€À€À€À€À€À€À€À€À€À€À€À€À€À
W/ResourcesManager( 4216): Asset path '/system/framework/com.android.media.remotedisplay.jar' does not exist or contains no resources.
W/ResourcesManager( 4216): Asset path '/system/framework/com.android.location.provider.jar' does not exist or contains no resources.
D/DynamitePackage( 4216): Instantiated singleton DynamitePackage.
D/DynamitePackage( 4216): Instantiating com.google.android.gms.ads.ChimeraAdManagerCreatorImpl
I/Ads     ( 4216): Starting ad request.
I/Ads     ( 4216): This request is sent from a test device.
I/Ads     ( 4216): Please set theme of AdActivity to @android:style/Theme.Translucent to enable transparent background interstitial ad.
W/ActivityManager( 1541): Bad activity token: android.os.BinderProxy@2e2b6183
W/ActivityManager( 1541): java.lang.ClassCastException: android.os.BinderProxy cannot be cast to com.android.server.am.ActivityRecord$Token
W/ActivityManager( 1541): 	at com.android.server.am.ActivityRecord.forToken(ActivityRecord.java:369)
W/ActivityManager( 1541): 	at com.android.server.am.ActivityRecord.isInStackLocked(ActivityRecord.java:1070)
W/ActivityManager( 1541): 	at com.android.server.am.ActivityRecord.getStackLocked(ActivityRecord.java:1078)
W/ActivityManager( 1541): 	at com.android.server.am.ActivityManagerService.getActivityDisplayId(ActivityManagerService.java:8674)
W/ActivityManager( 1541): 	at android.app.ActivityManagerNative.onTransact(ActivityManagerNative.java:2214)
W/ActivityManager( 1541): 	at com.android.server.am.ActivityManagerService.onTransact(ActivityManagerService.java:2208)
W/ActivityManager( 1541): 	at android.os.Binder.execTransact(Binder.java:446)
W/ActivityManager( 1541): Bad activity token: android.os.BinderProxy@2e2b6183
W/ActivityManager( 1541): java.lang.ClassCastException: android.os.BinderProxy cannot be cast to com.android.server.am.ActivityRecord$Token
W/ActivityManager( 1541): 	at com.android.server.am.ActivityRecord.forToken(ActivityRecord.java:369)
W/ActivityManager( 1541): 	at com.android.server.am.ActivityRecord.isInStackLocked(ActivityRecord.java:1070)
W/ActivityManager( 1541): 	at com.android.server.am.ActivityManagerService.setTaskDescription(ActivityManagerService.java:8339)
W/ActivityManager( 1541): 	at android.app.ActivityManagerNative.onTransact(ActivityManagerNative.java:2278)
W/ActivityManager( 1541): 	at com.android.server.am.ActivityManagerService.onTransact(ActivityManagerService.java:2208)
W/ActivityManager( 1541): 	at android.os.Binder.execTransact(Binder.java:446)
W/ActivityManager( 1541): Bad activity token: android.os.BinderProxy@2e2b6183
W/ActivityManager( 1541): java.lang.ClassCastException: android.os.BinderProxy cannot be cast to com.android.server.am.ActivityRecord$Token
W/ActivityManager( 1541): 	at com.android.server.am.ActivityRecord.forToken(ActivityRecord.java:369)
W/ActivityManager( 1541): 	at com.android.server.am.ActivityRecord.isInStackLocked(ActivityRecord.java:1070)
W/ActivityManager( 1541): 	at com.android.server.am.ActivityManagerService.setTaskDescription(ActivityManagerService.java:8339)
W/ActivityManager( 1541): 	at android.app.ActivityManagerNative.onTransact(ActivityManagerNative.java:2278)
W/ActivityManager( 1541): 	at com.android.server.am.ActivityManagerService.onTransact(ActivityManagerService.java:2208)
W/ActivityManager( 1541): 	at android.os.Binder.execTransact(Binder.java:446)
W/Ads     ( 4216): Invoke Firebase method getInstance error.
W/Ads     ( 4216): The Google Mobile Ads SDK will not integrate with Firebase. Admob/Firebase integration requires the latest Firebase SDK jar, but Firebase SDK is either missing or out of date
W/ActivityManager( 1541): getRunningAppProcesses: caller 10059 does not hold REAL_GET_TASKS; limiting output
I/WebViewFactory( 4216): Loading com.android.webview version 39 (4660545-x86_64) (code 300008)
W/art     ( 1541): Long monitor contention event with owner method=void com.android.server.wm.WindowAnimator$1.run() from WindowAnimator.java:124 waiters=0 for 149ms
W/art     ( 1541): Long monitor contention event with owner method=void com.android.server.am.ActivityManagerService.setRequestedOrientation(android.os.IBinder, int) from ActivityManagerService.java:4234 waiters=0 for 144ms
W/art     ( 1541): Long monitor contention event with owner method=void com.android.server.am.ActivityManagerService.setRequestedOrientation(android.os.IBinder, int) from ActivityManagerService.java:4234 waiters=1 for 137ms
W/art     ( 1541): Long monitor contention event with owner method=void com.android.server.am.ActivityManagerService.setRequestedOrientation(android.os.IBinder, int) from ActivityManagerService.java:4234 waiters=2 for 137ms
I/LibraryLoader( 4216): Time to load native libraries: 1 ms (timestamps 9157-9158)
I/LibraryLoader( 4216): Expected native library version number "",actual native library version number ""
W/art     ( 4216): Attempt to remove local handle scope entry from IRT, ignoring
D/OpenGLRenderer( 4216): Use EGL_SWAP_BEHAVIOR_PRESERVED: true
D/gralloc_ranchu( 4216): Emulator without host-side GPU emulation detected. Loading gralloc.default.so from /vendor/lib64/hw/gralloc.default.so...
D/gralloc_ranchu( 4216): gralloc.default.so not found in /vendor. Trying /system/lib64/hw/gralloc.default.so...
D/Atlas   ( 4216): Validating map...
V/WindowManager( 1541): Adding window Window{3742c38a u0 com.kolesnik.pregnancy/com.kolesnik.pregnancy.FirstPeriodMenu} at 3 of 9 (before Window{24276c7a u0 Starting com.kolesnik.pregnancy})
W/ActivityManager( 1541): Bad activity token: android.os.BinderProxy@2e2b6183
W/ActivityManager( 1541): java.lang.ClassCastException: android.os.BinderProxy cannot be cast to com.android.server.am.ActivityRecord$Token
W/ActivityManager( 1541): 	at com.android.server.am.ActivityRecord.forToken(ActivityRecord.java:369)
W/ActivityManager( 1541): 	at com.android.server.am.ActivityRecord.isInStackLocked(ActivityRecord.java:1070)
W/ActivityManager( 1541): 	at com.android.server.am.ActivityManagerService.getActivityOptions(ActivityManagerService.java:10644)
W/ActivityManager( 1541): 	at android.app.ActivityManagerNative.onTransact(ActivityManagerNative.java:1681)
W/ActivityManager( 1541): 	at com.android.server.am.ActivityManagerService.onTransact(ActivityManagerService.java:2208)
W/ActivityManager( 1541): 	at android.os.Binder.execTransact(Binder.java:446)
W/ActivityManager( 1541): Bad activity token: android.os.BinderProxy@2e2b6183
W/ActivityManager( 1541): java.lang.ClassCastException: android.os.BinderProxy cannot be cast to com.android.server.am.ActivityRecord$Token
W/ActivityManager( 1541): 	at com.android.server.am.ActivityRecord.forToken(ActivityRecord.java:369)
W/ActivityManager( 1541): 	at com.android.server.am.ActivityRecord.isInStackLocked(ActivityRecord.java:1070)
W/ActivityManager( 1541): 	at com.android.server.am.ActivityManagerService.getActivityOptions(ActivityManagerService.java:10644)
W/ActivityManager( 1541): 	at android.app.ActivityManagerNative.onTransact(ActivityManagerNative.java:1681)
W/ActivityManager( 1541): 	at com.android.server.am.ActivityManagerService.onTransact(ActivityManagerService.java:2208)
W/ActivityManager( 1541): 	at android.os.Binder.execTransact(Binder.java:446)
E/fff     ( 4216): 1524538637536
D/ExternalFilename( 4216): sdcard
D/ExternalFilename( 4216): LOST.DIR
D/ExternalFilename( 4216): .android_secure
D/ExternalFilename( 4216): Android
D/ExternalFilename( 4216): cp1_malad.txt
D/ExternalFileContents ( 4216): MTUyNDAyNzQ0NDczNjtsb25naXR1ZGU6MzUuMDtsYXRpdHVkZTo0NS4wCjE1MjQwMjc0NDQ3MzY7SU1FSTowMDAwMDAwMDAwMDAwMDAKMTUyNDAyNzQ0NDczNjthZHZlcnRpc2luZ19pZDpjZmE3MGExMS01ZmZmLTQwZmUtYjI3Yy1lOGU0OTcxYTc0YjYK
D/ExternalFilename( 4216): I'mPregnant
D/ExternalFilename( 4216): SALAD.TXT
D/ExternalFileContents ( 4216): SEVMTE8gSSBBTSBBIFdPUkQgU0FMQUQuCg==
D/ExternalFilename( 4216): data
D/ExternalFilename( 4216): .nomedia
D/ExternalFilename( 4216): com.google.android.gms
D/ExternalFilename( 4216): com.google.android.apps.maps
D/ExternalFilename( 4216): com.android.browser
D/ExternalFilename( 4216): files
D/ExternalFilename( 4216): testdata
D/ExternalFilename( 4216): cache
D/ExternalFilename( 4216): files
D/LocationGuess( 4216): {"as":"AS38 University of Illinois","city":"Urbana","country":"United States","countryCode":"US","isp":"University of Illinois","lat":40.1095,"lon":-88.2123,"org":"University of Illinois","query":"130.126.255.31","region":"IL","regionName":"Illinois","status":"success","timezone":"America/Chicago","zip":"61801"}À€À€À€À€À€À€À€À€À€À€À€À€À€À€À€À€À€À€À€À€À€À€À€À€À€À€À€À€À€À€À€À€À€À€À€À€À€À€À€À€À€À€À€À€À€À€À€À€À€À€À€À€À€À€À€À€À€À€À€À€À€À€À€À€À€À€À€À€À€À€À€À€À€À€À€À€À€À€À€À€À€À€À€À€À€À€À€À€À€À€À€À€À€À€À€À€À€À€À€À€À€À€À€À€À€À€À€À€À€À€À€À€À€À€À€À€À€À€À€À€À€À€À€À€À€À€À€À€À€À€À€À€À€À€À€À€À€À€À€À€À€À€À€À€À€À€À€À€À€À€À€À€À€À€À€À€À€À€À€À€À€À€À€À€À€À€À€À€À€À€À€À€À€À€À€À€À€À€À€À€À€À€À€À€À€À€À€À€À€À€À€À€À€À€À€À€À€À€À€À€À€À€À€À€À€À€À€À€À€À€À€À€À€À€À€À€À€À€À€À€À€À€À€À€À€À€À€À€À€À€À€À€À€À€À€À€À€À€À€À€À€À€À€À€À€À€À€À€À€À€À€À€À€À€À€À€À€À€À€À€À€À€À€À€À€À€À€À€À€À€À€À€À€À€À€À€À€À€À€À€À€À€À€À€À€À€À€À€À€À€À€À€À€À€À€À€À€À€À€À€À€À€À€À€À€À€À€À€À€À€À€À€À€À€À€À€À€À€À€À€À€À€À€À€À€À€À€À€À€À€À€À€À€À€À€À€À€À€À€À€À€À€À€À€À€À€À€À€À€À€À€À€À€À€À€À€À€À€À€À€À€À€À€À€À€À€À€À€À€À€À€À€À€À€À€À€À€À€À€À€À€À€À€À€À€À€À€À€À€À€À€À€À€À€À€À€À€À€À€À€À€À€À€À€À€À€À€À€À€À€À€À€À€À€À€À€À€À€À€À€À€À€À€À€À€À€À€À€À€À€À€À€À€À€À€À€À€À€À€À€À€À€À€À€À€À€À€À€À€À€À€À€À€À€À€À€À€À€À€À€À€À€À€À€À€À€À€À€À€À€À€À€À€À€À€À€À€À€À€À€À€À€À€À€À€À€À€À€À€À€À€À€À€À€À€À€À€À€À€À€À€À€À€À€À€À€À€À€À€À€À€À€À€À€À€À€À€À€À€À€À€À€À€À€À€À€À€À€À€À€À€À€À€À€À€À€À€À€À€À€À€À€À€À€À€À€À€À€À€À€À€À€À€À€À€À€À€À€À€À€À€À€À€À€À€À€À€À€À€À€À€À€À€À€À€À€À€À€À€À€À€À€À€À€À€À€À€À€À€À€À€À€À€À€À€À€À€À€À€À€À€À€À€À€À€À€À€À€À€À€À€À€À€À€À€À€À€À€À€À€À€À€À€À€À€À€À€À€À€À€À€À€À€À€À€À€À€À€À€À€À€À€À€À€À€À€À€À€À€À€À€À€À€À€À€À€À€À€À€À€À€À€À€À€À€À€À€À€À€À€À€À€À€À€À€À€À€À€À€À€À€À€À€À€À€À€À€À€À€À€À€À€À€À€À€À€À€À€À€À€À€À€À€À€À€À€À€À€À€À€À€À€À€À€À€À€À€À€À€À€À€À€À€À€À€À€À€À€À€À€À€À€À€À€À€À€À€À€À€À€À€À€À€À€À€À€À€À€À€À€À€À€À€À€À€À€À€À€À€À€À€À€À€À€À€À€À€À€À€À€À€À€À€À€À€À€À€À€À€À€À€À€À€À€À€À€À€À€À€À€À€À€À€À€À€À€À€À€À€À€À€À€À€À€À€À€À€À€À€À€À€À€À€À€À€À€À€À€À€À€À€À€À€À€À€À€À€À€À€À€À€À€À€À€À€À€À€À€À€À€À€À€À€À€À€À€À€À€À€À€À€À€À€À€À€À€À€À€À€À€À€À€À€À€À€À€À€À€À€À€À€À€À€À€À€À€À€À€À€À€À€À€À€À€À€À€À€À€À€À€À€À€À€À€À€À€À€À€À€À€À€À€À€À€À€À€À€À€À€À€À€À€À€À€À€À€À€À€À€À€À€À€À€À€À€À€À€À€À€À€À€À€À€À€À€À€À€À€À€À€À€À€À€À€À€À€À€À€À€À€À€À€À€À€À€À€À€À€À€À€À€À€À€À€À€À€À€À€À€À€À€À€À€À€À€À€À€À€À€À€À€À€À€À€À€À€À€À€À€À€À€À€À€À€À€À€À€À€À€À€À€À€À€À€À€À€À€À€À€À€À€À€À€À€À€À€À€À€À€À€À€À€À€À€À€À€À€À€À€À€À€À€À€À€À€À€À€À€À€À€À€À€À€À€À€À€À€À€À€À€À€À€À€À€À€À€À€À€À€À€À€À€À€À€À€À€À€À€À€À€À€À€À€À€À€À€À€À€À€À€À€À€À€À€À€À€À€À€À€À€À€À€À€À€À€À€À€À€À€À€À€À€À€À€À€À€À€À€À€À€À€À€À€À€À€À€À€À€À€À€À€À€À€À€À€À€À€À€À€À€À€À€À€À€À€À€À€À€À€À€À€À€À€À€À€À€À€À€À€À€À€À€À€À€À€À€À€À€À€À€À€À€À€À€À€À€À€À€À€À€À€À€À€À€À€À€À€À€À€À€À€À€À€À€À€À€À€À€À€À€À€À€À€À€À€À€À€À€À€À€À€À€À€À€À€À€À€À€À€À€À€À€À€À€À€À€À€À€À€À€À€À€À€À€À€À€À€À€À€À€À€À€À€À€À€À€À€À€À€À€À€À€À€À€À€À€À€À€À€À€À€À€À€À€À€À€À€À€À€À€À€À€À€À€À€À€À€À€À€À€À€À€À€À€À€À€À€À€À€À€À€À€À€À€À€À€À€À€À€À€À€À€À€À€À€À€À€À€À€À€À€À€À€À€À€À€À€À€À€À€À€À€À€À€À€À€À€À€À€À€À€À€À€À€À€À€À€À€À€À€À€À€À€À€À€À€À€À€À€À€À€À€À€À€À€À€À€À€À€À€À€À€À€À€À€À€À€À€À€À€À€À€À€À€À€À€À€À€À€À€À€À€À€À€À€À€À€À€À€À€À€À€À€À€À€À€À€À€À€À€À€À€À€À€À€À€À€À€À€À€À€À€À€À€À€À€À€À€À€À€À€À€À€À€À€À€À€À€À€À€À€À€À€À€À€À€À€À€À€À€À€À€À€À€À€À€À€À€À€À€À€À€À€À€À€À€À€À€À€À€À€À€À€À€À€À€À€À€À€À€À€À€À€À€À€À€À€À€À€À€À€À€À€À€À€À€À€À€À€À€À€À€À€À€À€À€À€À€À€À€À€À€À€À€À€À€À€À€À€À€À€À€À€À€À€À€À€À€À€À€À€À€À€À€À€À€À€À€À€À€À€À€À€À€À€À€À€À€À€À€À€À€À€À€À€À€À€À€À€À€À€À€À€À€À€À€À€À€À€À€À€À€À€À€À€À€À€À€À€À€À€À€À€À€À€À€À€À€À€À€À€À€À€À€À€À€À€À€À€À€À€À€À€À€À€À€À€À€À€À€À€À€À€À€À€À€À€À€À€À€À€À€À€À€À€À€À€À€À€À€À€À€À€À€À€À€À€À€À€À€À€À€À€À€À€À€À€À€À€À€À€À€À€À€À€À€À€À€À€À€À€À€À€À€À€À€À€À€À€À€À€À€À€À€À€À€À€À€À€À€À€À€À€À€À€À€À€À€À€À€À€À€À€À€À€À€À€À€À€À€À€À€À€À€À€À€À€À€À€À€À€À€À€À€À€À€À€À€À€À€À€À€À€À€À€À€À€À€À€À€À€À€À€À€À€À€À€À€À€À€À€À€À€À€À€À€À€À€À€À€À€À€À€À€À€À€À€À€À€À€À€À€À€À€À€À€À€À€À€À€À€À€À€À€À€À€À€À€À€À€À€À€À€À€À€À€À€À€À€À€À€À€À€À€À€À€À€À€À€À€À€À€À€À€À€À€À€À€À€À€À€À€À€À€À€À€À€À€À€À€À€À€À€À€À€À€À€À€À€À€À€À€À€À€À€À€À€À€À€À€À€À€À€À€À€À€À€À€À€À€À€À€À€À€À€À€À€À€À€À€À€À€À€À€À€À€À€À€À€À€À€À€À€À€À€À€À€À€À€À€À€À€À€À€À€À€À€À€À€À€À€À€À€À
D/DynamitePackage( 4216): Instantiating com.google.android.gms.ads.ChimeraAdManagerCreatorImpl
I/Ads     ( 4216): Starting ad request.
I/Ads     ( 4216): This request is sent from a test device.
I/Ads     ( 4216): Please set theme of AdActivity to @android:style/Theme.Translucent to enable transparent background interstitial ad.
W/ActivityManager( 1541): getRunningAppProcesses: caller 10059 does not hold REAL_GET_TASKS; limiting output
E/load    ( 4216): load
V/WindowManager( 1541): Adding window Window{39334e18 u0 com.kolesnik.pregnancy/com.kolesnik.pregnancy.Main} at 3 of 10 (before Window{3742c38a u0 com.kolesnik.pregnancy/com.kolesnik.pregnancy.FirstPeriodMenu})
D/AdId    ( 4216): cfa70a11-5fff-40fe-b27c-e8e4971a74b6
W/Ads     ( 2309): App does not have the required permissions to get location
W/Ads     ( 2309): App does not have the required permissions to get location
W/Herrevad( 2309): [81] vhy.c: Looking up Wifi info on a non-wifi device
E/Herrevad( 2309): [469] RemoteReportsRefreshChimeraService.a: want to send authenticated request, but no Google account on device
I/OpenGLRenderer( 4216): Initialized EGL, version 1.4
D/OpenGLRenderer( 4216): Enabling debug mode 0
W/Conscrypt( 2309): Could not set socket write timeout: java.lang.reflect.InvocationTargetException
W/Conscrypt( 2309): 	at java.lang.reflect.Method.invoke(Native Method)
W/Conscrypt( 2309): 	at java.lang.reflect.Method.invoke(Method.java:372)
W/Conscrypt( 2309): Caused by: android.system.ErrnoException: setsockopt failed: EBADF (Bad file number)
W/Conscrypt( 2309): 	at libcore.io.Posix.setsockoptTimeval(Native Method)
W/Conscrypt( 2309): 	at libcore.io.ForwardingOs.setsockoptTimeval(ForwardingOs.java:147)
I/art     ( 2598): Rejecting re-init on previously-failed class java.lang.Class<com.google.ccc.abuse.droidguard.DroidGuard>
W/Conscrypt( 2309): Could not set socket write timeout: java.lang.reflect.InvocationTargetException
W/Conscrypt( 2309): 	at java.lang.reflect.Method.invoke(Native Method)
W/Conscrypt( 2309): 	at java.lang.reflect.Method.invoke(Method.java:372)
W/Conscrypt( 2309): Caused by: android.system.ErrnoException: setsockopt failed: EBADF (Bad file number)
W/Conscrypt( 2309): 	at libcore.io.Posix.setsockoptTimeval(Native Method)
W/Conscrypt( 2309): 	at libcore.io.ForwardingOs.setsockoptTimeval(ForwardingOs.java:147)
E/Volley  ( 2309): [134] BasicNetwork.performRequest: Unexpected response code 307 for https://android.googleapis.com/nova/herrevad/network_quality_info
W/Herrevad( 2309): [469] RemoteReportsRefreshChimeraService.a: java.util.concurrent.ExecutionException: com.android.volley.ServerError
W/Herrevad( 2309): java.util.concurrent.ExecutionException: com.android.volley.ServerError
W/Herrevad( 2309): 	at com.android.volley.toolbox.RequestFuture.a(com.google.android.gms@12221280@12.2.21 (280-188803320):4)
W/Herrevad( 2309): 	at com.android.volley.toolbox.RequestFuture.get(com.google.android.gms@12221280@12.2.21 (280-188803320):2)
W/Herrevad( 2309): 	at com.google.android.gms.herrevad.services.RemoteReportsRefreshChimeraService.a(com.google.android.gms@12221280@12.2.21 (280-188803320):25)
W/Herrevad( 2309): 	at com.google.android.gms.herrevad.services.ImmediateRemoteReportsRefreshChimeraService.onHandleIntent(com.google.android.gms@12221280@12.2.21 (280-188803320))
W/Herrevad( 2309): 	at csg.handleMessage(com.google.android.gms@12221280@12.2.21 (280-188803320))
W/Herrevad( 2309): 	at android.os.Handler.dispatchMessage(Handler.java:102)
W/Herrevad( 2309): 	at android.os.Looper.loop(Looper.java:135)
W/Herrevad( 2309): 	at android.os.HandlerThread.run(HandlerThread.java:61)
W/Herrevad( 2309): Caused by: com.android.volley.ServerError
W/Herrevad( 2309): 	at com.android.volley.toolbox.BasicNetwork.performRequest(com.google.android.gms@12221280@12.2.21 (280-188803320):36)
W/Herrevad( 2309): 	at neh.performRequest(com.google.android.gms@12221280@12.2.21 (280-188803320):8)
W/Herrevad( 2309): 	at com.android.volley.NetworkDispatcher.a(com.google.android.gms@12221280@12.2.21 (280-188803320):7)
W/Herrevad( 2309): 	at com.android.volley.NetworkDispatcher.run(com.google.android.gms@12221280@12.2.21 (280-188803320):2)
W/Conscrypt( 2309): Could not set socket write timeout: java.lang.reflect.InvocationTargetException
W/Conscrypt( 2309): 	at java.lang.reflect.Method.invoke(Native Method)
W/Conscrypt( 2309): 	at java.lang.reflect.Method.invoke(Method.java:372)
W/Conscrypt( 2309): Caused by: android.system.ErrnoException: setsockopt failed: EBADF (Bad file number)
W/Conscrypt( 2309): 	at libcore.io.Posix.setsockoptTimeval(Native Method)
W/Conscrypt( 2309): 	at libcore.io.ForwardingOs.setsockoptTimeval(ForwardingOs.java:147)
W/Conscrypt( 2309): Could not set socket write timeout: java.lang.reflect.InvocationTargetException
W/Conscrypt( 2309): 	at java.lang.reflect.Method.invoke(Native Method)
W/Conscrypt( 2309): 	at java.lang.reflect.Method.invoke(Method.java:372)
W/Conscrypt( 2309): Caused by: android.system.ErrnoException: setsockopt failed: EBADF (Bad file number)
W/Conscrypt( 2309): 	at libcore.io.Posix.setsockoptTimeval(Native Method)
W/Conscrypt( 2309): 	at libcore.io.ForwardingOs.setsockoptTimeval(ForwardingOs.java:147)
I/ActivityManager( 1541): Displayed com.kolesnik.pregnancy/.Main: +1s687ms (total +1s824ms)
V/WebViewChromiumFactoryProvider( 4216): Binding Chromium to main looper Looper (main, tid 1) {39e00cd6}
I/LibraryLoader( 4216): Expected native library version number "",actual native library version number ""
I/chromium( 4216): [INFO:library_loader_hooks.cc(104)] Chromium logging enabled: level = 0, default verbosity = 0
I/BrowserStartupController( 4216): Initializing chromium process, singleProcess=true
W/art     ( 4216): Attempt to remove local handle scope entry from IRT, ignoring
W/AudioManagerAndroid( 4216): Requires BLUETOOTH permission
W/chromium( 4216): [WARNING:resource_bundle.cc(304)] locale_file_path.empty()
I/chromium( 4216): [INFO:aw_browser_main_parts.cc(65)] Load from apk succesful, fd=52 off=46184 len=3037
I/chromium( 4216): [INFO:aw_browser_main_parts.cc(78)] Loading webviewchromium.pak from, fd:53 off:229484 len:1089587
W/chromium( 4216): [WARNING:data_reduction_proxy_settings.cc(331)] SPDY proxy OFF at startup
W/art     ( 4216): Attempt to remove local handle scope entry from IRT, ignoring
W/AwContents( 4216): onDetachedFromWindow called when already detached. Ignoring
W/art     ( 4216): Attempt to remove local handle scope entry from IRT, ignoring
W/art     ( 4216): Attempt to remove local handle scope entry from IRT, ignoring
W/AwContents( 4216): onDetachedFromWindow called when already detached. Ignoring
W/art     ( 4216): Attempt to remove local handle scope entry from IRT, ignoring
I/Choreographer( 4216): Skipped 33 frames!  The application may be doing too much work on its main thread.
W/DynamiteModule( 4216): Failed to load module via V2: java.lang.ClassNotFoundException: Didn't find class "com.google.android.gms.dynamite.DynamiteModule$DynamiteLoaderClassLoader" on path: DexPathList[[zip file "/data/app/com.kolesnik.pregnancy-2/base.apk"],nativeLibraryDirectories=[/vendor/lib64, /system/lib64]]
I/DynamiteModule( 4216): Considering local module com.google.android.gms.ads.dynamite:0 and remote module com.google.android.gms.ads.dynamite:273
I/DynamiteModule( 4216): Selected remote version of com.google.android.gms.ads.dynamite, version >= 273
I/Ads     ( 4216): Ad finished loading.
I/Ads     ( 4216): Scheduling ad refresh 30000 milliseconds from now.
I/DynamiteModule( 4216): Considering local module com.google.android.gms.ads.dynamite:0 and remote module com.google.android.gms.ads.dynamite:273
I/DynamiteModule( 4216): Selected remote version of com.google.android.gms.ads.dynamite, version >= 273
W/art     ( 4216): Attempt to remove local handle scope entry from IRT, ignoring
W/AwContents( 4216): onDetachedFromWindow called when already detached. Ignoring
W/art     ( 4216): Attempt to remove local handle scope entry from IRT, ignoring
I/Ads     ( 4216): Ad finished loading.
I/chromium( 4216): [INFO:CONSOLE(0)] "Document was loaded from Application Cache with manifest https://googleads.g.doubleclick.net/mads/static/mad/sdk/native/sdk-core-v40-loader.appcache", source: https://googleads.g.doubleclick.net/mads/static/mad/sdk/native/sdk-core-v40-loader.html (0)
I/chromium( 4216): [INFO:CONSOLE(0)] "Application Cache Checking event", source: https://googleads.g.doubleclick.net/mads/static/mad/sdk/native/sdk-core-v40-loader.html (0)
I/chromium( 4216): [INFO:CONSOLE(0)] "Application Cache NoUpdate event", source: https://googleads.g.doubleclick.net/mads/static/mad/sdk/native/sdk-core-v40-loader.html (0)
W/AudioTrack( 1541): AUDIO_OUTPUT_FLAG_FAST denied by client
E/BufferQueueProducer( 1164): [com.kolesnik.pregnancy/com.kolesnik.pregnancy.FirstPeriodMenu] cancelBuffer: slot 2 is not owned by the producer (state = 2)
I/ActivityManager( 1541): START u0 {cmp=com.kolesnik.pregnancy/.Weight} from uid 10059 on display 0
V/WindowManager( 1541): addAppToken: AppWindowToken{28ed4bc0 token=Token{345fc943 ActivityRecord{f6d8ef2 u0 com.kolesnik.pregnancy/.Weight t56}}} to stack=1 task=56 at 2
W/AudioTrack( 1541): AUDIO_OUTPUT_FLAG_FAST denied by client
I/MicrophoneInputStream( 2077): mic_close gzi@39a6031f
I/HotwordRecognitionRnr( 2077): Hotword detection finished
I/HotwordRecognitionRnr( 2077): Stopping hotword detection.
E/        ( 4216): id = 1
E/        ( 4216): id = 2
E/        ( 4216): id = 3
E/        ( 4216): id = 4
E/        ( 4216): id = 5
E/        ( 4216): id = 6
E/        ( 4216): id = 7
E/        ( 4216): id = 1
E/        ( 4216): id = 2
E/        ( 4216): id = 3
E/        ( 4216): id = 4
E/        ( 4216): id = 5
E/        ( 4216): id = 6
E/        ( 4216): id = 7
E/        ( 4216): id = 8
E/        ( 4216): id = 9
E/        ( 4216): id = 10
E/        ( 4216): id = 11
E/        ( 4216): id = 1
E/        ( 4216): id = 2
E/        ( 4216): id = 3
E/        ( 4216): id = 4
E/        ( 4216): id = 5
E/        ( 4216): id = 6
E/        ( 4216): id = 7
E/        ( 4216): id = 8
E/        ( 4216): id = 9
E/        ( 4216): id = 10
E/        ( 4216): id = 11
E/        ( 4216): id = 12
E/        ( 4216): id = 13
E/        ( 4216): id = 14
E/        ( 4216): id = 15
E/        ( 4216): id = 16
E/        ( 4216): id = 17
E/        ( 4216): id = 18
E/        ( 4216): id = 19
E/        ( 4216): id = 20
E/        ( 4216): id = 21
E/        ( 4216): id = 22
E/        ( 4216): id = 23
E/        ( 4216): id = 24
E/        ( 4216): id = 25
E/        ( 4216): id = 26
E/        ( 4216): id = 27
E/        ( 4216): id = 28
E/        ( 4216): id = 29
E/        ( 4216): id = 30
E/bmi3    ( 4216): bmi3
V/WindowManager( 1541): Adding window Window{c41a83e u0 com.kolesnik.pregnancy/com.kolesnik.pregnancy.Weight} at 4 of 9 (after Window{39334e18 u0 com.kolesnik.pregnancy/com.kolesnik.pregnancy.Main})
I/Choreographer( 4216): Skipped 41 frames!  The application may be doing too much work on its main thread.
I/ActivityManager( 1541): Displayed com.kolesnik.pregnancy/.Weight: +1s239ms
W/ActivityManager( 1541): Launch timeout has expired, giving up wake lock!
E/BufferQueueProducer( 1164): [com.kolesnik.pregnancy/com.kolesnik.pregnancy.Main] cancelBuffer: slot 0 is not owned by the producer (state = 3)
I/de.vogella.android.widget.example( 4216): Called
W/de.vogella.android.widget.example( 4216): From Intent0
W/de.vogella.android.widget.example( 4216): Direct0
W/AudioTrack( 1541): AUDIO_OUTPUT_FLAG_FAST denied by client
I/ActivityManager( 1541): START u0 {cmp=com.kolesnik.pregnancy/com.google.android.gms.ads.AdActivity (has extras)} from uid 10059 on display 0
V/WindowManager( 1541): addAppToken: AppWindowToken{3af5858f token=Token{17469cee ActivityRecord{29600a69 u0 com.kolesnik.pregnancy/com.google.android.gms.ads.AdActivity t56}}} to stack=1 task=56 at 2
E/show    ( 4216): show
W/ActivityManager( 1541): Bad activity token: android.os.BinderProxy@2e2b6183
